Component: ARM Compiler 6.15 Tool: armlink [5dd79300]

==============================================================================

Section Cross References

    advancedchargealgorithm.o(.text.VoltageRangeJudge) refers to ram.o(.bss.V_min) for V_min
    advancedchargealgorithm.o(.text.VoltageRangeJudge) refers to ram.o(.bss.nChargingStatus) for nChargingStatus
    advancedchargealgorithm.o(.text.VoltageRangeJudge) refers to ram.o(.bss.V_max) for V_max
    advancedchargealgorithm.o(.text.VoltageRangeJudge) refers to advancedchargealgorithm.o(.bss.CellVoltRange) for CellVoltRange
    advancedchargealgorithm.o(.text.VoltageRangeJudge) refers to sbs_commands.o(.bss._BatteryStatus) for _BatteryStatus
    advancedchargealgorithm.o(.text.VoltageRangeJudge) refers to data_flash_value.o(.ARM.__at_0x08032000) for flashdata
    advancedchargealgorithm.o(.ARM.exidx.text.VoltageRangeJudge) refers to advancedchargealgorithm.o(.text.VoltageRangeJudge) for [Anonymous Symbol]
    advancedchargealgorithm.o(.text.TemperatureRangeJudge) refers to fflti.o(.text) for __aeabi_i2f
    advancedchargealgorithm.o(.text.TemperatureRangeJudge) refers to fcmpge.o(.text) for __aeabi_fcmpge
    advancedchargealgorithm.o(.text.TemperatureRangeJudge) refers to fcmple.o(.text) for __aeabi_fcmple
    advancedchargealgorithm.o(.text.TemperatureRangeJudge) refers to fcmpgt.o(.text) for __aeabi_fcmpgt
    advancedchargealgorithm.o(.text.TemperatureRangeJudge) refers to ram.o(.bss.Ts_max) for Ts_max
    advancedchargealgorithm.o(.text.TemperatureRangeJudge) refers to ram.o(.bss.nChargingStatus) for nChargingStatus
    advancedchargealgorithm.o(.text.TemperatureRangeJudge) refers to data_flash_value.o(.ARM.__at_0x08032000) for flashdata
    advancedchargealgorithm.o(.ARM.exidx.text.TemperatureRangeJudge) refers to advancedchargealgorithm.o(.text.TemperatureRangeJudge) for [Anonymous Symbol]
    advancedchargealgorithm.o(.text.Charge_Inhibit) refers to ram.o(.bss.nChargingStatus) for nChargingStatus
    advancedchargealgorithm.o(.text.Charge_Inhibit) refers to advancedchargealgorithm.o(.bss.smartchgcrl) for smartchgcrl
    advancedchargealgorithm.o(.text.Charge_Inhibit) refers to ram.o(.bss.nGaugingStatus) for nGaugingStatus
    advancedchargealgorithm.o(.text.Charge_Inhibit) refers to sbs_commands.o(.bss._ChargingCurrent) for _ChargingCurrent
    advancedchargealgorithm.o(.text.Charge_Inhibit) refers to data_flash_value.o(.ARM.__at_0x08032000) for flashdata
    advancedchargealgorithm.o(.ARM.exidx.text.Charge_Inhibit) refers to advancedchargealgorithm.o(.text.Charge_Inhibit) for [Anonymous Symbol]
    advancedchargealgorithm.o(.text.Charge_Suspend) refers to ram.o(.bss.nChargingStatus) for nChargingStatus
    advancedchargealgorithm.o(.text.Charge_Suspend) refers to sbs_commands.o(.bss._ChargingCurrent) for _ChargingCurrent
    advancedchargealgorithm.o(.text.Charge_Suspend) refers to sbs_commands.o(.bss._ChargingVoltage) for _ChargingVoltage
    advancedchargealgorithm.o(.text.Charge_Suspend) refers to advancedchargealgorithm.o(.bss.smartchgcrl) for smartchgcrl
    advancedchargealgorithm.o(.text.Charge_Suspend) refers to data_flash_value.o(.ARM.__at_0x08032000) for flashdata
    advancedchargealgorithm.o(.ARM.exidx.text.Charge_Suspend) refers to advancedchargealgorithm.o(.text.Charge_Suspend) for [Anonymous Symbol]
    advancedchargealgorithm.o(.text.MaintenanceCharge) refers to ram.o(.bss.nChargingStatus) for nChargingStatus
    advancedchargealgorithm.o(.text.MaintenanceCharge) refers to sbs_commands.o(.bss._BatteryStatus) for _BatteryStatus
    advancedchargealgorithm.o(.ARM.exidx.text.MaintenanceCharge) refers to advancedchargealgorithm.o(.text.MaintenanceCharge) for [Anonymous Symbol]
    advancedchargealgorithm.o(.text.Charging_CV_Fun) refers to advancedchargealgorithm.o(.text.Charge_Inhibit) for Charge_Inhibit
    advancedchargealgorithm.o(.text.Charging_CV_Fun) refers to advancedchargealgorithm.o(.text.Charge_Suspend) for Charge_Suspend
    advancedchargealgorithm.o(.text.Charging_CV_Fun) refers to uidiv_div0.o(.text) for __aeabi_uidiv
    advancedchargealgorithm.o(.text.Charging_CV_Fun) refers to sbs_commands.o(.bss._ChargingCurrent) for _ChargingCurrent
    advancedchargealgorithm.o(.text.Charging_CV_Fun) refers to sbs_commands.o(.bss._ChargingVoltage) for _ChargingVoltage
    advancedchargealgorithm.o(.text.Charging_CV_Fun) refers to ram.o(.bss.nOperationStatus) for nOperationStatus
    advancedchargealgorithm.o(.text.Charging_CV_Fun) refers to ram.o(.bss.nChargingStatus) for nChargingStatus
    advancedchargealgorithm.o(.text.Charging_CV_Fun) refers to sbs_commands.o(.bss._BatteryStatus) for _BatteryStatus
    advancedchargealgorithm.o(.text.Charging_CV_Fun) refers to ram.o(.bss.com_data) for com_data
    advancedchargealgorithm.o(.text.Charging_CV_Fun) refers to ram.o(.bss.t_com79) for t_com79
    advancedchargealgorithm.o(.text.Charging_CV_Fun) refers to data_flash_value.o(.ARM.__at_0x08032000) for flashdata
[...]
    0x0800b430   0x0800b430   0x0000004c   Code   RO         1060    .text.Soc_OCV_Calibration  protect.o
    0x0800b47c   0x0800b47c   0x00000048   Code   RO         1429    .text.SoftTimerDec  soft_timer.o
    0x0800b4c4   0x0800b4c4   0x00000012   Code   RO         1321    .text.Soft_Reset    smbus_protocol.o
    0x0800b4d6   0x0800b4d6   0x00000002   PAD
    0x0800b4d8   0x0800b4d8   0x00000048   Code   RO         1431    .text.StartSoftTimer  soft_timer.o
    0x0800b520   0x0800b520   0x00000030   Code   RO         1433    .text.StopSoftTimer  soft_timer.o
    0x0800b550   0x0800b550   0x000007a8   Code   RO         1303    .text.SubCmdReadData  smbus_protocol.o
    0x0800bcf8   0x0800bcf8   0x000007d4   Code   RO         1307    .text.SubWriteCtrlCmd  smbus_protocol.o
    0x0800c4cc   0x0800c4cc   0x0000005c   Code   RO         1305    .text.SubWriteData  smbus_protocol.o
    0x0800c528   0x0800c528   0x00000020   Code   RO          675    .text.SysTick_Config  mcu.o
    0x0800c548   0x0800c548   0x0000005c   Code   RO          194    .text.SysTick_Handler  cbm8580m_int.o
    0x0800c5a4   0x0800c5a4   0x0000002c   Code   RO          206    .text.TIM3_IRQHandler  cbm8580m_int.o
    0x0800c5d0   0x0800c5d0   0x00000268   Code   RO            4    .text.TemperatureRangeJudge  advancedchargealgorithm.o
    0x0800c838   0x0800c838   0x00000070   Code   RO          970    .text.TimeBasedShutdown  power_modes.o
    0x0800c8a8   0x0800c8a8   0x000001d4   Code   RO            2    .text.VoltageRangeJudge  advancedchargealgorithm.o
    0x0800ca7c   0x0800ca7c   0x000000d4   Code   RO          966    .text.VoltageShutdownMode  power_modes.o
    0x0800cb50   0x0800cb50   0x0000001a   Code   RO          464    .text.WakeCp_init   hdp.o
    0x0800cb6a   0x0800cb6a   0x00000002   PAD
    0x0800cb6c   0x0800cb6c   0x00000050   Code   RO          462    .text.WakeUp_Ctrl   hdp.o
    0x0800cbbc   0x0800cbbc   0x0000001c   Code   RO         1464    .text.Write_UpFlash  upflash.o
    0x0800cbd8   0x0800cbd8   0x00000008   Code   RO          905    .text._GLOBAL__sub_I_modules_sha1.c  modules_sha1.o
    0x0800cbe0   0x0800cbe0   0x00000008   Code   RO         1327    .text._GLOBAL__sub_I_smbus_protocol.c  smbus_protocol.o
    0x0800cbe8   0x0800cbe8   0x00000018   Code   RO          681    .text.__NVIC_SetPriority  mcu.o
    0x0800cc00   0x0800cc00   0x0000001c   Code   RO         1323    .text.__NVIC_SystemReset  smbus_protocol.o
    0x0800cc1c   0x0800cc1c   0x00000028   Code   RO          895    .text.__cxx_global_var_init  modules_sha1.o
    0x0800cc44   0x0800cc44   0x00000c50   Code   RO         1291    .text.__cxx_global_var_init  smbus_protocol.o
    0x0800d894   0x0800d894   0x00000034   Code   RO         1671    .text.afe_cc_chop_enable_ctrl  cbm858x_afe.lib(cbm858x_afe_cc.o)
    0x0800d8c8   0x0800d8c8   0x00000034   Code   RO         1677    .text.afe_cc_enable_ctrl  cbm858x_afe.lib(cbm858x_afe_cc.o)
    0x0800d8fc   0x0800d8fc   0x000001f0   Code   RO         1703    .text.afe_cc_first_order_conver_data_calc  cbm858x_afe.lib(cbm858x_afe_cc.o)
    0x0800daec   0x0800daec   0x0000008c   Code   RO           49    .text.afe_cc_first_order_init  afe_cvt.o
    0x0800db78   0x0800db78   0x00000028   Code   RO         1699    .text.afe_cc_flag_status_get  cbm858x_afe.lib(cbm858x_afe_cc.o)
    0x0800dba0   0x0800dba0   0x00000060   Code   RO         1669    .text.afe_cc_general_init  cbm858x_afe.lib(cbm858x_afe_cc.o)
    0x0800dc00   0x0800dc00   0x00000034   Code   RO         1673    .text.afe_cc_ichop_enable_ctrl  cbm858x_afe.lib(cbm858x_afe_cc.o)
    0x0800dc34   0x0800dc34   0x00000058   Code   RO         1675    .text.afe_cc_normal_mode_init  cbm858x_afe.lib(cbm858x_afe_cc.o)
    0x0800dc8c   0x0800dc8c   0x00000036   Code   RO         1683    .text.afe_cc_sarend_enable_ctrl  cbm858x_afe.lib(cbm858x_afe_cc.o)
    0x0800dcc2   0x0800dcc2   0x00000044   Code   RO         1719    .text.afe_cddrv_charge_enable_ctrl  cbm858x_afe.lib(cbm858x_afe_cddrv.o)
    0x0800dd06   0x0800dd06   0x00000044   Code   RO         1717    .text.afe_cddrv_chgdsg_mos_enable_ctrl  cbm858x_afe.lib(cbm858x_afe_cddrv.o)
    0x0800dd4a   0x0800dd4a   0x00000044   Code   RO         1723    .text.afe_cddrv_discharge_enable_ctrl  cbm858x_afe.lib(cbm858x_afe_cddrv.o)
    0x0800dd8e   0x0800dd8e   0x00000002   PAD
    0x0800dd90   0x0800dd90   0x00000048   Code   RO         1753    .text.afe_dtdrv_fusing_enable_ctrl  cbm858x_afe.lib(cbm858x_afe_dtdrv.o)
    0x0800ddd8   0x0800ddd8   0x0000003a   Code   RO         1745    .text.afe_dtdrv_vc_enable_ctrl  cbm858x_afe.lib(cbm858x_afe_dtdrv.o)
    0x0800de12   0x0800de12   0x00000002   PAD
    0x0800de14   0x0800de14   0x000000a4   Code   RO         1488    .text.afe_enter_shutdown  cbm858x_afe_transimit.o
    0x0800deb8   0x0800deb8   0x0000002e   Code   RO         1873    .text.afe_fuse_remove_jitter_delay_config  cbm858x_afe.lib(cbm858x_afe_int.o)
    0x0800dee6   0x0800dee6   0x0000000c   Code   RO         1769    .text.afe_gcr_pb0_mf_config  cbm858x_afe.lib(cbm858x_afe_gcr.o)
    0x0800def2   0x0800def2   0x0000001e   Code   RO         1773    .text.afe_gcr_reg_lock  cbm858x_afe.lib(cbm858x_afe_gcr.o)
    0x0800df10   0x0800df10   0x0000002a   Code   RO         1771    .text.afe_gcr_reg_unlock  cbm858x_afe.lib(cbm858x_afe_gcr.o)
    0x0800df3a   0x0800df3a   0x00000002   PAD
    0x0800df3c   0x0800df3c   0x0000002c   Code   RO         1789    .text.afe_gpio_input_data_bit_read  cbm858x_afe.lib(cbm858x_afe_gpio.o)
    0x0800df68   0x0800df68   0x00000042   Code   RO         1785    .text.afe_gpio_mode_config  cbm858x_afe.lib(cbm858x_afe_gpio.o)
    0x0800dfaa   0x0800dfaa   0x00000034   Code   RO         1829    .text.afe_hdp_charging_short_config  cbm858x_afe.lib(cbm858x_afe_hdp.o)
    0x0800dfde   0x0800dfde   0x00000002   PAD
    0x0800dfe0   0x0800dfe0   0x00000048   Code   RO         1831    .text.afe_hdp_charging_short_enable_ctrl  cbm858x_afe.lib(cbm858x_afe_hdp.o)
    0x0800e028   0x0800e028   0x00000032   Code   RO         1821    .text.afe_hdp_discharge_overload_config  cbm858x_afe.lib(cbm858x_afe_hdp.o)
    0x0800e05a   0x0800e05a   0x00000002   PAD
    0x0800e05c   0x0800e05c   0x00000048   Code   RO         1823    .text.afe_hdp_discharge_overload_enable_ctrl  cbm858x_afe.lib(cbm858x_afe_hdp.o)
    0x0800e0a4   0x0800e0a4   0x00000034   Code   RO         1837    .text.afe_hdp_discharge_short_1_config  cbm858x_afe.lib(cbm858x_afe_hdp.o)
    0x0800e0d8   0x0800e0d8   0x00000048   Code   RO         1841    .text.afe_hdp_discharge_short_1_enable_ctrl  cbm858x_afe.lib(cbm858x_afe_hdp.o)
    0x0800e120   0x0800e120   0x00000034   Code   RO         1845    .text.afe_hdp_discharge_short_2_config  cbm858x_afe.lib(cbm858x_afe_hdp.o)
    0x0800e154   0x0800e154   0x0000004c   Code   RO         1847    .text.afe_hdp_discharge_short_2_enable_ctrl  cbm858x_afe.lib(cbm858x_afe_hdp.o)
    0x0800e1a0   0x0800e1a0   0x00000032   Code   RO         1815    .text.afe_hdp_hardware_protect_config  cbm858x_afe.lib(cbm858x_afe_hdp.o)
    0x0800e1d2   0x0800e1d2   0x0000004a   Code   RO         1817    .text.afe_hdp_hardware_protect_enable_ctrl  cbm858x_afe.lib(cbm858x_afe_hdp.o)
    0x0800e21c   0x0800e21c   0x00000026   Code   RO         1889    .text.afe_indicator_flag_get  cbm858x_afe.lib(cbm858x_afe_int.o)
    0x0800e242   0x0800e242   0x0000000c   Code   RO         1861    .text.afe_int_mode_config  cbm858x_afe.lib(cbm858x_afe_int.o)
    0x0800e24e   0x0800e24e   0x00000060   Code   RO         1863    .text.afe_int_periph_int_enable_ctrl  cbm858x_afe.lib(cbm858x_afe_int.o)
    0x0800e2ae   0x0800e2ae   0x00000016   Code   RO         1869    .text.afe_int_periph_int_flag_clear  cbm858x_afe.lib(cbm858x_afe_int.o)
    0x0800e2c4   0x0800e2c4   0x00000034   Code   RO         1867    .text.afe_int_periph_int_flag_get  cbm858x_afe.lib(cbm858x_afe_int.o)
    0x0800e2f8   0x0800e2f8   0x00000034   Code   RO         1919    .text.afe_pmu_pack_pull_down_enable_ctrl  cbm858x_afe.lib(cbm858x_afe_pmu.o)
    0x0800e32c   0x0800e32c   0x0000003a   Code   RO         1923    .text.afe_pmu_shutdown_dds_config  cbm858x_afe.lib(cbm858x_afe_pmu.o)
    0x0800e366   0x0800e366   0x00000040   Code   RO         1925    .text.afe_pmu_sw_awaken_enable_ctrl  cbm858x_afe.lib(cbm858x_afe_pmu.o)
    0x0800e3a6   0x0800e3a6   0x00000042   Code   RO         1937    .text.afe_rcc_periph_clock_enable_ctrl  cbm858x_afe.lib(cbm858x_afe_rcc.o)
    0x0800e3e8   0x0800e3e8   0x0000006c   Code   RO         1484    .text.afe_read_data  cbm858x_afe_transimit.o
    0x0800e454   0x0800e454   0x00000036   Code   RO         1871    .text.afe_remove_jitter_enable_ctrl  cbm858x_afe.lib(cbm858x_afe_int.o)
    0x0800e48a   0x0800e48a   0x00000002   PAD
    0x0800e48c   0x0800e48c   0x0000002c   Code   RO         1981    .text.afe_vadc_channel0_mode_config  cbm858x_afe.lib(cbm858x_afe_vadc.o)
    0x0800e4b8   0x0800e4b8   0x00000030   Code   RO         2001    .text.afe_vadc_channel10_mode_config  cbm858x_afe.lib(cbm858x_afe_vadc.o)
    0x0800e4e8   0x0800e4e8   0x00000034   Code   RO         1983    .text.afe_vadc_channel1_mode_config  cbm858x_afe.lib(cbm858x_afe_vadc.o)
    0x0800e51c   0x0800e51c   0x0000002e   Code   RO         1985    .text.afe_vadc_channel2_mode_config  cbm858x_afe.lib(cbm858x_afe_vadc.o)
    0x0800e54a   0x0800e54a   0x00000032   Code   RO         1987    .text.afe_vadc_channel3_mode_config  cbm858x_afe.lib(cbm858x_afe_vadc.o)
    0x0800e57c   0x0800e57c   0x00000032   Code   RO         1989    .text.afe_vadc_channel4_mode_config  cbm858x_afe.lib(cbm858x_afe_vadc.o)
    0x0800e5ae   0x0800e5ae   0x00000002   PAD
    0x0800e5b0   0x0800e5b0   0x0000002c   Code   RO         1991    .text.afe_vadc_channel5_mode_config  cbm858x_afe.lib(cbm858x_afe_vadc.o)
    0x0800e5dc   0x0800e5dc   0x00000030   Code   RO         1993    .text.afe_vadc_channel6_mode_config  cbm858x_afe.lib(cbm858x_afe_vadc.o)
    0x0800e60c   0x0800e60c   0x00000034   Code   RO         1995    .text.afe_vadc_channel7_mode_config  cbm858x_afe.lib(cbm858x_afe_vadc.o)
    0x0800e640   0x0800e640   0x0000002c   Code   RO         1997    .text.afe_vadc_channel8_mode_config  cbm858x_afe.lib(cbm858x_afe_vadc.o)
    0x0800e66c   0x0800e66c   0x00000034   Code   RO         1999    .text.afe_vadc_channel9_mode_config  cbm858x_afe.lib(cbm858x_afe_vadc.o)
    0x0800e6a0   0x0800e6a0   0x00000038   Code   RO         1973    .text.afe_vadc_channel_enable_ctrl  cbm858x_afe.lib(cbm858x_afe_vadc.o)
    0x0800e6d8   0x0800e6d8   0x00000038   Code   RO         2025    .text.afe_vadc_channel_gain_config  cbm858x_afe.lib(cbm858x_afe_vadc.o)
    0x0800e710   0x0800e710   0x00000090   Code   RO         2039    .text.afe_vadc_conver_data_calc  cbm858x_afe.lib(cbm858x_afe_vadc.o)
    0x0800e7a0   0x0800e7a0   0x00000010   Code   RO         2027    .text.afe_vadc_down_sampling_rate_set  cbm858x_afe.lib(cbm858x_afe_vadc.o)
    0x0800e7b0   0x0800e7b0   0x0000002c   Code   RO         1963    .text.afe_vadc_enable_ctrl  cbm858x_afe.lib(cbm858x_afe_vadc.o)
    0x0800e7dc   0x0800e7dc   0x000000e8   Code   RO         1957    .text.afe_vadc_init  cbm858x_afe.lib(cbm858x_afe_vadc.o)
    0x0800e8c4   0x0800e8c4   0x0000003c   Code   RO         1959    .text.afe_vadc_second_integral_value_get  cbm858x_afe.lib(cbm858x_afe_vadc.o)
    0x0800e900   0x0800e900   0x00000032   Code   RO         2049    .text.afe_wkcp_comparator_config  cbm858x_afe.lib(cbm858x_afe_wkcp.o)
    0x0800e932   0x0800e932   0x00000002   PAD
    0x0800e934   0x0800e934   0x00000054   Code   RO         2051    .text.afe_wkcp_comparator_enable_ctrl  cbm858x_afe.lib(cbm858x_afe_wkcp.o)
    0x0800e988   0x0800e988   0x00000058   Code   RO         1482    .text.afe_write_data  cbm858x_afe_transimit.o
    0x0800e9e0   0x0800e9e0   0x000003c0   Code   RO         1319    .text.bi2cs_dataCmd_init  smbus_protocol.o
    0x0800eda0   0x0800eda0   0x0000003a   Code   RO         1486    .text.boot_crc8_check  cbm858x_afe_transimit.o
    0x0800edda   0x0800edda   0x00000002   PAD
    0x0800eddc   0x0800eddc   0x00000044   Code   RO           77    .text.cal_average_current  afe_cvt.o
    0x0800ee20   0x0800ee20   0x000000a8   Code   RO         1056    .text.cal_average_dbpt_current  protect.o
    0x0800eec8   0x0800eec8   0x0000003a   Code   RO          231    .text.cal_crc8_check  comm_protocol.o
    0x0800ef02   0x0800ef02   0x00000002   PAD
    0x0800ef04   0x0800ef04   0x00000060   Code   RO         1313    .text.calc_DFSignature  smbus_protocol.o
    0x0800ef64   0x0800ef64   0x0000000a   Code   RO          887    .text.ch            modules_sha1.o
    0x0800ef6e   0x0800ef6e   0x00000004   Code   RO          885    .text.change_endian32  modules_sha1.o
    0x0800ef72   0x0800ef72   0x00000010   Code   RO         2788    .text.check_hash_alg  crypto.lib(hash.o)
    0x0800ef82   0x0800ef82   0x00000002   PAD
    0x0800ef84   0x0800ef84   0x00000034   Code   RO         1647    .text.crc16_calc    crypto.lib(utility_sec.o)
    0x0800efb8   0x0800efb8   0x00000018   Code   RO          115    .text.delay_ms      afetimer.o
    0x0800efd0   0x0800efd0   0x0000003c   Code   RO          117    .text.delay_us      afetimer.o
    0x0800f00c   0x0800f00c   0x000000ac   Code   RO          317    .text.efuse_key_write  dataflash.o
    0x0800f0b8   0x0800f0b8   0x00000038   Code   RO         2127    .text.efuse_page_erase  cbm858xm.lib(cbm858xm_flash.o)
    0x0800f0f0   0x0800f0f0   0x00000028   Code   RO         2131    .text.efuse_word_program  cbm858xm.lib(cbm858xm_flash.o)
    0x0800f118   0x0800f118   0x0000003c   Code   RO          121    .text.exti4_15_PA11_config  afetimer.o
    0x0800f154   0x0800f154   0x0000004a   Code   RO          119    .text.exti4_15_PA13_config  afetimer.o
    0x0800f19e   0x0800f19e   0x00000002   PAD
    0x0800f1a0   0x0800f1a0   0x0000000c   Code   RO         2075    .text.exti_edge_enable  cbm858xm.lib(cbm858xm_exti.o)
    0x0800f1ac   0x0800f1ac   0x00000008   Code   RO         2085    .text.exti_flag_clear  cbm858xm.lib(cbm858xm_exti.o)
    0x0800f1b4   0x0800f1b4   0x00000014   Code   RO         2083    .text.exti_flag_status_get  cbm858xm.lib(cbm858xm_exti.o)
    0x0800f1c8   0x0800f1c8   0x0000000c   Code   RO         2069    .text.exti_interrupt_disable  cbm858xm.lib(cbm858xm_exti.o)
    0x0800f1d4   0x0800f1d4   0x00000010   Code   RO         2067    .text.exti_interrupt_enable  cbm858xm.lib(cbm858xm_exti.o)
    0x0800f1e4   0x0800f1e4   0x0000005c   Code   RO          239    .text.filled_connected_cmd  comm_protocol.o
    0x0800f240   0x0800f240   0x00000034   Code   RO          287    .text.flash_decode  dataflash.o
    0x0800f274   0x0800f274   0x0000000c   Code   RO         2099    .text.flash_lock    cbm858xm.lib(cbm858xm_flash.o)
    0x0800f280   0x0800f280   0x0000002c   Code   RO         2103    .text.flash_operation_wait  cbm858xm.lib(cbm858xm_flash.o)
    0x0800f2ac   0x0800f2ac   0x00000010   Code   RO         2113    .text.flash_option_bytes_lock  cbm858xm.lib(cbm858xm_flash.o)
    0x0800f2bc   0x0800f2bc   0x00000018   Code   RO         2111    .text.flash_option_bytes_unlock  cbm858xm.lib(cbm858xm_flash.o)
    0x0800f2d4   0x0800f2d4   0x00000010   Code   RO         2157    .text.flash_option_update  cbm858xm.lib(cbm858xm_flash.o)
    0x0800f2e4   0x0800f2e4   0x00000034   Code   RO         2101    .text.flash_page_erase  cbm858xm.lib(cbm858xm_flash.o)
    0x0800f318   0x0800f318   0x00000020   Code   RO         2097    .text.flash_unlock  cbm858xm.lib(cbm858xm_flash.o)
    0x0800f338   0x0800f338   0x00000014   Code   RO         2095    .text.flash_wait_counter_set  cbm858xm.lib(cbm858xm_flash.o)
    0x0800f34c   0x0800f34c   0x00000028   Code   RO         2107    .text.flash_word_program  cbm858xm.lib(cbm858xm_flash.o)
    0x0800f374   0x0800f374   0x00000024   Code   RO          626    .text.fputc         log.o
    0x0800f398   0x0800f398   0x00000018   Code   RO          734    .text.fuse_low      mode.o
    0x0800f3b0   0x0800f3b0   0x0000000c   Code   RO         2191    .text.fwdt_enable   cbm858xm.lib(cbm858xm_fwdt.o)
    0x0800f3bc   0x0800f3bc   0x00000014   Code   RO         2197    .text.fwdt_flag_status_get  cbm858xm.lib(cbm858xm_fwdt.o)
    0x0800f3d0   0x0800f3d0   0x0000000c   Code   RO         2193    .text.fwdt_prescaler_config  cbm858xm.lib(cbm858xm_fwdt.o)
    0x0800f3dc   0x0800f3dc   0x0000000c   Code   RO         2189    .text.fwdt_reload_counter  cbm858xm.lib(cbm858xm_fwdt.o)
    0x0800f3e8   0x0800f3e8   0x00000014   Code   RO         2195    .text.fwdt_reload_value_set  cbm858xm.lib(cbm858xm_fwdt.o)
    0x0800f3fc   0x0800f3fc   0x00000010   Code   RO         2185    .text.fwdt_write_access_enable  cbm858xm.lib(cbm858xm_fwdt.o)
    0x0800f40c   0x0800f40c   0x00000014   Code   RO         1437    .text.getSoftTimerStatus  soft_timer.o
    0x0800f420   0x0800f420   0x0000009c   Code   RO           89    .text.get_FETtemp   afe_cvt.o
    0x0800f4bc   0x0800f4bc   0x00000210   Code   RO           81    .text.get_adc_calibration_value  afe_cvt.o
    0x0800f6cc   0x0800f6cc   0x00000144   Code   RO           79    .text.get_adc_original_value  afe_cvt.o
    0x0800f810   0x0800f810   0x00000022   Code   RO           87    .text.get_average_value  afe_cvt.o
    0x0800f832   0x0800f832   0x00000002   PAD
    0x0800f834   0x0800f834   0x00000020   Code   RO           75    .text.get_cc_current  afe_cvt.o
    0x0800f854   0x0800f854   0x00000018   Code   RO          958    .text.get_i2c_pin_status  power_modes.o
    0x0800f86c   0x0800f86c   0x00000020   Code   RO           85    .text.get_max_value  afe_cvt.o
    0x0800f88c   0x0800f88c   0x00000020   Code   RO           83    .text.get_min_value  afe_cvt.o
    0x0800f8ac   0x0800f8ac   0x0000002a   Code   RO          233    .text.get_new_random  comm_protocol.o
    0x0800f8d6   0x0800f8d6   0x00000002   PAD
    0x0800f8d8   0x0800f8d8   0x00000078   Code   RO           67    .text.get_vadc_temprature_ex  afe_cvt.o
    0x0800f950   0x0800f950   0x00000114   Code   RO           69    .text.get_vadc_temprature_inner  afe_cvt.o
    0x0800fa64   0x0800fa64   0x00000058   Code   RO           73    .text.get_vadc_voltage_pack  afe_cvt.o
    0x0800fabc   0x0800fabc   0x00000038   Code   RO           71    .text.get_vadc_voltage_vcx  afe_cvt.o
    0x0800faf4   0x0800faf4   0x00000052   Code   RO         1502    .text.gpio_mf_config  cbm858xm_gpio.o
    0x0800fb46   0x0800fb46   0x0000008e   Code   RO         1498    .text.gpio_mode_set  cbm858xm_gpio.o
    0x0800fbd4   0x0800fbd4   0x00000048   Code   RO          245    .text.handle_hmac   comm_protocol.o
    0x0800fc1c   0x0800fc1c   0x0000002c   Code   RO         2806    .text.hash_calc_blocks  crypto.lib(hash.o)
    0x0800fc48   0x0800fc48   0x00000024   Code   RO         2808    .text.hash_calc_rand_len_msg  crypto.lib(hash.o)
    0x0800fc6c   0x0800fc6c   0x00000020   Code   RO         2917    .text.hash_clear_msg_len  crypto.lib(hash_basic.o)
    0x0800fc8c   0x0800fc8c   0x00000018   Code   RO         2909    .text.hash_disable_interruption  crypto.lib(hash_basic.o)
    0x0800fca4   0x0800fca4   0x0000004c   Code   RO         2812    .text.hash_final    crypto.lib(hash.o)
    0x0800fcf0   0x0800fcf0   0x00000004   Code   RO         2790    .text.hash_get_block_word_len  crypto.lib(hash.o)
    0x0800fcf4   0x0800fcf4   0x0000000c   Code   RO         2794    .text.hash_get_digest_word_len  crypto.lib(hash.o)
    0x0800fd00   0x0800fd00   0x00000034   Code   RO         2913    .text.hash_get_iterator  crypto.lib(hash_basic.o)
    0x0800fd34   0x0800fd34   0x00000064   Code   RO         2804    .text.hash_init     crypto.lib(hash.o)
    0x0800fd98   0x0800fd98   0x00000034   Code   RO         2929    .text.hash_input_msg  crypto.lib(hash_basic.o)
    0x0800fdcc   0x0800fdcc   0x00000024   Code   RO         2798    .text.hash_set_IV   crypto.lib(hash.o)
    0x0800fdf0   0x0800fdf0   0x0000001c   Code   RO         2905    .text.hash_set_alg  crypto.lib(hash_basic.o)
    0x0800fe0c   0x0800fe0c   0x00000018   Code   RO         2901    .text.hash_set_cpu_mode  crypto.lib(hash_basic.o)
    0x0800fe24   0x0800fe24   0x00000014   Code   RO         2915    .text.hash_set_iterator  crypto.lib(hash_basic.o)
    0x0800fe38   0x0800fe38   0x00000030   Code   RO         2911    .text.hash_set_last_block  crypto.lib(hash_basic.o)
    0x0800fe68   0x0800fe68   0x00000028   Code   RO         2919    .text.hash_set_msg_total_byte_len  crypto.lib(hash_basic.o)
    0x0800fe90   0x0800fe90   0x00000020   Code   RO         2923    .text.hash_start    crypto.lib(hash_basic.o)
    0x0800feb0   0x0800feb0   0x0000001c   Code   RO         2802    .text.hash_start_calculate  crypto.lib(hash.o)
    0x0800fecc   0x0800fecc   0x00000032   Code   RO         2800    .text.hash_total_byte_len_add_uint32  crypto.lib(hash.o)
    0x0800fefe   0x0800fefe   0x000000ca   Code   RO         2810    .text.hash_update   crypto.lib(hash.o)
    0x0800ffc8   0x0800ffc8   0x0000001c   Code   RO         2925    .text.hash_wait_till_done  crypto.lib(hash_basic.o)
    0x0800ffe4   0x0800ffe4   0x00000038   Code   RO         2887    .text.hdiv_quotient_read  cbm858xm.lib(cbm858xm_hdiv.o)
    0x0801001c   0x0801001c   0x000000a0   Code   RO         1566    .text.hmac_final    crypto.lib(hmac.o)
    0x080100bc   0x080100bc   0x000000dc   Code   RO         1562    .text.hmac_init     crypto.lib(hmac.o)
    0x08010198   0x08010198   0x00000012   Code   RO         1564    .text.hmac_update   crypto.lib(hmac.o)
    0x080101aa   0x080101aa   0x00000038   Code   RO         1299    .text.i2c_gpio_init  smbus_protocol.o
    0x080101e2   0x080101e2   0x00000002   PAD
    0x080101e4   0x080101e4   0x00000060   Code   RO         1516    .text.i2c_init      cbm858xm_i2c.o
    0x08010244   0x08010244   0x00000094   Code   RO         1301    .text.i2c_salve_init  smbus_protocol.o
    0x080102d8   0x080102d8   0x0000021c   Code   RO          508    .text.life_Time_Protect_Event  lifetime.o
    0x080104f4   0x080104f4   0x00000030   Code   RO          309    .text.lifetime_init  dataflash.o
    0x08010524   0x08010524   0x00000014   Code   RO          540    .text.lifetime_time_clear  lifetime.o
    0x08010538   0x08010538   0x000004cc   Code   RO          518    .text.lifetime_time_period  lifetime.o
    0x08010a04   0x08010a04   0x00000aa4   Code   RO          538    .text.lifetime_time_store  lifetime.o
    0x080114a8   0x080114a8   0x0000007c   Code   RO          612    .text.log_init      log.o
    0x08011524   0x08011524   0x0000000c   Code   RO         2255    .text.lptim_auto_reload_set  cbm858xm.lib(cbm858xm_lptim.o)
    0x08011530   0x08011530   0x0000000c   Code   RO         2259    .text.lptim_count_get  cbm858xm.lib(cbm858xm_lptim.o)
    0x0801153c   0x0801153c   0x00000010   Code   RO         2217    .text.lptim_count_mode_set  cbm858xm.lib(cbm858xm_lptim.o)
    0x0801154c   0x0801154c   0x0000000c   Code   RO         2247    .text.lptim_enable  cbm858xm.lib(cbm858xm_lptim.o)
    0x08011558   0x08011558   0x0000000c   Code   RO         2231    .text.lptim_flag_clear  cbm858xm.lib(cbm858xm_lptim.o)
    0x08011564   0x08011564   0x00000014   Code   RO         2229    .text.lptim_flag_status_get  cbm858xm.lib(cbm858xm_lptim.o)
    0x08011578   0x08011578   0x0000001c   Code   RO         2211    .text.lptim_init    cbm858xm.lib(cbm858xm_lptim.o)
    0x08011594   0x08011594   0x00000010   Code   RO         2223    .text.lptim_interrupt_enable  cbm858xm.lib(cbm858xm_lptim.o)
    0x080115a4   0x080115a4   0x00000014   Code   RO         2213    .text.lptim_start_mode_set  cbm858xm.lib(cbm858xm_lptim.o)
    0x080115b8   0x080115b8   0x00000014   Code   RO         2233    .text.lptim_timeout_enable  cbm858xm.lib(cbm858xm_lptim.o)
    0x080115cc   0x080115cc   0x00000028   Code   RO          638    .text.lptim_timer_reload  lptm.o
    0x080115f4   0x080115f4   0x00000060   Code   RO          636    .text.lptime_config  lptm.o
    0x08011654   0x08011654   0x000000f4   Code   RO          542    .text.lt_banlance   lifetime.o
    0x08011748   0x08011748   0x0000010c   Code   RO          650    .text.main          main.o
    0x08011854   0x08011854   0x0000000c   Code   RO          889    .text.maj           modules_sha1.o
    0x08011860   0x08011860   0x00000032   Code   RO          667    .text.mcu_gpio_config  mcu.o
    0x08011892   0x08011892   0x0000004a   Code   RO         2832    .text.memcpy_       crypto.lib(utility.o)
    0x080118dc   0x080118dc   0x0000005c   Code   RO         2834    .text.memset_       crypto.lib(utility.o)
    0x08011938   0x08011938   0x00000054   Code   RO         2275    .text.nvic_init     cbm858xm.lib(cbm858xm_misc.o)
    0x0801198c   0x0801198c   0x00000006   Code   RO          891    .text.parity        modules_sha1.o
    0x08011992   0x08011992   0x00000002   PAD
    0x08011994   0x08011994   0x0000001c   Code   RO          756    .text.pi_blance_disable  mode.o
    0x080119b0   0x080119b0   0x00000054   Code   RO          754    .text.pi_blance_enable  mode.o
    0x08011a04   0x08011a04   0x00000470   Code   RO         1062    .text.plugged_IN    protect.o
    0x08011e74   0x08011e74   0x00000038   Code   RO         2301    .text.pmu_deep_sleep_mode_enter  cbm858xm.lib(cbm858xm_pmu.o)
    0x08011eac   0x08011eac   0x0000000c   Code   RO         2315    .text.pmu_flag_clear  cbm858xm.lib(cbm858xm_pmu.o)
    0x08011eb8   0x08011eb8   0x0000000c   Code   RO         2311    .text.pmu_function_enable  cbm858xm.lib(cbm858xm_pmu.o)
    0x08011ec4   0x08011ec4   0x00000020   Code   RO         2303    .text.pmu_power_down_enter  cbm858xm.lib(cbm858xm_pmu.o)
    0x08011ee4   0x08011ee4   0x0000000c   Code   RO         2365    .text.rcu_ahb_clock_disable  cbm858xm.lib(cbm858xm_rcu.o)
    0x08011ef0   0x08011ef0   0x00000010   Code   RO         2363    .text.rcu_ahb_clock_enable  cbm858xm.lib(cbm858xm_rcu.o)
    0x08011f00   0x08011f00   0x00000010   Code   RO         2367    .text.rcu_apb1_clock_enable  cbm858xm.lib(cbm858xm_rcu.o)
    0x08011f10   0x08011f10   0x00000010   Code   RO         2371    .text.rcu_apb2_clock_enable  cbm858xm.lib(cbm858xm_rcu.o)
    0x08011f20   0x08011f20   0x00000084   Code   RO         2361    .text.rcu_clk_freq_get  cbm858xm.lib(cbm858xm_rcu.o)
    0x08011fa4   0x08011fa4   0x00000010   Code   RO         2393    .text.rcu_flag_clear  cbm858xm.lib(cbm858xm_rcu.o)
    0x08011fb4   0x08011fb4   0x0000000a   Code   RO         2391    .text.rcu_flag_status_get  cbm858xm.lib(cbm858xm_rcu.o)
    0x08011fbe   0x08011fbe   0x00000008   Code   RO         2379    .text.rcu_function_enable  cbm858xm.lib(cbm858xm_rcu.o)
    0x08011fc6   0x08011fc6   0x00000002   PAD
    0x08011fc8   0x08011fc8   0x00000014   Code   RO         2345    .text.rcu_hclk_config  cbm858xm.lib(cbm858xm_rcu.o)
    0x08011fdc   0x08011fdc   0x00000014   Code   RO         2353    .text.rcu_lptim1_config  cbm858xm.lib(cbm858xm_rcu.o)
    0x08011ff0   0x08011ff0   0x00000014   Code   RO         2359    .text.rcu_lrc_config  cbm858xm.lib(cbm858xm_rcu.o)
    0x08012004   0x08012004   0x00000008   Code   RO         2377    .text.rcu_reset_disable  cbm858xm.lib(cbm858xm_rcu.o)
    0x0801200c   0x0801200c   0x00000008   Code   RO         2375    .text.rcu_reset_enable  cbm858xm.lib(cbm858xm_rcu.o)
    0x08012014   0x08012014   0x00000234   Code   RO         1315    .text.read_processmsg  smbus_protocol.o
    0x08012248   0x08012248   0x00000002   Code   RO          319    .text.revision_stage  dataflash.o
    0x0801224a   0x0801224a   0x00000008   Code   RO          883    .text.rotl32        modules_sha1.o
    0x08012252   0x08012252   0x00000002   PAD
    0x08012254   0x08012254   0x0000000c   Code   RO         2460    .text.rtc_ao_register_read  cbm858xm.lib(cbm858xm_rtc.o)
    0x08012260   0x08012260   0x00000090   Code   RO         1203    .text.rtc_config    rtc.o
    0x080122f0   0x080122f0   0x0000001c   Code   RO         2474    .text.rtc_flag_clear  cbm858xm.lib(cbm858xm_rtc.o)
    0x0801230c   0x0801230c   0x0000000a   Code   RO         2472    .text.rtc_flag_status_get  cbm858xm.lib(cbm858xm_rtc.o)
    0x08012316   0x08012316   0x00000002   PAD
    0x08012318   0x08012318   0x00000038   Code   RO         2410    .text.rtc_init      cbm858xm.lib(cbm858xm_rtc.o)
    0x08012350   0x08012350   0x00000038   Code   RO         2406    .text.rtc_init_mode_enter  cbm858xm.lib(cbm858xm_rtc.o)
    0x08012388   0x08012388   0x0000000a   Code   RO         2470    .text.rtc_interrupt_enable_status_get  cbm858xm.lib(cbm858xm_rtc.o)
    0x08012392   0x08012392   0x00000002   PAD
    0x08012394   0x08012394   0x00000050   Code   RO         1205    .text.rtc_reconfig  rtc.o
    0x080123e4   0x080123e4   0x0000003c   Code   RO         2408    .text.rtc_synchro_wait  cbm858xm.lib(cbm858xm_rtc.o)
    0x08012420   0x08012420   0x0000000c   Code   RO         2450    .text.rtc_write_protection_disable  cbm858xm.lib(cbm858xm_rtc.o)
    0x0801242c   0x0801242c   0x0000000c   Code   RO         2448    .text.rtc_write_protection_enable  cbm858xm.lib(cbm858xm_rtc.o)
    0x08012438   0x08012438   0x00000048   Code   RO          901    .text.sha1          modules_sha1.o
    0x08012480   0x08012480   0x000000de   Code   RO          903    .text.sha1_authenticate  modules_sha1.o
    0x0801255e   0x0801255e   0x00000018   Code   RO          899    .text.sha1_ctx2hash  modules_sha1.o
    0x08012576   0x08012576   0x00000002   PAD
    0x08012578   0x08012578   0x00000034   Code   RO          881    .text.sha1_init     modules_sha1.o
    0x080125ac   0x080125ac   0x000000c4   Code   RO          897    .text.sha1_lastBlock  modules_sha1.o
    0x08012670   0x08012670   0x00000128   Code   RO          893    .text.sha1_nextBlock  modules_sha1.o
    0x08012798   0x08012798   0x0000005e   Code   RO          492    .text.sha256_hmac_calc  hdp.o
    0x080127f6   0x080127f6   0x00000002   PAD
    0x080127f8   0x080127f8   0x000001a4   Code   RO          950    .text.ship_mode     power_modes.o
    0x0801299c   0x0801299c   0x00000064   Code   RO          956    .text.shutdown_enter  power_modes.o
    0x08012a00   0x08012a00   0x0000004c   Code   RO         1478    .text.spi1_master_config  cbm858x_afe_transimit.o
    0x08012a4c   0x08012a4c   0x00000004   Code   RO         2534    .text.spi_8bits_data_receive  cbm858xm.lib(cbm858xm_spi.o)
    0x08012a50   0x08012a50   0x00000004   Code   RO         2530    .text.spi_8bits_data_send  cbm858xm.lib(cbm858xm_spi.o)
    0x08012a54   0x08012a54   0x00000034   Code   RO         2500    .text.spi_def_init  cbm858xm.lib(cbm858xm_spi.o)
    0x08012a88   0x08012a88   0x0000000a   Code   RO         2504    .text.spi_disable   cbm858xm.lib(cbm858xm_spi.o)
    0x08012a92   0x08012a92   0x0000000a   Code   RO         2502    .text.spi_enable    cbm858xm.lib(cbm858xm_spi.o)
    0x08012a9c   0x08012a9c   0x00000010   Code   RO         2496    .text.spi_fifo_recv_threshold_config  cbm858xm.lib(cbm858xm_spi.o)
    0x08012aac   0x08012aac   0x0000000a   Code   RO         2524    .text.spi_flag_status_get  cbm858xm.lib(cbm858xm_spi.o)
    0x08012ab6   0x08012ab6   0x00000002   PAD
    0x08012ab8   0x08012ab8   0x00000044   Code   RO         2486    .text.spi_init      cbm858xm.lib(cbm858xm_spi.o)
    0x08012afc   0x08012afc   0x00000094   Code   RO         1480    .text.spi_transimit_data  cbm858x_afe_transimit.o
    0x08012b90   0x08012b90   0x00000026   Code   RO           55    .text.start_cc_convert  afe_cvt.o
    0x08012bb6   0x08012bb6   0x00000002   PAD
    0x08012bb8   0x08012bb8   0x00000020   Code   RO         2558    .text.syscfg_exti_line_config  cbm858xm.lib(cbm858xm_syscfg.o)
    0x08012bd8   0x08012bd8   0x00000018   Code   RO         1553    .text.systeminit    system_cbm858xm.o
    0x08012bf0   0x08012bf0   0x0000000c   Code   RO         2702    .text.tim_flag_clear  cbm858xm.lib(cbm858xm_tim.o)
    0x08012bfc   0x08012bfc   0x0000000a   Code   RO         2700    .text.tim_flag_status_get  cbm858xm.lib(cbm858xm_tim.o)
    0x08012c06   0x08012c06   0x0000000a   Code   RO         2698    .text.tim_interrupt_enable_status_get  cbm858xm.lib(cbm858xm_tim.o)
    0x08012c10   0x08012c10   0x0000001c   Code   RO         1594    .text.trng_disable  crypto.lib(trng.o)
    0x08012c2c   0x08012c2c   0x00000044   Code   RO          321    .text.update_si_ocv  dataflash.o
    0x08012c70   0x08012c70   0x00000008   Code   RO         2750    .text.usart_def_init  cbm858xm.lib(cbm858xm_usart.o)
    0x08012c78   0x08012c78   0x0000000a   Code   RO         2756    .text.usart_enable  cbm858xm.lib(cbm858xm_usart.o)
    0x08012c82   0x08012c82   0x0000000a   Code   RO         2776    .text.usart_flag_status_get  cbm858xm.lib(cbm858xm_usart.o)
    0x08012c8c   0x08012c8c   0x00000098   Code   RO         2712    .text.usart_init    cbm858xm.lib(cbm858xm_usart.o)
    0x08012d24   0x08012d24   0x0000000c   Code   RO         2752    .text.usart_send_data  cbm858xm.lib(cbm858xm_usart.o)
    0x08012d30   0x08012d30   0x00000134   Code   RO           51    .text.vadc_channel_cycle_init  afe_cvt.o
    0x08012e64   0x08012e64   0x00000840   Code   RO         1309    .text.write_processmsg  smbus_protocol.o
    0x080136a4   0x080136a4   0x00000020   Code   RO         3175    i.__0printf$8       mc_p.l(printf8.o)
    0x080136c4   0x080136c4   0x0000002e   Code   RO         3318    i.__ARM_clz         mf_p.l(depilogue.o)
    0x080136f2   0x080136f2   0x0000000e   Code   RO         3328    i.__scatterload_copy  mc_p.l(handlers.o)
    0x08013700   0x08013700   0x00000002   Code   RO         3329    i.__scatterload_null  mc_p.l(handlers.o)
    0x08013702   0x08013702   0x0000000e   Code   RO         3330    i.__scatterload_zeroinit  mc_p.l(handlers.o)
    0x08013710   0x08013710   0x00000428   Code   RO         3182    i._printf_core      mc_p.l(printf8.o)
    0x08013b38   0x08013b38   0x00000020   Code   RO         3183    i._printf_post_padding  mc_p.l(printf8.o)
    0x08013b58   0x08013b58   0x0000002c   Code   RO         3184    i._printf_pre_padding  mc_p.l(printf8.o)
    0x08013b84   0x08013b84   0x00000010   Data   RO         2395    .rodata.APBAHBPrescTable  cbm858xm.lib(cbm858xm_rcu.o)
    0x08013b94   0x08013b94   0x00000100   Data   RO         1380    .rodata.CRC8TBL     smbus_protocol.o
    0x08013c94   0x08013c94   0x00000280   Data   RO           97    .rodata.R_x         afe_cvt.o
    0x08013f14   0x08013f14   0x00000020   Data   RO         2817    .rodata.SHA224_IV   crypto.lib(hash.o)
    0x08013f34   0x08013f34   0x00000020   Data   RO         2816    .rodata.SHA256_IV   crypto.lib(hash.o)
    0x08013f54   0x08013f54   0x00000140   Data   RO           98    .rodata.T_y         afe_cvt.o
    0x08014094   0x08014094   0x00000004   Data   RO          771    .rodata.acond_tbl   mode.o
    0x08014098   0x08014098   0x00000020   Data   RO         1469    .rodata.cst32       upflash.o
    0x080140b8   0x080140b8   0x00000020   Data   RO         3327    Region$$Table       anon$$obj.o
    0x080140d8   0x080140d8   0x00000004   Data   RO          908    .init_array         modules_sha1.o
    0x080140dc   0x080140d8   0x00000004   Data   RO         1418    .init_array         smbus_protocol.o
    0x080140e0   0x080140d8   0x00000000   Data   RO         3230    .init_array         mc_p.l(cpp_init.o)


    Execution Region RW_IRAM1 (Exec base: 0x200000c0, Load base: 0x080140e0, Size: 0x00004730, Max: 0x00010000, ABSOLUTE)

    Exec Addr    Load Addr    Size         Type   Attr      Idx    E Section Name        Object

    0x200000c0   0x080140e0   0x00000004   Data   RW         2958    .data               mc_p.l(rand.o)
    0x200000c4   0x080140e4   0x00000004   Data   RW         3290    .data               mc_p.l(stdout.o)
    0x200000c8   0x080140e8   0x00000004   Data   RW          778    .data.Calc_b_aidx.Count_3200_b_aidx  mode.o
    0x200000cc   0x080140ec   0x00000002   Data   RW         1234    .data.Device_Type   sbs_commands.o
    0x200000ce   0x080140ee   0x00000001   Data   RW          683    .data.Fet_Ctrl      mcu.o
    0x200000cf   0x080140ef   0x00000009   Data   RW         1235    .data.Firmware_Version  sbs_commands.o
    0x200000d8   0x080140f8   0x00000004   Data   RW         1236    .data.Hardware_Version  sbs_commands.o
    0x200000dc   0x080140fc   0x00000002   Data   RW          655    .data.Periodtime    main.o
    0x200000de   0x080140fe   0x00000002   PAD
    0x200000e0   0x08014100   0x00000004   Data   RW         1555    .data.SystemCoreClock  system_cbm858xm.o
    0x200000e4   0x08014104   0x00000008   Data   RW         1238    .data._ReadBatteryInfo  sbs_commands.o
    0x200000ec   0x0801410c   0x00000005   Data   RW          496    .data.afe_hdp_setting  hdp.o
    0x200000f1   0x08014111   0x00000001   PAD
    0x200000f2   0x08014112   0x00000002   Data   RW           95    .data.cc_osr        afe_cvt.o
    0x200000f4   0x08014114   0x00000011   Data   RW          217    .data.ee_buff       cbm8580m_int.o
    0x20000105   0x08014125   0x00000001   Data   RW          580    .data.f_lt_init     lifetime.o
    0x20000106   0x08014126   0x00000002   Data   RW          772    .data.k_CEDV        mode.o
    0x20000108   0x08014128   0x00000002   Data   RW          776    .data.k_CEDV_average  mode.o
    0x2000010a   0x0801412a   0x00000002   Data   RW          566    .data.lt_test       lifetime.o
    0x2000010c   0x0801412c   0x00000002   Data   RW         1068    .data.pi_test       protect.o
    0x2000010e   0x0801412e   0x00000002   PAD
    0x20000110   0x08014130   0x00000004   Data   RW         1222    .data.synch_prediv  rtc.o
    0x20000114   0x08014134   0x00000002   Data   RW           96    .data.vadc_osr      afe_cvt.o
    0x20000116   0x08014136   0x00000002   PAD
    0x20000118        -       0x00000010   Zero   RW          907    .bss..L__const.sha1_nextBlock.f  modules_sha1.o
    0x20000128        -       0x00000002   Zero   RW          328    .bss.Accaddress     dataflash.o
    0x2000012a        -       0x00000002   Zero   RW         1389    .bss.AccumulatedCharge  smbus_protocol.o
    0x2000012c        -       0x00000004   Zero   RW         1388    .bss.AccumulatedTime  smbus_protocol.o
    0x20000130        -       0x00000002   Zero   RW          573    .bss.AvgDsgPwr      lifetime.o
    0x20000132        -       0x00000001   Zero   RW         1125    .bss.CFETdex        protect.o
    0x20000133   0x08014136   0x00000001   PAD
    0x20000134        -       0x00000004   Zero   RW          766    .bss.COFF_delay     mode.o
    0x20000138        -       0x00000002   Zero   RW          169    .bss.Calc_Cnt       calc_attf.o
    0x2000013a        -       0x00000001   Zero   RW          167    .bss.Calc_Cnt_1s    calc_attf.o
    0x2000013b   0x08014136   0x00000001   PAD
    0x2000013c        -       0x00000002   Zero   RW          831    .bss.Calc_HoseiRC_CEDV.dis_fac_cpl_CEDV  mode.o
    0x2000013e        -       0x00000002   Zero   RW          835    .bss.Calc_RC_CEDV.VoltagetoRSOCcount_CEDV  mode.o
    0x20000140        -       0x00000001   Zero   RW          837    .bss.Calc_RC_CEDV.acpl_cnt_CE  mode.o
    0x20000141        -       0x00000001   Zero   RW          834    .bss.Calc_RC_CEDV.adlogc_CE  mode.o
    0x20000142        -       0x00000001   Zero   RW          838    .bss.Calc_RSOC_CEDV.Cnt_40_CE  mode.o
    0x20000143        -       0x00000001   Zero   RW          828    .bss.Calc_fulchg_dsg_cap.Count_10s  mode.o
    0x20000144        -       0x00000004   Zero   RW          825    .bss.Calc_fulchg_dsg_cap.ful_dsg_cap  mode.o
    0x20000148        -       0x00000004   Zero   RW          827    .bss.Calc_fulchg_dsg_cap.ful_dsg_cap_chg  mode.o
    0x2000014c        -       0x00000004   Zero   RW          826    .bss.Calc_fulchg_dsg_cap.ful_dsg_cap_dsg  mode.o
    0x20000150        -       0x00000002   Zero   RW          787    .bss.Calc_k_CEDV.cnt3600_relax  mode.o
    0x20000152        -       0x00000001   Zero   RW          788    .bss.Calc_k_CEDV.f_start_calc_k  mode.o
    0x20000153        -       0x00000001   Zero   RW          789    .bss.Calc_k_CEDV.k_CEDV_average_cnt  mode.o
    0x20000154        -       0x00000004   Zero   RW          791    .bss.Calc_k_CEDV.k_CEDV_average_last  mode.o
    0x20000158        -       0x00000004   Zero   RW          790    .bss.Calc_k_CEDV.k_CEDV_total  mode.o
    0x2000015c        -       0x00000001   Zero   RW          411    .bss.CellTemp_last_time_update  datcalc_spl.o
    0x2000015d        -       0x00000001   Zero   RW          836    .bss.CellTemp_use_rsoc  mode.o
    0x2000015e        -       0x00000001   Zero   RW           22    .bss.CellVoltRange  advancedchargealgorithm.o
    0x2000015f   0x08014136   0x00000001   PAD
    0x20000160        -       0x00000002   Zero   RW         1339    .bss.Charge_Term    smbus_protocol.o
    0x20000162        -       0x00000002   Zero   RW          806    .bss.Cnt_update_soc_CEDV  mode.o
    0x20000164        -       0x00000002   Zero   RW          176    .bss.Cur_Clac_Totaltime  calc_attf.o
    0x20000166        -       0x00000004   Zero   RW          327    .bss.DFUpdate       dataflash.o
    0x2000016a        -       0x00000002   Zero   RW         1176    .bss.D_0PVOLT       ram.o
    0x2000016c        -       0x00000002   Zero   RW         1390    .bss.DataFlash_W1   smbus_protocol.o
    0x2000016e        -       0x00000002   Zero   RW         1391    .bss.DataFlash_W2   smbus_protocol.o
    0x20000170        -       0x00000002   Zero   RW          574    .bss.DeltaCellVol   lifetime.o
    0x20000172        -       0x00000001   Zero   RW          576    .bss.DeltaTS1       lifetime.o
    0x20000173        -       0x00000001   Zero   RW          578    .bss.DeltaTS2       lifetime.o
    0x20000174        -       0x00000001   Zero   RW          166    .bss.En_Cal_Total   calc_attf.o
    0x20000175   0x08014136   0x00000001   PAD
    0x20000176        -       0x00000002   Zero   RW          975    .bss.EntryExitShip_TimeOutChk.enter_timout  power_modes.o
    0x20000178        -       0x00000002   Zero   RW          976    .bss.EntryExitShip_TimeOutChk.exit_timout  power_modes.o
    0x2000017a        -       0x00000002   Zero   RW          173    .bss.Ex_FCC         calc_attf.o
    0x2000017c        -       0x00000001   Zero   RW          164    .bss.Ex_F_CHG       calc_attf.o
    0x2000017d        -       0x00000001   Zero   RW          165    .bss.Ex_F_FC        calc_attf.o
    0x2000017e        -       0x00000001   Zero   RW          131    .bss.Ex_Flag        afetimer.o
    0x2000017f   0x08014136   0x00000001   PAD
    0x20000180        -       0x00000002   Zero   RW          174    .bss.Ex_RC          calc_attf.o
    0x20000182        -       0x00000001   Zero   RW          160    .bss.Ex_TEM         calc_attf.o
    0x20000183   0x08014136   0x00000001   PAD
    0x20000184        -       0x00000004   Zero   RW         1171    .bss.FETTemp        ram.o
    0x20000188        -       0x00000001   Zero   RW          839    .bss.FET_Contrl.flag  mode.o
    0x20000189   0x08014136   0x00000001   PAD
    0x2000018a        -       0x00000002   Zero   RW          497    .bss.FWDG_LPT_modeCheck.period  hdp.o
    0x2000018c        -       0x00000001   Zero   RW          326    .bss.G_index        dataflash.o
    0x2000018d   0x08014136   0x00000003   PAD
    0x20000190        -       0x00000004   Zero   RW          325    .bss.G_pFlashAddr   dataflash.o
    0x20000194        -       0x00000002   Zero   RW         1167    .bss.I_abs          ram.o
    0x20000196        -       0x00000001   Zero   RW          575    .bss.LastTime_TS1   lifetime.o
    0x20000197        -       0x00000001   Zero   RW          577    .bss.LastTime_TS2   lifetime.o
    0x20000198        -       0x00000001   Zero   RW          581    .bss.LifeTime.vtc_Flg  lifetime.o
    0x20000199   0x08014136   0x00000003   PAD
    0x2000019c        -       0x00000004   Zero   RW          600    .bss.Lifetime_PF_A_status.pf_a_status_Cnt  lifetime.o
    0x200001a0        -       0x00000004   Zero   RW          601    .bss.Lifetime_PF_B_status.pf_b_status_Cnt  lifetime.o
    0x200001a4        -       0x00000004   Zero   RW          602    .bss.Lifetime_PF_C_status.pf_c_status_Cnt  lifetime.o
    0x200001a8        -       0x00000004   Zero   RW          603    .bss.Lifetime_PF_D_status.pf_d_status_Cnt  lifetime.o
    0x200001ac        -       0x00000004   Zero   RW          596    .bss.Lifetime_Static_A_status.a_status_Cnt  lifetime.o
    0x200001b0        -       0x00000004   Zero   RW          597    .bss.Lifetime_Static_B_status.b_status_Cnt  lifetime.o
    0x200001b4        -       0x00000004   Zero   RW          598    .bss.Lifetime_Static_C_status.c_status_Cnt  lifetime.o
    0x200001b8        -       0x00000004   Zero   RW          599    .bss.Lifetime_Static_D_status.d_status_Cnt  lifetime.o
    0x200001bc        -       0x00000026   Zero   RW          567    .bss.LtW_Cnt        lifetime.o
    0x200001e2        -       0x00000002   Zero   RW          584    .bss.LtW_CntW       lifetime.o
    0x200001e4        -       0x00000001   Zero   RW         1342    .bss.MACDataLength  smbus_protocol.o
    0x200001e5        -       0x00000001   Zero   RW          579    .bss.MaxDeltaTS     lifetime.o
    0x200001e6        -       0x00000001   Zero   RW         1383    .bss.NoofFullResets  smbus_protocol.o
    0x200001e7        -       0x00000001   Zero   RW         1382    .bss.NoofPartialResets  smbus_protocol.o
    0x200001e8        -       0x00000001   Zero   RW         1384    .bss.NoofWDTResets  smbus_protocol.o
    0x200001e9   0x08014136   0x00000003   PAD
    0x200001ec        -       0x00000004   Zero   RW         1134    .bss.PF_2LVL.delay  protect.o
    0x200001f0        -       0x00000004   Zero   RW         1128    .bss.PF_CFET.delay  protect.o
    0x200001f4        -       0x00000004   Zero   RW         1129    .bss.PF_CFET.tempDelay  protect.o
    0x200001f8        -       0x00000004   Zero   RW         1132    .bss.PF_DFET.delay  protect.o
    0x200001fc        -       0x00000004   Zero   RW         1133    .bss.PF_FUSE.delay  protect.o
    0x20000200        -       0x00000004   Zero   RW         1118    .bss.PF_SOCC.delay  protect.o
    0x20000204        -       0x00000004   Zero   RW         1119    .bss.PF_SOCD.delay  protect.o
    0x20000208        -       0x00000004   Zero   RW         1120    .bss.PF_SOT.delay   protect.o
    0x2000020c        -       0x00000004   Zero   RW         1121    .bss.PF_SOTF.delay  protect.o
    0x20000210        -       0x00000004   Zero   RW         1117    .bss.PF_SOV.delay   protect.o
    0x20000214        -       0x00000004   Zero   RW         1115    .bss.PF_SUV.delay   protect.o
    0x20000218        -       0x00000004   Zero   RW         1114    .bss.PF_SUV.suv_mode_delay  protect.o
    0x2000021c        -       0x00000004   Zero   RW         1135    .bss.PF_TCO.delay   protect.o
    0x20000220        -       0x00000004   Zero   RW         1124    .bss.PF_VIMA.delay  protect.o
    0x20000224        -       0x00000004   Zero   RW         1123    .bss.PF_VIMR.delay  protect.o
    0x20000228        -       0x00000004   Zero   RW         1122    .bss.PF_VIMR.duration  protect.o
    0x2000022c        -       0x00000001   Zero   RW          760    .bss.PackQamxEndSOC  mode.o
    0x2000022d        -       0x00000001   Zero   RW          759    .bss.PackQamxInitSOC  mode.o
    0x2000022e        -       0x00000001   Zero   RW          498    .bss.PresToggle.CNT  hdp.o
    0x2000022f   0x08014136   0x00000001   PAD
    0x20000230        -       0x00000002   Zero   RW         1110    .bss.Protect_CHGC.delay  protect.o
    0x20000232        -       0x00000002   Zero   RW         1111    .bss.Protect_CHGC.recovery_delay  protect.o
    0x20000234        -       0x00000002   Zero   RW         1109    .bss.Protect_CHGV.Charge_Voltage  protect.o
    0x20000236        -       0x00000002   Zero   RW         1108    .bss.Protect_CHGV.delay  protect.o
    0x20000238        -       0x00000002   Zero   RW         1073    .bss.Protect_COV.covl_counter  protect.o
    0x2000023a   0x08014136   0x00000002   PAD
    0x2000023c        -       0x00000004   Zero   RW         1074    .bss.Protect_COV.dec_delay  protect.o
    0x20000240        -       0x00000004   Zero   RW         1071    .bss.Protect_COV.delay  protect.o
    0x20000244        -       0x00000004   Zero   RW         1075    .bss.Protect_COV.resettime  protect.o
    0x20000248        -       0x00000001   Zero   RW         1072    .bss.Protect_COV.status  protect.o
    0x20000249   0x08014136   0x00000003   PAD
    0x2000024c        -       0x00000004   Zero   RW         1105    .bss.Protect_CTO.resetCap  protect.o
    0x20000250        -       0x00000004   Zero   RW         1104    .bss.Protect_CTO.timer  protect.o
    0x20000254        -       0x00000004   Zero   RW         1069    .bss.Protect_CUV.delay  protect.o
    0x20000258        -       0x00000004   Zero   RW         1070    .bss.Protect_CUVC.delay  protect.o
    0x2000025c        -       0x00000002   Zero   RW         1101    .bss.Protect_HWD.delay  protect.o
    0x2000025e        -       0x00000002   Zero   RW         1087    .bss.Protect_HardWare_Base.aoldRecovrytime  protect.o
    0x20000260        -       0x00000002   Zero   RW         1088    .bss.Protect_HardWare_Base.aold_reset_time  protect.o
    0x20000262        -       0x00000002   Zero   RW         1089    .bss.Protect_HardWare_Base.aoldl_dec_dalay  protect.o
    0x20000264        -       0x00000002   Zero   RW         1094    .bss.Protect_HardWare_Base.ascc_recovry_time  protect.o
    0x20000266        -       0x00000002   Zero   RW         1095    .bss.Protect_HardWare_Base.asccl_dec_delay  protect.o
    0x20000268        -       0x00000002   Zero   RW         1093    .bss.Protect_HardWare_Base.asccl_reset_time  protect.o
    0x2000026a        -       0x00000002   Zero   RW         1091    .bss.Protect_HardWare_Base.ascd_rec_delay  protect.o
    0x2000026c        -       0x00000002   Zero   RW         1090    .bss.Protect_HardWare_Base.ascdl_dec_dalay  protect.o
    0x2000026e        -       0x00000002   Zero   RW         1092    .bss.Protect_HardWare_Base.ascdl_reset_time  protect.o
    0x20000270        -       0x00000004   Zero   RW         1106    .bss.Protect_OC.chg_cap  protect.o
    0x20000274        -       0x00000004   Zero   RW         1107    .bss.Protect_OC.dsg_cap  protect.o
    0x20000278        -       0x00000004   Zero   RW         1076    .bss.Protect_OCC.delay1  protect.o
    0x2000027c        -       0x00000004   Zero   RW         1077    .bss.Protect_OCC.delay2  protect.o
    0x20000280        -       0x00000004   Zero   RW         1078    .bss.Protect_OCC.recovery_delay  protect.o
    0x20000284        -       0x00000004   Zero   RW         1082    .bss.Protect_OCD.dec_delay1  protect.o
    0x20000288        -       0x00000004   Zero   RW         1083    .bss.Protect_OCD.dec_delay2  protect.o
    0x2000028c        -       0x00000004   Zero   RW         1079    .bss.Protect_OCD.delay1  protect.o
    0x20000290        -       0x00000004   Zero   RW         1080    .bss.Protect_OCD.delay2  protect.o
    0x20000294        -       0x00000002   Zero   RW         1085    .bss.Protect_OCD.ocdl1_counter  protect.o
    0x20000296        -       0x00000002   Zero   RW         1086    .bss.Protect_OCD.ocdl2_counter  protect.o
    0x20000298        -       0x00000004   Zero   RW         1081    .bss.Protect_OCD.recovery_delay  protect.o
    0x2000029c        -       0x00000004   Zero   RW         1084    .bss.Protect_OCD.resettime  protect.o
    0x200002a0        -       0x00000002   Zero   RW         1096    .bss.Protect_OTC.delay  protect.o
    0x200002a2        -       0x00000002   Zero   RW         1097    .bss.Protect_OTD.delay  protect.o
    0x200002a4        -       0x00000002   Zero   RW         1098    .bss.Protect_OTF.delay  protect.o
    0x200002a6        -       0x00000002   Zero   RW         1112    .bss.Protect_PCHGC.delay  protect.o
    0x200002a8        -       0x00000002   Zero   RW         1113    .bss.Protect_PCHGC.recovery_dalay  protect.o
    0x200002aa   0x08014136   0x00000002   PAD
    0x200002ac        -       0x00000004   Zero   RW         1103    .bss.Protect_PTO.resetCap  protect.o
    0x200002b0        -       0x00000004   Zero   RW         1102    .bss.Protect_PTO.timer  protect.o
    0x200002b4        -       0x00000002   Zero   RW         1099    .bss.Protect_UTC.delay  protect.o
    0x200002b6        -       0x00000002   Zero   RW         1100    .bss.Protect_UTD.delay  protect.o
    0x200002b8        -       0x00000001   Zero   RW          814    .bss.Qamx1EndSOC    mode.o
    0x200002b9        -       0x00000001   Zero   RW          808    .bss.Qamx1InitSOC   mode.o
    0x200002ba        -       0x00000001   Zero   RW          815    .bss.Qamx2EndSOC    mode.o
    0x200002bb        -       0x00000001   Zero   RW          816    .bss.Qamx2InitSOC   mode.o
    0x200002bc        -       0x00000001   Zero   RW          817    .bss.Qamx3EndSOC    mode.o
    0x200002bd        -       0x00000001   Zero   RW          818    .bss.Qamx3InitSOC   mode.o
    0x200002be        -       0x00000001   Zero   RW          819    .bss.Qamx4EndSOC    mode.o
    0x200002bf        -       0x00000001   Zero   RW          820    .bss.Qamx4InitSOC   mode.o
    0x200002c0        -       0x00000004   Zero   RW          803    .bss.QmaxCapcity_Calc  mode.o
    0x200002c4        -       0x00000004   Zero   RW          804    .bss.QmaxCapcity_Calc_deadband  mode.o
    0x200002c8        -       0x00000002   Zero   RW          800    .bss.QmaxControl    mode.o
    0x200002ca   0x08014136   0x00000002   PAD
    0x200002cc        -       0x00000004   Zero   RW          807    .bss.Record_lrc_w_CEDV  mode.o
    0x200002d0        -       0x00000004   Zero   RW          809    .bss.Record_lrc_w_CEDV_fcc_show  mode.o
    0x200002d4        -       0x00000004   Zero   RW          810    .bss.Record_lrc_w_CEDV_fcc_show_last  mode.o
    0x200002d8        -       0x00000012   Zero   RW          773    .bss.Res_Temp_CEDV_Inner  mode.o
    0x200002ea        -       0x00000002   Zero   RW          786    .bss.Res_Temp_CEDV_Inner_temp  mode.o
    0x200002ec        -       0x00000001   Zero   RW         1392    .bss.SC_Flag        smbus_protocol.o
    0x200002ed        -       0x00000001   Zero   RW          979    .bss.SDM_CMD_CNT    power_modes.o
    0x200002ee   0x08014136   0x00000002   PAD
    0x200002f0        -       0x00000004   Zero   RW          978    .bss.SDM_CNT        power_modes.o
    0x200002f4        -       0x00000004   Zero   RW          977    .bss.SDV_CNT        power_modes.o
    0x200002f8        -       0x00000001   Zero   RW          792    .bss.SOC_CEDV       mode.o
    0x200002f9        -       0x00000001   Zero   RW         1415    .bss.SOC_CEDV_show  smbus_protocol.o
    0x200002fa        -       0x00000001   Zero   RW          684    .bss.Set_FET.last_status  mcu.o
    0x200002fb   0x08014136   0x00000001   PAD
    0x200002fc        -       0x00000002   Zero   RW         1395    .bss.SmbusTimeout_Chk.I2C_TimeOut_Count  smbus_protocol.o
    0x200002fe        -       0x00000002   Zero   RW         1386    .bss.State_of_HealthFCC  smbus_protocol.o
    0x20000300        -       0x00000002   Zero   RW         1387    .bss.StateofHealthenergy  smbus_protocol.o
    0x20000302        -       0x00000002   Zero   RW         1067    .bss.Temp_Change    protect.o
    0x20000304        -       0x00000004   Zero   RW         1385    .bss.TotalFWRuntime  smbus_protocol.o
    0x20000308        -       0x00000004   Zero   RW         1168    .bss.Ts_max         ram.o
    0x2000030c        -       0x00000004   Zero   RW         1169    .bss.Ts_min         ram.o
    0x20000310        -       0x00000038   Zero   RW         1468    .bss.UF_Msg         upflash.o
    0x20000348        -       0x00000004   Zero   RW         1166    .bss.V_max          ram.o
    0x2000034c        -       0x00000004   Zero   RW         1165    .bss.V_min          ram.o
    0x20000350        -       0x00000002   Zero   RW         1263    .bss._AIPIModeControl  sbs_commands.o
    0x20000352        -       0x00000002   Zero   RW         1251    .bss._AtRate        sbs_commands.o
    0x20000354        -       0x00000002   Zero   RW         1254    .bss._AtRateOK      sbs_commands.o
    0x20000356        -       0x00000002   Zero   RW         1253    .bss._AtRateTimeToEmpty  sbs_commands.o
    0x20000358        -       0x00000002   Zero   RW         1252    .bss._AtRateTimeToFull  sbs_commands.o
    0x2000035a        -       0x00000020   Zero   RW         1261    .bss._AuthCahllenge  sbs_commands.o
    0x2000037a        -       0x00000020   Zero   RW         1262    .bss._AuthResponse  sbs_commands.o
    0x2000039a        -       0x00000002   Zero   RW         1255    .bss._AverageCurrent  sbs_commands.o
    0x2000039c        -       0x00000002   Zero   RW         1241    .bss._AverageTimeToEmpty  sbs_commands.o
    0x2000039e        -       0x00000002   Zero   RW         1242    .bss._AverageTimeToFull  sbs_commands.o
    0x200003a0        -       0x00000002   Zero   RW         1239    .bss._BatteryMode   sbs_commands.o
    0x200003a2        -       0x00000002   Zero   RW         1243    .bss._BatteryStatus  sbs_commands.o
    0x200003a4        -       0x00000008   Zero   RW         1280    .bss._CBStatus      sbs_commands.o
    0x200003ac        -       0x00000002   Zero   RW         1244    .bss._ChargingCurrent  sbs_commands.o
    0x200003ae        -       0x00000002   Zero   RW         1245    .bss._ChargingVoltage  sbs_commands.o
    0x200003b0        -       0x00000002   Zero   RW         1256    .bss._CycleCount    sbs_commands.o
    0x200003b2        -       0x00000020   Zero   RW         1275    .bss._DAStatus1     sbs_commands.o
    0x200003d2        -       0x0000000e   Zero   RW         1276    .bss._DAStatus2     sbs_commands.o
    0x200003e0        -       0x00000002   Zero   RW         1246    .bss._DesignCapacity  sbs_commands.o
    0x200003e2        -       0x00000002   Zero   RW         1247    .bss._DesignVoltage  sbs_commands.o
    0x200003e4        -       0x00000002   Zero   RW         1283    .bss._EntryExitShipCondition  sbs_commands.o
    0x200003e6        -       0x00000002   Zero   RW         1282    .bss._EntryShipModeCount  sbs_commands.o
    0x200003e8        -       0x00000002   Zero   RW         1267    .bss._FETCtrl       sbs_commands.o
    0x200003ea        -       0x00000018   Zero   RW         1277    .bss._GaugeStatus1  sbs_commands.o
    0x20000402        -       0x00000020   Zero   RW         1278    .bss._GaugeStatus2  sbs_commands.o
    0x20000422        -       0x00000008   Zero   RW         1279    .bss._GaugeStatus3  sbs_commands.o
    0x2000042a        -       0x00000021   Zero   RW         1258    .bss._ManufacturerData  sbs_commands.o
    0x2000044b   0x08014136   0x00000001   PAD
    0x2000044c        -       0x00000002   Zero   RW         1269    .bss._OptCommand1   sbs_commands.o
    0x2000044e        -       0x00000002   Zero   RW         1248    .bss._OptCommand2   sbs_commands.o
    0x20000450        -       0x00000004   Zero   RW         1272    .bss._PFAlert       sbs_commands.o
    0x20000454        -       0x00000004   Zero   RW         1273    .bss._PFStatus      sbs_commands.o
    0x20000458        -       0x00000002   Zero   RW         1250    .bss._RemainingCapacityAlarm  sbs_commands.o
    0x2000045a        -       0x00000002   Zero   RW         1240    .bss._RunTimeToEmpty  sbs_commands.o
    0x2000045c        -       0x00000004   Zero   RW         1270    .bss._SafetyAlert   sbs_commands.o
    0x20000460        -       0x00000004   Zero   RW         1271    .bss._SafetyStatus  sbs_commands.o
    0x20000464        -       0x00000002   Zero   RW         1284    .bss._ShipModeTimer  sbs_commands.o
    0x20000466        -       0x00000002   Zero   RW         1249    .bss._SoH           sbs_commands.o
    0x20000468        -       0x00000002   Zero   RW         1257    .bss._SpecificationInfo  sbs_commands.o
    0x2000046a        -       0x00000020   Zero   RW         1268    .bss._WarrantyPeriod  sbs_commands.o
    0x2000048a        -       0x00000014   Zero   RW         1237    .bss._sha1_reslut   sbs_commands.o
    0x2000049e        -       0x00000002   Zero   RW          842    .bss.acb_w          mode.o
    0x200004a0        -       0x00000002   Zero   RW         1329    .bss.acomflg        smbus_protocol.o
    0x200004a2        -       0x00000002   Zero   RW          324    .bss.adfflg         dataflash.o
    0x200004a4        -       0x00000002   Zero   RW          332    .bss.advanceLen     dataflash.o
    0x200004a6   0x08014136   0x00000002   PAD
    0x200004a8        -       0x00000025   Zero   RW          103    .bss.afe_Calib      afe_cvt.o
    0x200004cd   0x08014136   0x00000003   PAD
    0x200004d0        -       0x00000025   Zero   RW          102    .bss.afe_data       afe_cvt.o
    0x200004f5   0x08014136   0x00000001   PAD
    0x200004f6        -       0x00000002   Zero   RW          586    .bss.altflg         lifetime.o
    0x200004f8        -       0x00000002   Zero   RW          499    .bss.amodeflag      hdp.o
    0x200004fa        -       0x00000002   Zero   RW         1066    .bss.aoldl_counter  protect.o
    0x200004fc        -       0x00000001   Zero   RW         1343    .bss.apec           smbus_protocol.o
    0x200004fd   0x08014136   0x00000001   PAD
    0x200004fe        -       0x00000002   Zero   RW         1065    .bss.asccl_counter  protect.o
    0x20000500        -       0x00000002   Zero   RW         1064    .bss.ascdl_counter  protect.o
    0x20000502        -       0x00000001   Zero   RW         1330    .bss.aslvto_cnt     smbus_protocol.o
    0x20000503   0x08014136   0x00000001   PAD
    0x20000504        -       0x00000004   Zero   RW         1221    .bss.asynch_prediv  rtc.o
    0x20000508        -       0x00000004   Zero   RW          801    .bss.at_endqmax_cnt  mode.o
    0x2000050c        -       0x00000004   Zero   RW          802    .bss.at_startqmax_cnt  mode.o
    0x20000510        -       0x00000004   Zero   RW         1170    .bss.aveTemp        ram.o
    0x20000514        -       0x00000001   Zero   RW          780    .bss.awork1_CEDV    mode.o
    0x20000515        -       0x00000001   Zero   RW          781    .bss.awork2_CEDV    mode.o
    0x20000516        -       0x00000001   Zero   RW          782    .bss.awork3_CEDV    mode.o
    0x20000517        -       0x00000001   Zero   RW          783    .bss.awork4_CEDV    mode.o
    0x20000518        -       0x00000001   Zero   RW          779    .bss.b_aidx         mode.o
    0x20000519        -       0x00000001   Zero   RW          829    .bss.bit_chg_smooth_CE  mode.o
    0x2000051a        -       0x00000001   Zero   RW          412    .bss.bit_rc_use     datcalc_spl.o
    0x2000051b   0x08014136   0x00000001   PAD
    0x2000051c        -       0x00000002   Zero   RW         1381    .bss.blk_read_case_last  smbus_protocol.o
    0x2000051e        -       0x00000001   Zero   RW          100    .bss.cal_average_current.current_cnt  afe_cvt.o
    0x2000051f   0x08014136   0x00000001   PAD
    0x20000520        -       0x00000004   Zero   RW          101    .bss.cal_average_current.current_sum  afe_cvt.o
    0x20000524        -       0x00000004   Zero   RW           99    .bss.cal_average_current.time_cnt_ms  afe_cvt.o
    0x20000528        -       0x00000001   Zero   RW         1137    .bss.cal_average_dbpt_current.buf_index  protect.o
    0x20000529   0x08014136   0x00000001   PAD
    0x2000052a        -       0x000000a0   Zero   RW         1136    .bss.cal_average_dbpt_current.current_buf  protect.o
    0x200005ca        -       0x00000002   Zero   RW         1140    .bss.cal_average_dbpt_current.dbpt_average_current  protect.o
    0x200005cc        -       0x00000004   Zero   RW         1139    .bss.cal_average_dbpt_current.dbpt_current_sum  protect.o
    0x200005d0        -       0x00000001   Zero   RW         1138    .bss.cal_average_dbpt_current.full_flag  protect.o
    0x200005d1        -       0x00000001   Zero   RW          796    .bss.calc_RES_soc_chabiao  mode.o
    0x200005d2        -       0x00000001   Zero   RW          798    .bss.calc_RES_soc_jisuan  mode.o
    0x200005d3   0x08014136   0x00000001   PAD
    0x200005d4        -       0x00000002   Zero   RW          812    .bss.calc_Res_k_EndRes  mode.o
    0x200005d6        -       0x00000002   Zero   RW          821    .bss.calc_Res_k_InitSOC  mode.o
    0x200005d8        -       0x00000002   Zero   RW          813    .bss.calc_k_initRES  mode.o
    0x200005da        -       0x00000002   Zero   RW          797    .bss.calc_k_res_chabiao  mode.o
    0x200005dc        -       0x00000002   Zero   RW          799    .bss.calc_k_res_jisuan  mode.o
    0x200005de        -       0x00000002   Zero   RW          830    .bss.chg_smooth_cur_CE  mode.o
    0x200005e0        -       0x00000060   Zero   RW         1177    .bss.com_data       ram.o
    0x20000640        -       0x00000004   Zero   RW          833    .bss.cur_qmax_chu_fcc  mode.o
    0x20000644        -       0x00000400   Zero   RW          323    .bss.df_write_u32   dataflash.o
    0x20000a44        -       0x00000004   Zero   RW          795    .bss.dsg_CEDV_Record_lrc_w_update_k  mode.o
    0x20000a48        -       0x00000022   Zero   RW         1393    .bss.eMac           smbus_protocol.o
    0x20000a6a        -       0x00000001   Zero   RW          763    .bss.f_CHG_CEDV     mode.o
    0x20000a6b        -       0x00000001   Zero   RW          764    .bss.f_DSG_CEDV     mode.o
    0x20000a6c        -       0x00000001   Zero   RW          161    .bss.f_caltotal_attf  calc_attf.o
    0x20000a6d        -       0x00000001   Zero   RW          794    .bss.f_charge_cal_k_last  mode.o
    0x20000a6e        -       0x00000001   Zero   RW          762    .bss.f_chg_dsg_confirmed  mode.o
    0x20000a6f        -       0x00000001   Zero   RW          832    .bss.f_cp_l_last_CEDV  mode.o
    0x20000a70        -       0x00000001   Zero   RW          408    .bss.f_ful_chg_once  datcalc_spl.o
    0x20000a71        -       0x00000001   Zero   RW          822    .bss.f_fulchg_fuldsg  mode.o
    0x20000a72        -       0x00000001   Zero   RW          437    .bss.f_init_first_time  datcalc_spl.o
    0x20000a73        -       0x00000001   Zero   RW         1149    .bss.f_pi_pinghua   protect.o
    0x20000a74        -       0x00000001   Zero   RW          793    .bss.f_relax_cal_k_CEDV_last  mode.o
    0x20000a75        -       0x00000001   Zero   RW          765    .bss.f_relax_last_CEDV  mode.o
    0x20000a76        -       0x00000001   Zero   RW          843    .bss.f_rsoc_hold    mode.o
    0x20000a77        -       0x00000001   Zero   RW         1127    .bss.f_temp_high    protect.o
    0x20000a78        -       0x00000002   Zero   RW         1414    .bss.fcc_CEDV_Ture  smbus_protocol.o
    0x20000a7a        -       0x00000002   Zero   RW          811    .bss.fcc_use_qmax   mode.o
    0x20000a7c        -       0x00000002   Zero   RW          331    .bss.fdLenW         dataflash.o
    0x20000a7e        -       0x00000002   Zero   RW          330    .bss.fdLimitW       dataflash.o
    0x20000a80        -       0x00000002   Zero   RW          823    .bss.ful_dsg_cap_FCC  mode.o
    0x20000a82        -       0x00000002   Zero   RW          861    .bss.g_QamxPack     mode.o
    0x20000a84        -       0x00000004   Zero   RW          105    .bss.get_adc_calibration_value.cali_cnt  afe_cvt.o
    0x20000a88        -       0x00000004   Zero   RW          104    .bss.get_adc_calibration_value.cali_timeout_cnt  afe_cvt.o
    0x20000a8c        -       0x00000001   Zero   RW          210    .bss.get_iic_arblo  cbm8580m_int.o
    0x20000a8d        -       0x00000001   Zero   RW          211    .bss.get_iic_buserr  cbm8580m_int.o
    0x20000a8e        -       0x00000001   Zero   RW          220    .bss.hwd_recovery   cbm8580m_int.o
    0x20000a8f        -       0x00000001   Zero   RW          215    .bss.iic_rx_cnt     cbm8580m_int.o
    0x20000a90        -       0x00000001   Zero   RW          216    .bss.iic_tx_cnt     cbm8580m_int.o
    0x20000a91        -       0x00000001   Zero   RW          416    .bss.irsoc_last     datcalc_spl.o
    0x20000a92        -       0x00000001   Zero   RW          212    .bss.is_exti_trip   cbm8580m_int.o
    0x20000a93        -       0x00000193   Zero   RW          276    .bss.l_lifetimes    data_flash_value.o
    0x20000c26   0x08014136   0x00000002   PAD
    0x20000c28        -       0x00000004   Zero   RW          583    .bss.last_PF_Status  lifetime.o
    0x20000c2c        -       0x00000004   Zero   RW          582    .bss.last_Status_Status  lifetime.o
    0x20000c30        -       0x000000dc   Zero   RW          585    .bss.lifetime_ram   lifetime.o
    0x20000d0c        -       0x00000004   Zero   RW          434    .bss.lmaxerr_cnt    datcalc_spl.o
    0x20000d10        -       0x00000002   Zero   RW         1333    .bss.lowBus_cnt     smbus_protocol.o
    0x20000d12   0x08014136   0x00000002   PAD
    0x20000d14        -       0x00000004   Zero   RW          401    .bss.lrc_w_last     datcalc_spl.o
    0x20000d18        -       0x00000004   Zero   RW          418    .bss.lrcdr_w        datcalc_spl.o
    0x20000d1c        -       0x00000015   Zero   RW         1184    .bss.nAFERegister   ram.o
    0x20000d31   0x08014136   0x00000003   PAD
    0x20000d34        -       0x00000004   Zero   RW         1181    .bss.nChargingStatus  ram.o
    0x20000d38        -       0x00000008   Zero   RW         1195    .bss.nFilteredCapacity  ram.o
    0x20000d40        -       0x00000004   Zero   RW         1182    .bss.nGaugingStatus  ram.o
    0x20000d44        -       0x00000020   Zero   RW         1188    .bss.nLifeTimeDataBlock4  ram.o
    0x20000d64        -       0x00000020   Zero   RW         1189    .bss.nLifeTimeDataBlock5  ram.o
    0x20000d84        -       0x00000020   Zero   RW         1190    .bss.nLifeTimeDataBlock6  ram.o
    0x20000da4        -       0x00000020   Zero   RW         1191    .bss.nLifeTimeDataBlock7  ram.o
    0x20000dc4        -       0x00000020   Zero   RW         1192    .bss.nLifeTimeDataBlock8  ram.o
    0x20000de4        -       0x00000002   Zero   RW         1183    .bss.nManufacturingStatus  ram.o
    0x20000de6   0x08014136   0x00000002   PAD
    0x20000de8        -       0x00000004   Zero   RW         1180    .bss.nOperationStatus  ram.o
    0x20000dec        -       0x00000001   Zero   RW         1340    .bss.nReadLen       smbus_protocol.o
    0x20000ded   0x08014136   0x00000001   PAD
    0x20000dee        -       0x00000002   Zero   RW         1341    .bss.nWriteLen      smbus_protocol.o
    0x20000df0        -       0x00000004   Zero   RW         1334    .bss.need_change_sha1_pwd  smbus_protocol.o
    0x20000df4        -       0x00000001   Zero   RW          264    .bss.new_random     comm_protocol.o
    0x20000df5   0x08014136   0x00000001   PAD
    0x20000df6        -       0x00000002   Zero   RW         1331    .bss.no_com_cnt     smbus_protocol.o
    0x20000df8        -       0x00000002   Zero   RW          329    .bss.offset         dataflash.o
    0x20000dfa   0x08014136   0x00000002   PAD
    0x20000dfc        -       0x00000004   Zero   RW         1131    .bss.oldTemp        protect.o
    0x20000e00        -       0x000001f4   Zero   RW         1130    .bss.oldVoltage     protect.o
    0x20000ff4        -       0x00000002   Zero   RW         1126    .bss.oldVoltageSum  protect.o
    0x20000ff6        -       0x00000001   Zero   RW          844    .bss.old_rsoc       mode.o
    0x20000ff7   0x08014136   0x00000001   PAD
    0x20000ff8        -       0x00000004   Zero   RW          442    .bss.onedelay       datcalc_spl.o
    0x20000ffc        -       0x00000002   Zero   RW          168    .bss.percen_Q       calc_attf.o
    0x20000ffe        -       0x00000002   Zero   RW         1344    .bss.pi_sum_time    smbus_protocol.o
    0x20001000        -       0x00000002   Zero   RW         1345    .bss.pi_temp_time   smbus_protocol.o
    0x20001002   0x08014136   0x00000002   PAD
    0x20001004        -       0x00000004   Zero   RW         1148    .bss.plugged_IN.Record_lrc_w_pi  protect.o
    0x20001008        -       0x00000004   Zero   RW         1144    .bss.plugged_IN.data_tt  protect.o
    0x2000100c        -       0x00000004   Zero   RW         1142    .bss.plugged_IN.daydelay  protect.o
    0x20001010        -       0x00000001   Zero   RW         1145    .bss.plugged_IN.daydex  protect.o
    0x20001011   0x08014136   0x00000003   PAD
    0x20001014        -       0x00000004   Zero   RW         1143    .bss.plugged_IN.one_day  protect.o
    0x20001018        -       0x00000002   Zero   RW         1147    .bss.plugged_IN.rsoc_pi  protect.o
    0x2000101a        -       0x00000001   Zero   RW         1146    .bss.plugged_IN.sevendex  protect.o
    0x2000101b   0x08014136   0x00000001   PAD
    0x2000101c        -       0x00000004   Zero   RW         1141    .bss.plugged_IN.socdelay  protect.o
    0x20001020        -       0x00000004   Zero   RW          494    .bss.prehiegdelay   hdp.o
    0x20001024        -       0x00000004   Zero   RW          495    .bss.prelowdelay    hdp.o
    0x20001028        -       0x00000002   Zero   RW         1416    .bss.qmax_CEDV      smbus_protocol.o
    0x2000102a        -       0x00000002   Zero   RW          805    .bss.qmax_CEDV_temp  mode.o
    0x2000102c        -       0x00000004   Zero   RW          775    .bss.rc_integral_CEDV  mode.o
    0x20001030        -       0x00000001   Zero   RW          263    .bss.rcv_random     comm_protocol.o
    0x20001031   0x08014136   0x00000003   PAD
    0x20001034        -       0x00000004   Zero   RW         1394    .bss.read_processmsg.dataCnt  smbus_protocol.o
    0x20001038        -       0x00000001   Zero   RW          221    .bss.register_addr  cbm8580m_int.o
    0x20001039        -       0x00000001   Zero   RW           93    .bss.relaxing       afe_cvt.o
    0x2000103a        -       0x00000002   Zero   RW           94    .bss.relaxingCnt    afe_cvt.o
    0x2000103c        -       0x00000002   Zero   RW          333    .bss.remainLen      dataflash.o
    0x2000103e   0x08014136   0x00000002   PAD
    0x20001040        -       0x00000004   Zero   RW          570    .bss.rsoc_Cnt       lifetime.o
    0x20001044        -       0x00000026   Zero   RW         1337    .bss.rx_buffer      smbus_protocol.o
    0x2000106a   0x08014136   0x00000002   PAD
    0x2000106c        -       0x000000d0   Zero   RW         1439    .bss.s_tTmr         soft_timer.o
    0x2000113c        -       0x00000538   Zero   RW         1379    .bss.scom_no_tbl    smbus_protocol.o
    0x20001674        -       0x00000004   Zero   RW          443    .bss.seconddelay    datcalc_spl.o
    0x20001678        -       0x00000002   Zero   RW          973    .bss.ship_timer     power_modes.o
    0x2000167a        -       0x00000001   Zero   RW         1116    .bss.shutdown_wake_flag  protect.o
    0x2000167b   0x08014136   0x00000001   PAD
    0x2000167c        -       0x00000002   Zero   RW           23    .bss.smartchgcrl    advancedchargealgorithm.o
    0x2000167e   0x08014136   0x00000002   PAD
    0x20001680        -       0x00000004   Zero   RW          219    .bss.systick_ms     cbm8580m_int.o
    0x20001684        -       0x0000000e   Zero   RW         1274    .bss.t_DBPT         sbs_commands.o
    0x20001692        -       0x00000002   Zero   RW         1179    .bss.t_com00        ram.o
    0x20001694        -       0x00000002   Zero   RW          402    .bss.t_com0dsoclast  datcalc_spl.o
    0x20001696        -       0x00000002   Zero   RW          415    .bss.t_com0fCap     datcalc_spl.o
    0x20001698        -       0x00000002   Zero   RW          824    .bss.t_com0f_CEDV   mode.o
    0x2000169a        -       0x00000002   Zero   RW          777    .bss.t_com0f_CEDV_show  mode.o
    0x2000169c        -       0x00000004   Zero   RW          440    .bss.t_com10Cap     datcalc_spl.o
    0x200016a0        -       0x00000002   Zero   RW         1411    .bss.t_com10_out    smbus_protocol.o
    0x200016a2        -       0x00000002   Zero   RW         1401    .bss.t_com1d_out    smbus_protocol.o
    0x200016a4        -       0x00000002   Zero   RW         1402    .bss.t_com1e_out    smbus_protocol.o
    0x200016a6        -       0x00000002   Zero   RW         1347    .bss.t_com1f_out    smbus_protocol.o
    0x200016a8        -       0x00000002   Zero   RW         1348    .bss.t_com31_out    smbus_protocol.o
    0x200016aa        -       0x00000002   Zero   RW         1349    .bss.t_com32_out    smbus_protocol.o
    0x200016ac        -       0x00000002   Zero   RW         1350    .bss.t_com33_out    smbus_protocol.o
    0x200016ae        -       0x00000002   Zero   RW         1351    .bss.t_com39_out    smbus_protocol.o
    0x200016b0        -       0x00000002   Zero   RW         1352    .bss.t_com3a_out    smbus_protocol.o
    0x200016b2        -       0x00000002   Zero   RW         1353    .bss.t_com41_out    smbus_protocol.o
    0x200016b4        -       0x00000002   Zero   RW         1354    .bss.t_com42_out    smbus_protocol.o
    0x200016b6        -       0x00000002   Zero   RW         1355    .bss.t_com43_out    smbus_protocol.o
    0x200016b8        -       0x00000023   Zero   RW         1178    .bss.t_com44        ram.o
    0x200016db   0x08014136   0x00000001   PAD
    0x200016dc        -       0x00000002   Zero   RW         1356    .bss.t_com45_out    smbus_protocol.o
    0x200016de        -       0x00000002   Zero   RW         1410    .bss.t_com4e_out    smbus_protocol.o
    0x200016e0        -       0x00000002   Zero   RW         1172    .bss.t_com79        ram.o
    0x200016e2        -       0x00000002   Zero   RW         1173    .bss.t_com79_CEDV   ram.o
    0x200016e4        -       0x00000002   Zero   RW         1357    .bss.t_com8b_out    smbus_protocol.o
    0x200016e6        -       0x00000002   Zero   RW         1358    .bss.t_com8c_out    smbus_protocol.o
    0x200016e8        -       0x00000002   Zero   RW         1359    .bss.t_com8d_out    smbus_protocol.o
    0x200016ea        -       0x00000002   Zero   RW         1360    .bss.t_com8e_out    smbus_protocol.o
    0x200016ec        -       0x00000002   Zero   RW         1361    .bss.t_com8f_out    smbus_protocol.o
    0x200016ee        -       0x00000002   Zero   RW         1362    .bss.t_com90_out    smbus_protocol.o
    0x200016f0        -       0x00000002   Zero   RW         1363    .bss.t_com91_out    smbus_protocol.o
    0x200016f2        -       0x00000002   Zero   RW         1364    .bss.t_com92_out    smbus_protocol.o
    0x200016f4        -       0x00000002   Zero   RW         1365    .bss.t_com93_out    smbus_protocol.o
    0x200016f6        -       0x00000002   Zero   RW         1366    .bss.t_com94_out    smbus_protocol.o
    0x200016f8        -       0x00000002   Zero   RW         1367    .bss.t_com95_out    smbus_protocol.o
    0x200016fa        -       0x00000002   Zero   RW         1368    .bss.t_com96_out    smbus_protocol.o
    0x200016fc        -       0x00000002   Zero   RW         1369    .bss.t_com97_out    smbus_protocol.o
    0x200016fe        -       0x00000002   Zero   RW         1370    .bss.t_com98_out    smbus_protocol.o
    0x20001700        -       0x00000002   Zero   RW         1346    .bss.t_com99_out    smbus_protocol.o
    0x20001702        -       0x00000002   Zero   RW         1371    .bss.t_com9a_out    smbus_protocol.o
    0x20001704        -       0x00000002   Zero   RW         1372    .bss.t_com9b_out    smbus_protocol.o
    0x20001706        -       0x00000002   Zero   RW         1373    .bss.t_com9c_out    smbus_protocol.o
    0x20001708        -       0x00000002   Zero   RW         1374    .bss.t_com9d_out    smbus_protocol.o
    0x2000170a        -       0x00000002   Zero   RW         1375    .bss.t_com9e_out    smbus_protocol.o
    0x2000170c        -       0x00000002   Zero   RW         1376    .bss.t_com9f_out    smbus_protocol.o
    0x2000170e        -       0x00000002   Zero   RW         1377    .bss.t_coma0_out    smbus_protocol.o
    0x20001710        -       0x00000002   Zero   RW         1378    .bss.t_coma1_out    smbus_protocol.o
    0x20001712        -       0x00000068   Zero   RW          275    .bss.t_record       data_flash_value.o
    0x2000177a   0x08014136   0x00000002   PAD
    0x2000177c        -       0x00000024   Zero   RW          441    .bss.t_si_loss_para  datcalc_spl.o
    0x200017a0        -       0x00000001   Zero   RW          685    .bss.task_init      mcu.o
    0x200017a1   0x08014136   0x00000001   PAD
    0x200017a2        -       0x00000002   Zero   RW          439    .bss.tccup          datcalc_spl.o
    0x200017a4        -       0x00000002   Zero   RW          425    .bss.tcpl_v         datcalc_spl.o
    0x200017a6        -       0x00000002   Zero   RW          106    .bss.temperature    afe_cvt.o
    0x200017a8        -       0x00000002   Zero   RW          774    .bss.tfc_cnt_CEDV   mode.o
    0x200017aa        -       0x00000001   Zero   RW          974    .bss.timebaseflag   power_modes.o
    0x200017ab   0x08014136   0x00000001   PAD
    0x200017ac        -       0x00000004   Zero   RW          972    .bss.timeshutdown_timer  power_modes.o
    0x200017b0        -       0x00000004   Zero   RW          218    .bss.timing_delay   cbm8580m_int.o
    0x200017b4        -       0x00000002   Zero   RW          435    .bss.toldrc         datcalc_spl.o
    0x200017b6        -       0x00000002   Zero   RW          177    .bss.total_attf_adjtem  calc_attf.o
    0x200017b8        -       0x00000002   Zero   RW          172    .bss.total_time_attf  calc_attf.o
    0x200017ba        -       0x00000002   Zero   RW          784    .bss.twork1_out     mode.o
    0x200017bc        -       0x00000026   Zero   RW         1338    .bss.tx_buffer      smbus_protocol.o
    0x200017e2        -       0x00000002   Zero   RW          171    .bss.usAttf         calc_attf.o
    0x200017e4        -       0x00000004   Zero   RW          175    .bss.usAttfLast     calc_attf.o
    0x200017e8        -       0x00000001   Zero   RW          214    .bss.write_flag     cbm8580m_int.o
    0x200017e9   0x08014136   0x00000007   PAD
    0x200017f0        -       0x00003000   Zero   RW         1543    STACK               startup_cbm858xm.o



  Load Region LR$$.ARM.__at_0x08032000 (Base: 0x08032000, Size: 0x000004d8, Max: 0x000004d8, ABSOLUTE)

    Execution Region ER$$.ARM.__at_0x08032000 (Exec base: 0x08032000, Load base: 0x08032000, Size: 0x000004d8, Max: 0x000004d8, ABSOLUTE, UNINIT)

    Exec Addr    Load Addr    Size         Type   Attr      Idx    E Section Name        Object

    0x08032000   0x08032000   0x000004d6   Data   RO          277    .ARM.__at_0x08032000  data_flash_value.o



  Load Region LR$$.ARM.__at_0x08032800 (Base: 0x08032800, Size: 0x000008dc, Max: 0x000008dc, ABSOLUTE)

    Execution Region ER$$.ARM.__at_0x08032800 (Exec base: 0x08032800, Load base: 0x08032800, Size: 0x000008dc, Max: 0x000008dc, ABSOLUTE, UNINIT)

    Exec Addr    Load Addr    Size         Type   Attr      Idx    E Section Name        Object

    0x08032800   0x08032800   0x000008da   Data   RO         1159    .ARM.__at_0x08032800  ra_value.o


==============================================================================

Image component sizes


      Code (inc. data)   RO Data    RW Data    ZI Data      Debug   Object Name

      2516        300          0          0          3       4696   advancedchargealgorithm.o
      3652        324        960          4         96      12341   afe_cvt.o
       218          8          0          0          1       5311   afetimer.o
       864        180          0          0         26       3231   calc_attf.o
      1656        200          0         17         16       6367   cbm8580m_int.o
       642         24          0          0          0       4226   cbm858x_afe_transimit.o
       224          0          0          0          0       2903   cbm858xm_gpio.o
        96          4          0          0          0       3543   cbm858xm_i2c.o
       264         12          0          0          2       6122   comm_protocol.o
         0          0       1238          0        507      50139   data_flash_value.o
      2666        252          0          0       1047       9229   dataflash.o
      4240        380          0          0         75      17592   datcalc_spl.o
      1514        104          0          5         13       6032   hdp.o
      8908        716          0          3        316      13566   lifetime.o
       160         12          0          0          0       3135   log.o
       136         12          0          0          0       1941   lptm.o
       268         20         32          2          0       1365   main.o
      1070        116          0          1          2       4634   mcu.o
     10060       1508          4          8        161      19689   mode.o
       950         68          4          0         16       4940   modules_sha1.o
      2228        276          0          0         20       5207   power_modes.o
     14032       1916          0          2        903      17331   protect.o
         0          0       2266          0          0        817   ra_value.o
         0          0          0          0        368       7620   ram.o
       248         16          0          4          4       5276   rtc.o
       176         68          0         23        347       8874   sbs_commands.o
     11954       3584        260          0       1577      16139   smbus_protocol.o
       240         32          0          0        208       2810   soft_timer.o
        28          8        184          0      12288        628   startup_cbm858xm.o
        24          4          0          4          0        969   system_cbm858xm.o
        84         24         32          0         56       1353   upflash.o

    ----------------------------------------------------------------------
     69156      10168       5016         80      18136     248026   Object Totals
         0          0         32          0          0          0   (incl. Generated)
        38          0          4          7         84          0   (incl. Padding)

    ----------------------------------------------------------------------

      Code (inc. data)   RO Data    RW Data    ZI Data      Debug   Library Member Name

       930         44          0          0          0      12344   cbm858x_afe_cc.o
       204          0          0          0          0       4583   cbm858x_afe_cddrv.o
       130          4          0          0          0       3847   cbm858x_afe_dtdrv.o
        84          0          0          0          0       1986   cbm858x_afe_gcr.o
       110          4          0          0          0       5052   cbm858x_afe_gpio.o
       622          4          0          0          0       7582   cbm858x_afe_hdp.o
       320          0          0          0          0       6656   cbm858x_afe_int.o
       174          0          0          0          0       2883   cbm858x_afe_pmu.o
        66          0          0          0          0       3138   cbm858x_afe_rcc.o
      1138         44          0          0          0      17433   cbm858x_afe_vadc.o
       134          4          0          0          0       2140   cbm858x_afe_wkcp.o
        68          8          0          0          0       2359   cbm858xm_exti.o
       352         28          0          0          0      11292   cbm858xm_flash.o
        92         32          0          0          0       1867   cbm858xm_fwdt.o
        56          4          0          0          0       1632   cbm858xm_hdiv.o
       168         32          0          0          0       4809   cbm858xm_lptim.o
        84         12          0          0          0       2474   cbm858xm_misc.o
       112          8          0          0          0       3498   cbm858xm_pmu.o
       302         44         16          0          0       5683   cbm858xm_rcu.o
       256         20          0          0          0      11332   cbm858xm_rtc.o
       174         16          0          0          0       5821   cbm858xm_spi.o
        32          4          0          0          0       3685   cbm858xm_syscfg.o
        32          4          0          0          0      13126   cbm858xm_tim.o
       192         16          0          0          0       6694   cbm858xm_usart.o
       604          8         64          0          0       6023   hash.o
       380         44          0          0          0       4369   hash_basic.o
       398          8          0          0          0       3807   hmac.o
        28          4          0          0          0       8496   trng.o
       166          0          0          0          0      11059   utility.o
        52          4          0          0          0       4097   utility_sec.o
        32          8          0          0          0         72   cpp_init.o
         0          0          0          0          0          0   entry.o
         0          0          0          0          0          0   entry10a.o
         0          0          0          0          0          0   entry11a.o
         8          4          0          0          0          0   entry2.o
         4          0          0          0          0          0   entry5.o
         0          0          0          0          0          0   entry7b.o
         4          0          0          0          0          0   entry8a.o
         0          0          0          0          0          0   entry8b.o
         8          4          0          0          0          0   entry9a.o
        30          0          0          0          0          0   handlers.o
        80          6          0          0          0         72   idiv_div0.o
        36          8          0          0          0         68   init.o
         0          0          0          0          0          0   iusefp.o
        48          0          0          0          0         72   llmul.o
        32          0          0          0          0         68   llshl.o
        38          0          0          0          0         68   llsshr.o
        34          0          0          0          0         68   llushr.o
        36          0          0          0          0         60   memcpya.o
        36          0          0          0          0        100   memseta.o
      1172         52          0          0          0        324   printf8.o
        36         12          0          4          0        120   rand.o
         0          0          0          4          0          0   stdout.o
        62          0          0          0          0         72   uidiv_div0.o
        96          0          0          0          0         84   uldiv.o
        56          0          0          0          0         68   d2f.o
       356          4          0          0          0        140   dadd.o
        44          0          0          0          0         68   dcmple.o
        44          0          0          0          0         68   dcmplt.o
       240          6          0          0          0         84   ddiv.o
       236          0          0          0          0        216   depilogue.o
        72         10          0          0          0         72   dfixi.o
        40          6          0          0          0         68   dflti.o
        28          4          0          0          0         68   dfltui.o
       208          6          0          0          0         88   dmul.o
        40          0          0          0          0         60   f2d.o
       178          0          0          0          0        108   fadd.o
        28          0          0          0          0         60   fcmpge.o
        28          0          0          0          0         60   fcmpgt.o
        28          0          0          0          0         60   fcmple.o
        28          0          0          0          0         60   fcmplt.o
       124          0          0          0          0         72   fdiv.o
       130          0          0          0          0        144   fepilogue.o
        50          0          0          0          0         60   ffixi.o
        22          0          0          0          0         68   fflti.o
        14          0          0          0          0         68   ffltui.o
       122          0          0          0          0         72   fmul.o

    ----------------------------------------------------------------------
     11400        530         80          8          0     182847   Library Totals
        32          0          0          0          0          0   (incl. Padding)

    ----------------------------------------------------------------------

      Code (inc. data)   RO Data    RW Data    ZI Data      Debug   Library Name

      3912        104          0          0          0      67644   cbm858x_afe.lib
      1920        228         16          0          0      74272   cbm858xm.lib
      1628         68         64          0          0      37851   crypto.lib
      1792         94          0          8          0       1248   mc_p.l
      2116         36          0          0          0       1832   mf_p.l

    ----------------------------------------------------------------------
     11400        530         80          8          0     182847   Library Totals

    ----------------------------------------------------------------------

==============================================================================


      Code (inc. data)   RO Data    RW Data    ZI Data      Debug   

     80556      10698       5096         88      18136     428501   Grand Totals
     80556      10698       5096         88      18136     428501   ELF Image Totals
     80556      10698       5096         88          0          0   ROM Totals

==============================================================================

    Total RO  Size (Code + RO Data)                85652 (  83.64kB)
    Total RW  Size (RW Data + ZI Data)             18224 (  17.80kB)
    Total ROM Size (Code + RO Data + RW Data)      85740 (  83.73kB)

==============================================================================

