Component: ARM Compiler 6.15 Tool: armlink [5dd79300]

==============================================================================

Section Cross References

    advancedchargealgorithm.o(.text.VoltageRangeJudge) refers to ram.o(.bss.V_min) for V_min
    advancedchargealgorithm.o(.text.VoltageRangeJudge) refers to ram.o(.bss.nChargingStatus) for nChargingStatus
    advancedchargealgorithm.o(.text.VoltageRangeJudge) refers to ram.o(.bss.V_max) for V_max
    advancedchargealgorithm.o(.text.VoltageRangeJudge) refers to advancedchargealgorithm.o(.bss.CellVoltRange) for CellVoltRange
    advancedchargealgorithm.o(.text.VoltageRangeJudge) refers to sbs_commands.o(.bss._BatteryStatus) for _BatteryStatus
    advancedchargealgorithm.o(.text.VoltageRangeJudge) refers to data_flash_value.o(.ARM.__at_0x08032000) for flashdata
    advancedchargealgorithm.o(.ARM.exidx.text.VoltageRangeJudge) refers to advancedchargealgorithm.o(.text.VoltageRangeJudge) for [Anonymous Symbol]
    advancedchargealgorithm.o(.text.TemperatureRangeJudge) refers to fflti.o(.text) for __aeabi_i2f
    advancedchargealgorithm.o(.text.TemperatureRangeJudge) refers to fcmpge.o(.text) for __aeabi_fcmpge
    advancedchargealgorithm.o(.text.TemperatureRangeJudge) refers to fcmple.o(.text) for __aeabi_fcmple
    advancedchargealgorithm.o(.text.TemperatureRangeJudge) refers to fcmpgt.o(.text) for __aeabi_fcmpgt
    advancedchargealgorithm.o(.text.TemperatureRangeJudge) refers to ram.o(.bss.Ts_max) for Ts_max
    advancedchargealgorithm.o(.text.TemperatureRangeJudge) refers to ram.o(.bss.nChargingStatus) for nChargingStatus
    advancedchargealgorithm.o(.text.TemperatureRangeJudge) refers to data_flash_value.o(.ARM.__at_0x08032000) for flashdata
    advancedchargealgorithm.o(.ARM.exidx.text.TemperatureRangeJudge) refers to advancedchargealgorithm.o(.text.TemperatureRangeJudge) for [Anonymous Symbol]
    advancedchargealgorithm.o(.text.Charge_Inhibit) refers to ram.o(.bss.nChargingStatus) for nChargingStatus
    advancedchargealgorithm.o(.text.Charge_Inhibit) refers to advancedchargealgorithm.o(.bss.smartchgcrl) for smartchgcrl
    advancedchargealgorithm.o(.text.Charge_Inhibit) refers to ram.o(.bss.nGaugingStatus) for nGaugingStatus
    advancedchargealgorithm.o(.text.Charge_Inhibit) refers to sbs_commands.o(.bss._ChargingCurrent) for _ChargingCurrent
    advancedchargealgorithm.o(.text.Charge_Inhibit) refers to data_flash_value.o(.ARM.__at_0x08032000) for flashdata
    advancedchargealgorithm.o(.ARM.exidx.text.Charge_Inhibit) refers to advancedchargealgorithm.o(.text.Charge_Inhibit) for [Anonymous Symbol]
    advancedchargealgorithm.o(.text.Charge_Suspend) refers to ram.o(.bss.nChargingStatus) for nChargingStatus
    advancedchargealgorithm.o(.text.Charge_Suspend) refers to sbs_commands.o(.bss._ChargingCurrent) for _ChargingCurrent
    advancedchargealgorithm.o(.text.Charge_Suspend) refers to sbs_commands.o(.bss._ChargingVoltage) for _ChargingVoltage
    advancedchargealgorithm.o(.text.Charge_Suspend) refers to advancedchargealgorithm.o(.bss.smartchgcrl) for smartchgcrl
    advancedchargealgorithm.o(.text.Charge_Suspend) refers to data_flash_value.o(.ARM.__at_0x08032000) for flashdata
    advancedchargealgorithm.o(.ARM.exidx.text.Charge_Suspend) refers to advancedchargealgorithm.o(.text.Charge_Suspend) for [Anonymous Symbol]
    advancedchargealgorithm.o(.text.MaintenanceCharge) refers to ram.o(.bss.nChargingStatus) for nChargingStatus
    advancedchargealgorithm.o(.text.MaintenanceCharge) refers to sbs_commands.o(.bss._BatteryStatus) for _BatteryStatus
    advancedchargealgorithm.o(.ARM.exidx.text.MaintenanceCharge) refers to advancedchargealgorithm.o(.text.MaintenanceCharge) for [Anonymous Symbol]
    advancedchargealgorithm.o(.text.Charging_CV_Fun) refers to advancedchargealgorithm.o(.text.Charge_Inhibit) for Charge_Inhibit
    advancedchargealgorithm.o(.text.Charging_CV_Fun) refers to advancedchargealgorithm.o(.text.Charge_Suspend) for Charge_Suspend
    advancedchargealgorithm.o(.text.Charging_CV_Fun) refers to uidiv_div0.o(.text) for __aeabi_uidiv
    advancedchargealgorithm.o(.text.Charging_CV_Fun) refers to sbs_commands.o(.bss._ChargingCurrent) for _ChargingCurrent
    advancedchargealgorithm.o(.text.Charging_CV_Fun) refers to sbs_commands.o(.bss._ChargingVoltage) for _ChargingVoltage
    advancedchargealgorithm.o(.text.Charging_CV_Fun) refers to ram.o(.bss.nOperationStatus) for nOperationStatus
    advancedchargealgorithm.o(.text.Charging_CV_Fun) refers to ram.o(.bss.nChargingStatus) for nChargingStatus
    advancedchargealgorithm.o(.text.Charging_CV_Fun) refers to sbs_commands.o(.bss._BatteryStatus) for _BatteryStatus
    advancedchargealgorithm.o(.text.Charging_CV_Fun) refers to ram.o(.bss.com_data) for com_data
    advancedchargealgorithm.o(.text.Charging_CV_Fun) refers to ram.o(.bss.t_com79) for t_com79
    advancedchargealgorithm.o(.text.Charging_CV_Fun) refers to data_flash_value.o(.ARM.__at_0x08032000) for flashdata
[...]
    0x0800aabc   0x0800aabc   0x00000304   Code   RO          899    .text.SleepMode_Check  power_modes.o
    0x0800adc0   0x0800adc0   0x00000190   Code   RO         1276    .text.SmbusMACWriteInstruction  smbus_protocol.o
    0x0800af50   0x0800af50   0x00000070   Code   RO         1268    .text.SmbusTimeout_Chk  smbus_protocol.o
    0x0800afc0   0x0800afc0   0x0000004c   Code   RO         1011    .text.Soc_OCV_Calibration  protect.o
    0x0800b00c   0x0800b00c   0x00000048   Code   RO         1378    .text.SoftTimerDec  soft_timer.o
    0x0800b054   0x0800b054   0x00000012   Code   RO         1272    .text.Soft_Reset    smbus_protocol.o
    0x0800b066   0x0800b066   0x00000002   PAD
    0x0800b068   0x0800b068   0x00000048   Code   RO         1380    .text.StartSoftTimer  soft_timer.o
    0x0800b0b0   0x0800b0b0   0x00000030   Code   RO         1382    .text.StopSoftTimer  soft_timer.o
    0x0800b0e0   0x0800b0e0   0x000007a8   Code   RO         1254    .text.SubCmdReadData  smbus_protocol.o
    0x0800b888   0x0800b888   0x000007d4   Code   RO         1258    .text.SubWriteCtrlCmd  smbus_protocol.o
    0x0800c05c   0x0800c05c   0x0000005c   Code   RO         1256    .text.SubWriteData  smbus_protocol.o
    0x0800c0b8   0x0800c0b8   0x00000020   Code   RO          642    .text.SysTick_Config  mcu.o
    0x0800c0d8   0x0800c0d8   0x0000005c   Code   RO          194    .text.SysTick_Handler  cbm8580m_int.o
    0x0800c134   0x0800c134   0x0000002c   Code   RO          206    .text.TIM3_IRQHandler  cbm8580m_int.o
    0x0800c160   0x0800c160   0x00000268   Code   RO            4    .text.TemperatureRangeJudge  advancedchargealgorithm.o
    0x0800c3c8   0x0800c3c8   0x00000070   Code   RO          921    .text.TimeBasedShutdown  power_modes.o
    0x0800c438   0x0800c438   0x000001d4   Code   RO            2    .text.VoltageRangeJudge  advancedchargealgorithm.o
    0x0800c60c   0x0800c60c   0x000000d4   Code   RO          917    .text.VoltageShutdownMode  power_modes.o
    0x0800c6e0   0x0800c6e0   0x0000001a   Code   RO          431    .text.WakeCp_init   hdp.o
    0x0800c6fa   0x0800c6fa   0x00000002   PAD
    0x0800c6fc   0x0800c6fc   0x00000050   Code   RO          429    .text.WakeUp_Ctrl   hdp.o
    0x0800c74c   0x0800c74c   0x0000001c   Code   RO         1413    .text.Write_UpFlash  upflash.o
    0x0800c768   0x0800c768   0x00000008   Code   RO          856    .text._GLOBAL__sub_I_modules_sha1.c  modules_sha1.o
    0x0800c770   0x0800c770   0x00000008   Code   RO         1278    .text._GLOBAL__sub_I_smbus_protocol.c  smbus_protocol.o
    0x0800c778   0x0800c778   0x00000018   Code   RO          648    .text.__NVIC_SetPriority  mcu.o
    0x0800c790   0x0800c790   0x0000001c   Code   RO         1274    .text.__NVIC_SystemReset  smbus_protocol.o
    0x0800c7ac   0x0800c7ac   0x00000028   Code   RO          846    .text.__cxx_global_var_init  modules_sha1.o
    0x0800c7d4   0x0800c7d4   0x00000c54   Code   RO         1242    .text.__cxx_global_var_init  smbus_protocol.o
    0x0800d428   0x0800d428   0x00000034   Code   RO         1620    .text.afe_cc_chop_enable_ctrl  cbm858x_afe.lib(cbm858x_afe_cc.o)
    0x0800d45c   0x0800d45c   0x00000034   Code   RO         1626    .text.afe_cc_enable_ctrl  cbm858x_afe.lib(cbm858x_afe_cc.o)
    0x0800d490   0x0800d490   0x000001f0   Code   RO         1652    .text.afe_cc_first_order_conver_data_calc  cbm858x_afe.lib(cbm858x_afe_cc.o)
    0x0800d680   0x0800d680   0x0000008c   Code   RO           49    .text.afe_cc_first_order_init  afe_cvt.o
    0x0800d70c   0x0800d70c   0x00000028   Code   RO         1648    .text.afe_cc_flag_status_get  cbm858x_afe.lib(cbm858x_afe_cc.o)
    0x0800d734   0x0800d734   0x00000060   Code   RO         1618    .text.afe_cc_general_init  cbm858x_afe.lib(cbm858x_afe_cc.o)
    0x0800d794   0x0800d794   0x00000034   Code   RO         1622    .text.afe_cc_ichop_enable_ctrl  cbm858x_afe.lib(cbm858x_afe_cc.o)
    0x0800d7c8   0x0800d7c8   0x00000058   Code   RO         1624    .text.afe_cc_normal_mode_init  cbm858x_afe.lib(cbm858x_afe_cc.o)
    0x0800d820   0x0800d820   0x00000036   Code   RO         1632    .text.afe_cc_sarend_enable_ctrl  cbm858x_afe.lib(cbm858x_afe_cc.o)
    0x0800d856   0x0800d856   0x00000044   Code   RO         1668    .text.afe_cddrv_charge_enable_ctrl  cbm858x_afe.lib(cbm858x_afe_cddrv.o)
    0x0800d89a   0x0800d89a   0x00000044   Code   RO         1666    .text.afe_cddrv_chgdsg_mos_enable_ctrl  cbm858x_afe.lib(cbm858x_afe_cddrv.o)
    0x0800d8de   0x0800d8de   0x00000044   Code   RO         1672    .text.afe_cddrv_discharge_enable_ctrl  cbm858x_afe.lib(cbm858x_afe_cddrv.o)
    0x0800d922   0x0800d922   0x00000002   PAD
    0x0800d924   0x0800d924   0x00000048   Code   RO         1702    .text.afe_dtdrv_fusing_enable_ctrl  cbm858x_afe.lib(cbm858x_afe_dtdrv.o)
    0x0800d96c   0x0800d96c   0x0000003a   Code   RO         1694    .text.afe_dtdrv_vc_enable_ctrl  cbm858x_afe.lib(cbm858x_afe_dtdrv.o)
    0x0800d9a6   0x0800d9a6   0x00000002   PAD
    0x0800d9a8   0x0800d9a8   0x000000a4   Code   RO         1437    .text.afe_enter_shutdown  cbm858x_afe_transimit.o
    0x0800da4c   0x0800da4c   0x0000002e   Code   RO         1822    .text.afe_fuse_remove_jitter_delay_config  cbm858x_afe.lib(cbm858x_afe_int.o)
    0x0800da7a   0x0800da7a   0x0000000c   Code   RO         1718    .text.afe_gcr_pb0_mf_config  cbm858x_afe.lib(cbm858x_afe_gcr.o)
    0x0800da86   0x0800da86   0x0000001e   Code   RO         1722    .text.afe_gcr_reg_lock  cbm858x_afe.lib(cbm858x_afe_gcr.o)
    0x0800daa4   0x0800daa4   0x0000002a   Code   RO         1720    .text.afe_gcr_reg_unlock  cbm858x_afe.lib(cbm858x_afe_gcr.o)
    0x0800dace   0x0800dace   0x00000002   PAD
    0x0800dad0   0x0800dad0   0x0000002c   Code   RO         1738    .text.afe_gpio_input_data_bit_read  cbm858x_afe.lib(cbm858x_afe_gpio.o)
    0x0800dafc   0x0800dafc   0x00000042   Code   RO         1734    .text.afe_gpio_mode_config  cbm858x_afe.lib(cbm858x_afe_gpio.o)
    0x0800db3e   0x0800db3e   0x00000034   Code   RO         1778    .text.afe_hdp_charging_short_config  cbm858x_afe.lib(cbm858x_afe_hdp.o)
    0x0800db72   0x0800db72   0x00000002   PAD
    0x0800db74   0x0800db74   0x00000048   Code   RO         1780    .text.afe_hdp_charging_short_enable_ctrl  cbm858x_afe.lib(cbm858x_afe_hdp.o)
    0x0800dbbc   0x0800dbbc   0x00000032   Code   RO         1770    .text.afe_hdp_discharge_overload_config  cbm858x_afe.lib(cbm858x_afe_hdp.o)
    0x0800dbee   0x0800dbee   0x00000002   PAD
    0x0800dbf0   0x0800dbf0   0x00000048   Code   RO         1772    .text.afe_hdp_discharge_overload_enable_ctrl  cbm858x_afe.lib(cbm858x_afe_hdp.o)
    0x0800dc38   0x0800dc38   0x00000034   Code   RO         1786    .text.afe_hdp_discharge_short_1_config  cbm858x_afe.lib(cbm858x_afe_hdp.o)
    0x0800dc6c   0x0800dc6c   0x00000048   Code   RO         1790    .text.afe_hdp_discharge_short_1_enable_ctrl  cbm858x_afe.lib(cbm858x_afe_hdp.o)
    0x0800dcb4   0x0800dcb4   0x00000034   Code   RO         1794    .text.afe_hdp_discharge_short_2_config  cbm858x_afe.lib(cbm858x_afe_hdp.o)
    0x0800dce8   0x0800dce8   0x0000004c   Code   RO         1796    .text.afe_hdp_discharge_short_2_enable_ctrl  cbm858x_afe.lib(cbm858x_afe_hdp.o)
    0x0800dd34   0x0800dd34   0x00000032   Code   RO         1764    .text.afe_hdp_hardware_protect_config  cbm858x_afe.lib(cbm858x_afe_hdp.o)
    0x0800dd66   0x0800dd66   0x0000004a   Code   RO         1766    .text.afe_hdp_hardware_protect_enable_ctrl  cbm858x_afe.lib(cbm858x_afe_hdp.o)
    0x0800ddb0   0x0800ddb0   0x00000026   Code   RO         1838    .text.afe_indicator_flag_get  cbm858x_afe.lib(cbm858x_afe_int.o)
    0x0800ddd6   0x0800ddd6   0x0000000c   Code   RO         1810    .text.afe_int_mode_config  cbm858x_afe.lib(cbm858x_afe_int.o)
    0x0800dde2   0x0800dde2   0x00000060   Code   RO         1812    .text.afe_int_periph_int_enable_ctrl  cbm858x_afe.lib(cbm858x_afe_int.o)
    0x0800de42   0x0800de42   0x00000016   Code   RO         1818    .text.afe_int_periph_int_flag_clear  cbm858x_afe.lib(cbm858x_afe_int.o)
    0x0800de58   0x0800de58   0x00000034   Code   RO         1816    .text.afe_int_periph_int_flag_get  cbm858x_afe.lib(cbm858x_afe_int.o)
    0x0800de8c   0x0800de8c   0x00000034   Code   RO         1868    .text.afe_pmu_pack_pull_down_enable_ctrl  cbm858x_afe.lib(cbm858x_afe_pmu.o)
    0x0800dec0   0x0800dec0   0x0000003a   Code   RO         1872    .text.afe_pmu_shutdown_dds_config  cbm858x_afe.lib(cbm858x_afe_pmu.o)
    0x0800defa   0x0800defa   0x00000040   Code   RO         1874    .text.afe_pmu_sw_awaken_enable_ctrl  cbm858x_afe.lib(cbm858x_afe_pmu.o)
    0x0800df3a   0x0800df3a   0x00000042   Code   RO         1886    .text.afe_rcc_periph_clock_enable_ctrl  cbm858x_afe.lib(cbm858x_afe_rcc.o)
    0x0800df7c   0x0800df7c   0x0000006c   Code   RO         1433    .text.afe_read_data  cbm858x_afe_transimit.o
    0x0800dfe8   0x0800dfe8   0x00000036   Code   RO         1820    .text.afe_remove_jitter_enable_ctrl  cbm858x_afe.lib(cbm858x_afe_int.o)
    0x0800e01e   0x0800e01e   0x00000002   PAD
    0x0800e020   0x0800e020   0x0000002c   Code   RO         1930    .text.afe_vadc_channel0_mode_config  cbm858x_afe.lib(cbm858x_afe_vadc.o)
    0x0800e04c   0x0800e04c   0x00000030   Code   RO         1950    .text.afe_vadc_channel10_mode_config  cbm858x_afe.lib(cbm858x_afe_vadc.o)
    0x0800e07c   0x0800e07c   0x00000034   Code   RO         1932    .text.afe_vadc_channel1_mode_config  cbm858x_afe.lib(cbm858x_afe_vadc.o)
    0x0800e0b0   0x0800e0b0   0x0000002e   Code   RO         1934    .text.afe_vadc_channel2_mode_config  cbm858x_afe.lib(cbm858x_afe_vadc.o)
    0x0800e0de   0x0800e0de   0x00000032   Code   RO         1936    .text.afe_vadc_channel3_mode_config  cbm858x_afe.lib(cbm858x_afe_vadc.o)
    0x0800e110   0x0800e110   0x00000032   Code   RO         1938    .text.afe_vadc_channel4_mode_config  cbm858x_afe.lib(cbm858x_afe_vadc.o)
    0x0800e142   0x0800e142   0x00000002   PAD
    0x0800e144   0x0800e144   0x0000002c   Code   RO         1940    .text.afe_vadc_channel5_mode_config  cbm858x_afe.lib(cbm858x_afe_vadc.o)
    0x0800e170   0x0800e170   0x00000030   Code   RO         1942    .text.afe_vadc_channel6_mode_config  cbm858x_afe.lib(cbm858x_afe_vadc.o)
    0x0800e1a0   0x0800e1a0   0x00000034   Code   RO         1944    .text.afe_vadc_channel7_mode_config  cbm858x_afe.lib(cbm858x_afe_vadc.o)
    0x0800e1d4   0x0800e1d4   0x0000002c   Code   RO         1946    .text.afe_vadc_channel8_mode_config  cbm858x_afe.lib(cbm858x_afe_vadc.o)
    0x0800e200   0x0800e200   0x00000034   Code   RO         1948    .text.afe_vadc_channel9_mode_config  cbm858x_afe.lib(cbm858x_afe_vadc.o)
    0x0800e234   0x0800e234   0x00000038   Code   RO         1922    .text.afe_vadc_channel_enable_ctrl  cbm858x_afe.lib(cbm858x_afe_vadc.o)
    0x0800e26c   0x0800e26c   0x00000038   Code   RO         1974    .text.afe_vadc_channel_gain_config  cbm858x_afe.lib(cbm858x_afe_vadc.o)
    0x0800e2a4   0x0800e2a4   0x00000090   Code   RO         1988    .text.afe_vadc_conver_data_calc  cbm858x_afe.lib(cbm858x_afe_vadc.o)
    0x0800e334   0x0800e334   0x00000010   Code   RO         1976    .text.afe_vadc_down_sampling_rate_set  cbm858x_afe.lib(cbm858x_afe_vadc.o)
    0x0800e344   0x0800e344   0x0000002c   Code   RO         1912    .text.afe_vadc_enable_ctrl  cbm858x_afe.lib(cbm858x_afe_vadc.o)
    0x0800e370   0x0800e370   0x000000e8   Code   RO         1906    .text.afe_vadc_init  cbm858x_afe.lib(cbm858x_afe_vadc.o)
    0x0800e458   0x0800e458   0x0000003c   Code   RO         1908    .text.afe_vadc_second_integral_value_get  cbm858x_afe.lib(cbm858x_afe_vadc.o)
    0x0800e494   0x0800e494   0x00000032   Code   RO         1998    .text.afe_wkcp_comparator_config  cbm858x_afe.lib(cbm858x_afe_wkcp.o)
    0x0800e4c6   0x0800e4c6   0x00000002   PAD
    0x0800e4c8   0x0800e4c8   0x00000054   Code   RO         2000    .text.afe_wkcp_comparator_enable_ctrl  cbm858x_afe.lib(cbm858x_afe_wkcp.o)
    0x0800e51c   0x0800e51c   0x00000058   Code   RO         1431    .text.afe_write_data  cbm858x_afe_transimit.o
    0x0800e574   0x0800e574   0x000003b8   Code   RO         1270    .text.bi2cs_dataCmd_init  smbus_protocol.o
    0x0800e92c   0x0800e92c   0x0000003a   Code   RO         1435    .text.boot_crc8_check  cbm858x_afe_transimit.o
    0x0800e966   0x0800e966   0x00000002   PAD
    0x0800e968   0x0800e968   0x00000044   Code   RO           77    .text.cal_average_current  afe_cvt.o
    0x0800e9ac   0x0800e9ac   0x000000a8   Code   RO         1007    .text.cal_average_dbpt_current  protect.o
    0x0800ea54   0x0800ea54   0x0000003a   Code   RO          231    .text.cal_crc8_check  comm_protocol.o
    0x0800ea8e   0x0800ea8e   0x00000002   PAD
    0x0800ea90   0x0800ea90   0x00000060   Code   RO         1264    .text.calc_DFSignature  smbus_protocol.o
    0x0800eaf0   0x0800eaf0   0x0000000a   Code   RO          838    .text.ch            modules_sha1.o
    0x0800eafa   0x0800eafa   0x00000004   Code   RO          836    .text.change_endian32  modules_sha1.o
    0x0800eafe   0x0800eafe   0x00000010   Code   RO         2737    .text.check_hash_alg  crypto.lib(hash.o)
    0x0800eb0e   0x0800eb0e   0x00000002   PAD
    0x0800eb10   0x0800eb10   0x00000034   Code   RO         1596    .text.crc16_calc    crypto.lib(utility_sec.o)
    0x0800eb44   0x0800eb44   0x00000018   Code   RO          115    .text.delay_ms      afetimer.o
    0x0800eb5c   0x0800eb5c   0x0000003c   Code   RO          117    .text.delay_us      afetimer.o
    0x0800eb98   0x0800eb98   0x000000ac   Code   RO          317    .text.efuse_key_write  dataflash.o
    0x0800ec44   0x0800ec44   0x00000038   Code   RO         2076    .text.efuse_page_erase  cbm858xm.lib(cbm858xm_flash.o)
    0x0800ec7c   0x0800ec7c   0x00000028   Code   RO         2080    .text.efuse_word_program  cbm858xm.lib(cbm858xm_flash.o)
    0x0800eca4   0x0800eca4   0x0000003c   Code   RO          121    .text.exti4_15_PA11_config  afetimer.o
    0x0800ece0   0x0800ece0   0x0000004a   Code   RO          119    .text.exti4_15_PA13_config  afetimer.o
    0x0800ed2a   0x0800ed2a   0x00000002   PAD
    0x0800ed2c   0x0800ed2c   0x0000000c   Code   RO         2024    .text.exti_edge_enable  cbm858xm.lib(cbm858xm_exti.o)
    0x0800ed38   0x0800ed38   0x00000008   Code   RO         2034    .text.exti_flag_clear  cbm858xm.lib(cbm858xm_exti.o)
    0x0800ed40   0x0800ed40   0x00000014   Code   RO         2032    .text.exti_flag_status_get  cbm858xm.lib(cbm858xm_exti.o)
    0x0800ed54   0x0800ed54   0x0000000c   Code   RO         2018    .text.exti_interrupt_disable  cbm858xm.lib(cbm858xm_exti.o)
    0x0800ed60   0x0800ed60   0x00000010   Code   RO         2016    .text.exti_interrupt_enable  cbm858xm.lib(cbm858xm_exti.o)
    0x0800ed70   0x0800ed70   0x0000005c   Code   RO          239    .text.filled_connected_cmd  comm_protocol.o
    0x0800edcc   0x0800edcc   0x00000034   Code   RO          287    .text.flash_decode  dataflash.o
    0x0800ee00   0x0800ee00   0x0000000c   Code   RO         2048    .text.flash_lock    cbm858xm.lib(cbm858xm_flash.o)
    0x0800ee0c   0x0800ee0c   0x0000002c   Code   RO         2052    .text.flash_operation_wait  cbm858xm.lib(cbm858xm_flash.o)
    0x0800ee38   0x0800ee38   0x00000010   Code   RO         2062    .text.flash_option_bytes_lock  cbm858xm.lib(cbm858xm_flash.o)
    0x0800ee48   0x0800ee48   0x00000018   Code   RO         2060    .text.flash_option_bytes_unlock  cbm858xm.lib(cbm858xm_flash.o)
    0x0800ee60   0x0800ee60   0x00000010   Code   RO         2106    .text.flash_option_update  cbm858xm.lib(cbm858xm_flash.o)
    0x0800ee70   0x0800ee70   0x00000034   Code   RO         2050    .text.flash_page_erase  cbm858xm.lib(cbm858xm_flash.o)
    0x0800eea4   0x0800eea4   0x00000020   Code   RO         2046    .text.flash_unlock  cbm858xm.lib(cbm858xm_flash.o)
    0x0800eec4   0x0800eec4   0x00000014   Code   RO         2044    .text.flash_wait_counter_set  cbm858xm.lib(cbm858xm_flash.o)
    0x0800eed8   0x0800eed8   0x00000028   Code   RO         2056    .text.flash_word_program  cbm858xm.lib(cbm858xm_flash.o)
    0x0800ef00   0x0800ef00   0x00000024   Code   RO          593    .text.fputc         log.o
    0x0800ef24   0x0800ef24   0x00000018   Code   RO          693    .text.fuse_low      mode.o
    0x0800ef3c   0x0800ef3c   0x0000000c   Code   RO         2140    .text.fwdt_enable   cbm858xm.lib(cbm858xm_fwdt.o)
    0x0800ef48   0x0800ef48   0x00000014   Code   RO         2146    .text.fwdt_flag_status_get  cbm858xm.lib(cbm858xm_fwdt.o)
    0x0800ef5c   0x0800ef5c   0x0000000c   Code   RO         2142    .text.fwdt_prescaler_config  cbm858xm.lib(cbm858xm_fwdt.o)
    0x0800ef68   0x0800ef68   0x0000000c   Code   RO         2138    .text.fwdt_reload_counter  cbm858xm.lib(cbm858xm_fwdt.o)
    0x0800ef74   0x0800ef74   0x00000014   Code   RO         2144    .text.fwdt_reload_value_set  cbm858xm.lib(cbm858xm_fwdt.o)
    0x0800ef88   0x0800ef88   0x00000010   Code   RO         2134    .text.fwdt_write_access_enable  cbm858xm.lib(cbm858xm_fwdt.o)
    0x0800ef98   0x0800ef98   0x00000014   Code   RO         1386    .text.getSoftTimerStatus  soft_timer.o
    0x0800efac   0x0800efac   0x0000009c   Code   RO           89    .text.get_FETtemp   afe_cvt.o
    0x0800f048   0x0800f048   0x00000210   Code   RO           81    .text.get_adc_calibration_value  afe_cvt.o
    0x0800f258   0x0800f258   0x00000144   Code   RO           79    .text.get_adc_original_value  afe_cvt.o
    0x0800f39c   0x0800f39c   0x00000022   Code   RO           87    .text.get_average_value  afe_cvt.o
    0x0800f3be   0x0800f3be   0x00000002   PAD
    0x0800f3c0   0x0800f3c0   0x00000020   Code   RO           75    .text.get_cc_current  afe_cvt.o
    0x0800f3e0   0x0800f3e0   0x00000018   Code   RO          909    .text.get_i2c_pin_status  power_modes.o
    0x0800f3f8   0x0800f3f8   0x00000020   Code   RO           85    .text.get_max_value  afe_cvt.o
    0x0800f418   0x0800f418   0x00000020   Code   RO           83    .text.get_min_value  afe_cvt.o
    0x0800f438   0x0800f438   0x0000002a   Code   RO          233    .text.get_new_random  comm_protocol.o
    0x0800f462   0x0800f462   0x00000002   PAD
    0x0800f464   0x0800f464   0x00000078   Code   RO           67    .text.get_vadc_temprature_ex  afe_cvt.o
    0x0800f4dc   0x0800f4dc   0x00000114   Code   RO           69    .text.get_vadc_temprature_inner  afe_cvt.o
    0x0800f5f0   0x0800f5f0   0x00000058   Code   RO           73    .text.get_vadc_voltage_pack  afe_cvt.o
    0x0800f648   0x0800f648   0x00000038   Code   RO           71    .text.get_vadc_voltage_vcx  afe_cvt.o
    0x0800f680   0x0800f680   0x00000052   Code   RO         1451    .text.gpio_mf_config  cbm858xm_gpio.o
    0x0800f6d2   0x0800f6d2   0x0000008e   Code   RO         1447    .text.gpio_mode_set  cbm858xm_gpio.o
    0x0800f760   0x0800f760   0x00000048   Code   RO          245    .text.handle_hmac   comm_protocol.o
    0x0800f7a8   0x0800f7a8   0x0000002c   Code   RO         2755    .text.hash_calc_blocks  crypto.lib(hash.o)
    0x0800f7d4   0x0800f7d4   0x00000024   Code   RO         2757    .text.hash_calc_rand_len_msg  crypto.lib(hash.o)
    0x0800f7f8   0x0800f7f8   0x00000020   Code   RO         2866    .text.hash_clear_msg_len  crypto.lib(hash_basic.o)
    0x0800f818   0x0800f818   0x00000018   Code   RO         2858    .text.hash_disable_interruption  crypto.lib(hash_basic.o)
    0x0800f830   0x0800f830   0x0000004c   Code   RO         2761    .text.hash_final    crypto.lib(hash.o)
    0x0800f87c   0x0800f87c   0x00000004   Code   RO         2739    .text.hash_get_block_word_len  crypto.lib(hash.o)
    0x0800f880   0x0800f880   0x0000000c   Code   RO         2743    .text.hash_get_digest_word_len  crypto.lib(hash.o)
    0x0800f88c   0x0800f88c   0x00000034   Code   RO         2862    .text.hash_get_iterator  crypto.lib(hash_basic.o)
    0x0800f8c0   0x0800f8c0   0x00000064   Code   RO         2753    .text.hash_init     crypto.lib(hash.o)
    0x0800f924   0x0800f924   0x00000034   Code   RO         2878    .text.hash_input_msg  crypto.lib(hash_basic.o)
    0x0800f958   0x0800f958   0x00000024   Code   RO         2747    .text.hash_set_IV   crypto.lib(hash.o)
    0x0800f97c   0x0800f97c   0x0000001c   Code   RO         2854    .text.hash_set_alg  crypto.lib(hash_basic.o)
    0x0800f998   0x0800f998   0x00000018   Code   RO         2850    .text.hash_set_cpu_mode  crypto.lib(hash_basic.o)
    0x0800f9b0   0x0800f9b0   0x00000014   Code   RO         2864    .text.hash_set_iterator  crypto.lib(hash_basic.o)
    0x0800f9c4   0x0800f9c4   0x00000030   Code   RO         2860    .text.hash_set_last_block  crypto.lib(hash_basic.o)
    0x0800f9f4   0x0800f9f4   0x00000028   Code   RO         2868    .text.hash_set_msg_total_byte_len  crypto.lib(hash_basic.o)
    0x0800fa1c   0x0800fa1c   0x00000020   Code   RO         2872    .text.hash_start    crypto.lib(hash_basic.o)
    0x0800fa3c   0x0800fa3c   0x0000001c   Code   RO         2751    .text.hash_start_calculate  crypto.lib(hash.o)
    0x0800fa58   0x0800fa58   0x00000032   Code   RO         2749    .text.hash_total_byte_len_add_uint32  crypto.lib(hash.o)
    0x0800fa8a   0x0800fa8a   0x000000ca   Code   RO         2759    .text.hash_update   crypto.lib(hash.o)
    0x0800fb54   0x0800fb54   0x0000001c   Code   RO         2874    .text.hash_wait_till_done  crypto.lib(hash_basic.o)
    0x0800fb70   0x0800fb70   0x00000038   Code   RO         2836    .text.hdiv_quotient_read  cbm858xm.lib(cbm858xm_hdiv.o)
    0x0800fba8   0x0800fba8   0x000000a0   Code   RO         1515    .text.hmac_final    crypto.lib(hmac.o)
    0x0800fc48   0x0800fc48   0x000000dc   Code   RO         1511    .text.hmac_init     crypto.lib(hmac.o)
    0x0800fd24   0x0800fd24   0x00000012   Code   RO         1513    .text.hmac_update   crypto.lib(hmac.o)
    0x0800fd36   0x0800fd36   0x00000038   Code   RO         1250    .text.i2c_gpio_init  smbus_protocol.o
    0x0800fd6e   0x0800fd6e   0x00000002   PAD
    0x0800fd70   0x0800fd70   0x00000060   Code   RO         1465    .text.i2c_init      cbm858xm_i2c.o
    0x0800fdd0   0x0800fdd0   0x00000094   Code   RO         1252    .text.i2c_salve_init  smbus_protocol.o
    0x0800fe64   0x0800fe64   0x0000021c   Code   RO          475    .text.life_Time_Protect_Event  lifetime.o
    0x08010080   0x08010080   0x00000030   Code   RO          309    .text.lifetime_init  dataflash.o
    0x080100b0   0x080100b0   0x00000014   Code   RO          507    .text.lifetime_time_clear  lifetime.o
    0x080100c4   0x080100c4   0x000004cc   Code   RO          485    .text.lifetime_time_period  lifetime.o
    0x08010590   0x08010590   0x00000aa4   Code   RO          505    .text.lifetime_time_store  lifetime.o
    0x08011034   0x08011034   0x0000007c   Code   RO          579    .text.log_init      log.o
    0x080110b0   0x080110b0   0x0000000c   Code   RO         2204    .text.lptim_auto_reload_set  cbm858xm.lib(cbm858xm_lptim.o)
    0x080110bc   0x080110bc   0x0000000c   Code   RO         2208    .text.lptim_count_get  cbm858xm.lib(cbm858xm_lptim.o)
    0x080110c8   0x080110c8   0x00000010   Code   RO         2166    .text.lptim_count_mode_set  cbm858xm.lib(cbm858xm_lptim.o)
    0x080110d8   0x080110d8   0x0000000c   Code   RO         2196    .text.lptim_enable  cbm858xm.lib(cbm858xm_lptim.o)
    0x080110e4   0x080110e4   0x0000000c   Code   RO         2180    .text.lptim_flag_clear  cbm858xm.lib(cbm858xm_lptim.o)
    0x080110f0   0x080110f0   0x00000014   Code   RO         2178    .text.lptim_flag_status_get  cbm858xm.lib(cbm858xm_lptim.o)
    0x08011104   0x08011104   0x0000001c   Code   RO         2160    .text.lptim_init    cbm858xm.lib(cbm858xm_lptim.o)
    0x08011120   0x08011120   0x00000010   Code   RO         2172    .text.lptim_interrupt_enable  cbm858xm.lib(cbm858xm_lptim.o)
    0x08011130   0x08011130   0x00000014   Code   RO         2162    .text.lptim_start_mode_set  cbm858xm.lib(cbm858xm_lptim.o)
    0x08011144   0x08011144   0x00000014   Code   RO         2182    .text.lptim_timeout_enable  cbm858xm.lib(cbm858xm_lptim.o)
    0x08011158   0x08011158   0x00000028   Code   RO          605    .text.lptim_timer_reload  lptm.o
    0x08011180   0x08011180   0x00000060   Code   RO          603    .text.lptime_config  lptm.o
    0x080111e0   0x080111e0   0x000000f4   Code   RO          509    .text.lt_banlance   lifetime.o
    0x080112d4   0x080112d4   0x00000110   Code   RO          617    .text.main          main.o
    0x080113e4   0x080113e4   0x0000000c   Code   RO          840    .text.maj           modules_sha1.o
    0x080113f0   0x080113f0   0x00000032   Code   RO          634    .text.mcu_gpio_config  mcu.o
    0x08011422   0x08011422   0x0000004a   Code   RO         2781    .text.memcpy_       crypto.lib(utility.o)
    0x0801146c   0x0801146c   0x0000005c   Code   RO         2783    .text.memset_       crypto.lib(utility.o)
    0x080114c8   0x080114c8   0x00000054   Code   RO         2224    .text.nvic_init     cbm858xm.lib(cbm858xm_misc.o)
    0x0801151c   0x0801151c   0x00000006   Code   RO          842    .text.parity        modules_sha1.o
    0x08011522   0x08011522   0x00000002   PAD
    0x08011524   0x08011524   0x0000001c   Code   RO          711    .text.pi_blance_disable  mode.o
    0x08011540   0x08011540   0x00000054   Code   RO          709    .text.pi_blance_enable  mode.o
    0x08011594   0x08011594   0x00000470   Code   RO         1013    .text.plugged_IN    protect.o
    0x08011a04   0x08011a04   0x00000038   Code   RO         2250    .text.pmu_deep_sleep_mode_enter  cbm858xm.lib(cbm858xm_pmu.o)
    0x08011a3c   0x08011a3c   0x0000000c   Code   RO         2264    .text.pmu_flag_clear  cbm858xm.lib(cbm858xm_pmu.o)
    0x08011a48   0x08011a48   0x0000000c   Code   RO         2260    .text.pmu_function_enable  cbm858xm.lib(cbm858xm_pmu.o)
    0x08011a54   0x08011a54   0x00000020   Code   RO         2252    .text.pmu_power_down_enter  cbm858xm.lib(cbm858xm_pmu.o)
    0x08011a74   0x08011a74   0x0000000c   Code   RO         2314    .text.rcu_ahb_clock_disable  cbm858xm.lib(cbm858xm_rcu.o)
    0x08011a80   0x08011a80   0x00000010   Code   RO         2312    .text.rcu_ahb_clock_enable  cbm858xm.lib(cbm858xm_rcu.o)
    0x08011a90   0x08011a90   0x00000010   Code   RO         2316    .text.rcu_apb1_clock_enable  cbm858xm.lib(cbm858xm_rcu.o)
    0x08011aa0   0x08011aa0   0x00000010   Code   RO         2320    .text.rcu_apb2_clock_enable  cbm858xm.lib(cbm858xm_rcu.o)
    0x08011ab0   0x08011ab0   0x00000084   Code   RO         2310    .text.rcu_clk_freq_get  cbm858xm.lib(cbm858xm_rcu.o)
    0x08011b34   0x08011b34   0x00000010   Code   RO         2342    .text.rcu_flag_clear  cbm858xm.lib(cbm858xm_rcu.o)
    0x08011b44   0x08011b44   0x0000000a   Code   RO         2340    .text.rcu_flag_status_get  cbm858xm.lib(cbm858xm_rcu.o)
    0x08011b4e   0x08011b4e   0x00000008   Code   RO         2328    .text.rcu_function_enable  cbm858xm.lib(cbm858xm_rcu.o)
    0x08011b56   0x08011b56   0x00000002   PAD
    0x08011b58   0x08011b58   0x00000014   Code   RO         2294    .text.rcu_hclk_config  cbm858xm.lib(cbm858xm_rcu.o)
    0x08011b6c   0x08011b6c   0x00000014   Code   RO         2302    .text.rcu_lptim1_config  cbm858xm.lib(cbm858xm_rcu.o)
    0x08011b80   0x08011b80   0x00000014   Code   RO         2308    .text.rcu_lrc_config  cbm858xm.lib(cbm858xm_rcu.o)
    0x08011b94   0x08011b94   0x00000008   Code   RO         2326    .text.rcu_reset_disable  cbm858xm.lib(cbm858xm_rcu.o)
    0x08011b9c   0x08011b9c   0x00000008   Code   RO         2324    .text.rcu_reset_enable  cbm858xm.lib(cbm858xm_rcu.o)
    0x08011ba4   0x08011ba4   0x00000234   Code   RO         1266    .text.read_processmsg  smbus_protocol.o
    0x08011dd8   0x08011dd8   0x00000002   Code   RO          319    .text.revision_stage  dataflash.o
    0x08011dda   0x08011dda   0x00000008   Code   RO          834    .text.rotl32        modules_sha1.o
    0x08011de2   0x08011de2   0x00000002   PAD
    0x08011de4   0x08011de4   0x0000000c   Code   RO         2409    .text.rtc_ao_register_read  cbm858xm.lib(cbm858xm_rtc.o)
    0x08011df0   0x08011df0   0x00000090   Code   RO         1154    .text.rtc_config    rtc.o
    0x08011e80   0x08011e80   0x0000001c   Code   RO         2423    .text.rtc_flag_clear  cbm858xm.lib(cbm858xm_rtc.o)
    0x08011e9c   0x08011e9c   0x0000000a   Code   RO         2421    .text.rtc_flag_status_get  cbm858xm.lib(cbm858xm_rtc.o)
    0x08011ea6   0x08011ea6   0x00000002   PAD
    0x08011ea8   0x08011ea8   0x00000038   Code   RO         2359    .text.rtc_init      cbm858xm.lib(cbm858xm_rtc.o)
    0x08011ee0   0x08011ee0   0x00000038   Code   RO         2355    .text.rtc_init_mode_enter  cbm858xm.lib(cbm858xm_rtc.o)
    0x08011f18   0x08011f18   0x0000000a   Code   RO         2419    .text.rtc_interrupt_enable_status_get  cbm858xm.lib(cbm858xm_rtc.o)
    0x08011f22   0x08011f22   0x00000002   PAD
    0x08011f24   0x08011f24   0x00000050   Code   RO         1156    .text.rtc_reconfig  rtc.o
    0x08011f74   0x08011f74   0x0000003c   Code   RO         2357    .text.rtc_synchro_wait  cbm858xm.lib(cbm858xm_rtc.o)
    0x08011fb0   0x08011fb0   0x0000000c   Code   RO         2399    .text.rtc_write_protection_disable  cbm858xm.lib(cbm858xm_rtc.o)
    0x08011fbc   0x08011fbc   0x0000000c   Code   RO         2397    .text.rtc_write_protection_enable  cbm858xm.lib(cbm858xm_rtc.o)
    0x08011fc8   0x08011fc8   0x00000048   Code   RO          852    .text.sha1          modules_sha1.o
    0x08012010   0x08012010   0x000000de   Code   RO          854    .text.sha1_authenticate  modules_sha1.o
    0x080120ee   0x080120ee   0x00000018   Code   RO          850    .text.sha1_ctx2hash  modules_sha1.o
    0x08012106   0x08012106   0x00000002   PAD
    0x08012108   0x08012108   0x00000034   Code   RO          832    .text.sha1_init     modules_sha1.o
    0x0801213c   0x0801213c   0x000000c4   Code   RO          848    .text.sha1_lastBlock  modules_sha1.o
    0x08012200   0x08012200   0x00000128   Code   RO          844    .text.sha1_nextBlock  modules_sha1.o
    0x08012328   0x08012328   0x0000005e   Code   RO          459    .text.sha256_hmac_calc  hdp.o
    0x08012386   0x08012386   0x00000002   PAD
    0x08012388   0x08012388   0x000001a4   Code   RO          901    .text.ship_mode     power_modes.o
    0x0801252c   0x0801252c   0x00000064   Code   RO          907    .text.shutdown_enter  power_modes.o
    0x08012590   0x08012590   0x0000004c   Code   RO         1427    .text.spi1_master_config  cbm858x_afe_transimit.o
    0x080125dc   0x080125dc   0x00000004   Code   RO         2483    .text.spi_8bits_data_receive  cbm858xm.lib(cbm858xm_spi.o)
    0x080125e0   0x080125e0   0x00000004   Code   RO         2479    .text.spi_8bits_data_send  cbm858xm.lib(cbm858xm_spi.o)
    0x080125e4   0x080125e4   0x00000034   Code   RO         2449    .text.spi_def_init  cbm858xm.lib(cbm858xm_spi.o)
    0x08012618   0x08012618   0x0000000a   Code   RO         2453    .text.spi_disable   cbm858xm.lib(cbm858xm_spi.o)
    0x08012622   0x08012622   0x0000000a   Code   RO         2451    .text.spi_enable    cbm858xm.lib(cbm858xm_spi.o)
    0x0801262c   0x0801262c   0x00000010   Code   RO         2445    .text.spi_fifo_recv_threshold_config  cbm858xm.lib(cbm858xm_spi.o)
    0x0801263c   0x0801263c   0x0000000a   Code   RO         2473    .text.spi_flag_status_get  cbm858xm.lib(cbm858xm_spi.o)
    0x08012646   0x08012646   0x00000002   PAD
    0x08012648   0x08012648   0x00000044   Code   RO         2435    .text.spi_init      cbm858xm.lib(cbm858xm_spi.o)
    0x0801268c   0x0801268c   0x00000094   Code   RO         1429    .text.spi_transimit_data  cbm858x_afe_transimit.o
    0x08012720   0x08012720   0x00000026   Code   RO           55    .text.start_cc_convert  afe_cvt.o
    0x08012746   0x08012746   0x00000002   PAD
    0x08012748   0x08012748   0x00000020   Code   RO         2507    .text.syscfg_exti_line_config  cbm858xm.lib(cbm858xm_syscfg.o)
    0x08012768   0x08012768   0x00000018   Code   RO         1502    .text.systeminit    system_cbm858xm.o
    0x08012780   0x08012780   0x0000000c   Code   RO         2651    .text.tim_flag_clear  cbm858xm.lib(cbm858xm_tim.o)
    0x0801278c   0x0801278c   0x0000000a   Code   RO         2649    .text.tim_flag_status_get  cbm858xm.lib(cbm858xm_tim.o)
    0x08012796   0x08012796   0x0000000a   Code   RO         2647    .text.tim_interrupt_enable_status_get  cbm858xm.lib(cbm858xm_tim.o)
    0x080127a0   0x080127a0   0x0000001c   Code   RO         1543    .text.trng_disable  crypto.lib(trng.o)
    0x080127bc   0x080127bc   0x00000044   Code   RO          321    .text.update_si_ocv  dataflash.o
    0x08012800   0x08012800   0x00000008   Code   RO         2699    .text.usart_def_init  cbm858xm.lib(cbm858xm_usart.o)
    0x08012808   0x08012808   0x0000000a   Code   RO         2705    .text.usart_enable  cbm858xm.lib(cbm858xm_usart.o)
    0x08012812   0x08012812   0x0000000a   Code   RO         2725    .text.usart_flag_status_get  cbm858xm.lib(cbm858xm_usart.o)
    0x0801281c   0x0801281c   0x00000098   Code   RO         2661    .text.usart_init    cbm858xm.lib(cbm858xm_usart.o)
    0x080128b4   0x080128b4   0x0000000c   Code   RO         2701    .text.usart_send_data  cbm858xm.lib(cbm858xm_usart.o)
    0x080128c0   0x080128c0   0x00000134   Code   RO           51    .text.vadc_channel_cycle_init  afe_cvt.o
    0x080129f4   0x080129f4   0x00000840   Code   RO         1260    .text.write_processmsg  smbus_protocol.o
    0x08013234   0x08013234   0x00000020   Code   RO         3124    i.__0printf$8       mc_p.l(printf8.o)
    0x08013254   0x08013254   0x0000002e   Code   RO         3267    i.__ARM_clz         mf_p.l(depilogue.o)
    0x08013282   0x08013282   0x0000000e   Code   RO         3277    i.__scatterload_copy  mc_p.l(handlers.o)
    0x08013290   0x08013290   0x00000002   Code   RO         3278    i.__scatterload_null  mc_p.l(handlers.o)
    0x08013292   0x08013292   0x0000000e   Code   RO         3279    i.__scatterload_zeroinit  mc_p.l(handlers.o)
    0x080132a0   0x080132a0   0x00000428   Code   RO         3131    i._printf_core      mc_p.l(printf8.o)
    0x080136c8   0x080136c8   0x00000020   Code   RO         3132    i._printf_post_padding  mc_p.l(printf8.o)
    0x080136e8   0x080136e8   0x0000002c   Code   RO         3133    i._printf_pre_padding  mc_p.l(printf8.o)
    0x08013714   0x08013714   0x00000010   Data   RO         2344    .rodata.APBAHBPrescTable  cbm858xm.lib(cbm858xm_rcu.o)
    0x08013724   0x08013724   0x00000100   Data   RO         1332    .rodata.CRC8TBL     smbus_protocol.o
    0x08013824   0x08013824   0x00000280   Data   RO           97    .rodata.R_x         afe_cvt.o
    0x08013aa4   0x08013aa4   0x00000020   Data   RO         2766    .rodata.SHA224_IV   crypto.lib(hash.o)
    0x08013ac4   0x08013ac4   0x00000020   Data   RO         2765    .rodata.SHA256_IV   crypto.lib(hash.o)
    0x08013ae4   0x08013ae4   0x00000140   Data   RO           98    .rodata.T_y         afe_cvt.o
    0x08013c24   0x08013c24   0x00000004   Data   RO          726    .rodata.acond_tbl   mode.o
    0x08013c28   0x08013c28   0x00000020   Data   RO         1418    .rodata.cst32       upflash.o
    0x08013c48   0x08013c48   0x00000020   Data   RO         3276    Region$$Table       anon$$obj.o
    0x08013c68   0x08013c68   0x00000004   Data   RO          859    .init_array         modules_sha1.o
    0x08013c6c   0x08013c68   0x00000004   Data   RO         1367    .init_array         smbus_protocol.o
    0x08013c70   0x08013c68   0x00000000   Data   RO         3179    .init_array         mc_p.l(cpp_init.o)


    Execution Region RW_IRAM1 (Exec base: 0x200000c0, Load base: 0x08013c70, Size: 0x00004730, Max: 0x00010000, ABSOLUTE)

    Exec Addr    Load Addr    Size         Type   Attr      Idx    E Section Name        Object

    0x200000c0   0x08013c70   0x00000004   Data   RW         2907    .data               mc_p.l(rand.o)
    0x200000c4   0x08013c74   0x00000004   Data   RW         3239    .data               mc_p.l(stdout.o)
    0x200000c8   0x08013c78   0x00000004   Data   RW          732    .data.Calc_b_aidx.Count_3200_b_aidx  mode.o
    0x200000cc   0x08013c7c   0x00000002   Data   RW         1185    .data.Device_Type   sbs_commands.o
    0x200000ce   0x08013c7e   0x00000001   Data   RW          650    .data.Fet_Ctrl      mcu.o
    0x200000cf   0x08013c7f   0x00000009   Data   RW         1186    .data.Firmware_Version  sbs_commands.o
    0x200000d8   0x08013c88   0x00000004   Data   RW         1187    .data.Hardware_Version  sbs_commands.o
    0x200000dc   0x08013c8c   0x00000002   Data   RW          622    .data.Periodtime    main.o
    0x200000de   0x08013c8e   0x00000002   PAD
    0x200000e0   0x08013c90   0x00000004   Data   RW         1504    .data.SystemCoreClock  system_cbm858xm.o
    0x200000e4   0x08013c94   0x00000008   Data   RW         1189    .data._ReadBatteryInfo  sbs_commands.o
    0x200000ec   0x08013c9c   0x00000005   Data   RW          463    .data.afe_hdp_setting  hdp.o
    0x200000f1   0x08013ca1   0x00000001   PAD
    0x200000f2   0x08013ca2   0x00000002   Data   RW           95    .data.cc_osr        afe_cvt.o
    0x200000f4   0x08013ca4   0x00000011   Data   RW          217    .data.ee_buff       cbm8580m_int.o
    0x20000105   0x08013cb5   0x00000001   Data   RW          547    .data.f_lt_init     lifetime.o
    0x20000106   0x08013cb6   0x00000002   Data   RW          727    .data.k_CEDV        mode.o
    0x20000108   0x08013cb8   0x00000002   Data   RW          731    .data.k_CEDV_average  mode.o
    0x2000010a   0x08013cba   0x00000002   Data   RW          533    .data.lt_test       lifetime.o
    0x2000010c   0x08013cbc   0x00000002   Data   RW         1019    .data.pi_test       protect.o
    0x2000010e   0x08013cbe   0x00000002   PAD
    0x20000110   0x08013cc0   0x00000004   Data   RW         1173    .data.synch_prediv  rtc.o
    0x20000114   0x08013cc4   0x00000002   Data   RW           96    .data.vadc_osr      afe_cvt.o
    0x20000116   0x08013cc6   0x00000002   PAD
    0x20000118        -       0x00000010   Zero   RW          858    .bss..L__const.sha1_nextBlock.f  modules_sha1.o
    0x20000128        -       0x00000002   Zero   RW          328    .bss.Accaddress     dataflash.o
    0x2000012a        -       0x00000002   Zero   RW         1341    .bss.AccumulatedCharge  smbus_protocol.o
    0x2000012c        -       0x00000004   Zero   RW         1340    .bss.AccumulatedTime  smbus_protocol.o
    0x20000130        -       0x00000002   Zero   RW          540    .bss.AvgDsgPwr      lifetime.o
    0x20000132        -       0x00000001   Zero   RW         1076    .bss.CFETdex        protect.o
    0x20000133   0x08013cc6   0x00000001   PAD
    0x20000134        -       0x00000004   Zero   RW          721    .bss.COFF_delay     mode.o
    0x20000138        -       0x00000002   Zero   RW          169    .bss.Calc_Cnt       calc_attf.o
    0x2000013a        -       0x00000001   Zero   RW          167    .bss.Calc_Cnt_1s    calc_attf.o
    0x2000013b   0x08013cc6   0x00000001   PAD
    0x2000013c        -       0x00000002   Zero   RW          784    .bss.Calc_HoseiRC_CEDV.dis_fac_cpl_CEDV  mode.o
    0x2000013e        -       0x00000002   Zero   RW          788    .bss.Calc_RC_CEDV.VoltagetoRSOCcount_CEDV  mode.o
    0x20000140        -       0x00000001   Zero   RW          790    .bss.Calc_RC_CEDV.acpl_cnt_CE  mode.o
    0x20000141        -       0x00000001   Zero   RW          787    .bss.Calc_RC_CEDV.adlogc_CE  mode.o
    0x20000142        -       0x00000001   Zero   RW          791    .bss.Calc_RSOC_CEDV.Cnt_40_CE  mode.o
    0x20000143        -       0x00000001   Zero   RW          781    .bss.Calc_fulchg_dsg_cap.Count_10s  mode.o
    0x20000144        -       0x00000004   Zero   RW          778    .bss.Calc_fulchg_dsg_cap.ful_dsg_cap  mode.o
    0x20000148        -       0x00000004   Zero   RW          780    .bss.Calc_fulchg_dsg_cap.ful_dsg_cap_chg  mode.o
    0x2000014c        -       0x00000004   Zero   RW          779    .bss.Calc_fulchg_dsg_cap.ful_dsg_cap_dsg  mode.o
    0x20000150        -       0x00000002   Zero   RW          741    .bss.Calc_k_CEDV.cnt3600_relax  mode.o
    0x20000152        -       0x00000001   Zero   RW          742    .bss.Calc_k_CEDV.f_start_calc_k  mode.o
    0x20000153        -       0x00000001   Zero   RW          743    .bss.Calc_k_CEDV.k_CEDV_average_cnt  mode.o
    0x20000154        -       0x00000004   Zero   RW          745    .bss.Calc_k_CEDV.k_CEDV_average_last  mode.o
    0x20000158        -       0x00000004   Zero   RW          744    .bss.Calc_k_CEDV.k_CEDV_total  mode.o
    0x2000015c        -       0x00000001   Zero   RW          374    .bss.CellTemp_last_time_update  datcalc_spl.o
    0x2000015d        -       0x00000001   Zero   RW          789    .bss.CellTemp_use_rsoc  mode.o
    0x2000015e        -       0x00000001   Zero   RW           22    .bss.CellVoltRange  advancedchargealgorithm.o
    0x2000015f   0x08013cc6   0x00000001   PAD
    0x20000160        -       0x00000002   Zero   RW         1290    .bss.Charge_Term    smbus_protocol.o
    0x20000162        -       0x00000002   Zero   RW          760    .bss.Cnt_update_soc_CEDV  mode.o
    0x20000164        -       0x00000002   Zero   RW          176    .bss.Cur_Clac_Totaltime  calc_attf.o
    0x20000166        -       0x00000004   Zero   RW          327    .bss.DFUpdate       dataflash.o
    0x2000016a        -       0x00000002   Zero   RW         1127    .bss.D_0PVOLT       ram.o
    0x2000016c        -       0x00000002   Zero   RW         1342    .bss.DataFlash_W1   smbus_protocol.o
    0x2000016e        -       0x00000002   Zero   RW         1343    .bss.DataFlash_W2   smbus_protocol.o
    0x20000170        -       0x00000002   Zero   RW          541    .bss.DeltaCellVol   lifetime.o
    0x20000172        -       0x00000001   Zero   RW          543    .bss.DeltaTS1       lifetime.o
    0x20000173        -       0x00000001   Zero   RW          545    .bss.DeltaTS2       lifetime.o
    0x20000174        -       0x00000001   Zero   RW          166    .bss.En_Cal_Total   calc_attf.o
    0x20000175   0x08013cc6   0x00000001   PAD
    0x20000176        -       0x00000002   Zero   RW          926    .bss.EntryExitShip_TimeOutChk.enter_timout  power_modes.o
    0x20000178        -       0x00000002   Zero   RW          927    .bss.EntryExitShip_TimeOutChk.exit_timout  power_modes.o
    0x2000017a        -       0x00000002   Zero   RW          173    .bss.Ex_FCC         calc_attf.o
    0x2000017c        -       0x00000001   Zero   RW          164    .bss.Ex_F_CHG       calc_attf.o
    0x2000017d        -       0x00000001   Zero   RW          165    .bss.Ex_F_FC        calc_attf.o
    0x2000017e        -       0x00000001   Zero   RW          131    .bss.Ex_Flag        afetimer.o
    0x2000017f   0x08013cc6   0x00000001   PAD
    0x20000180        -       0x00000002   Zero   RW          174    .bss.Ex_RC          calc_attf.o
    0x20000182        -       0x00000001   Zero   RW          160    .bss.Ex_TEM         calc_attf.o
    0x20000183   0x08013cc6   0x00000001   PAD
    0x20000184        -       0x00000004   Zero   RW         1122    .bss.FETTemp        ram.o
    0x20000188        -       0x00000001   Zero   RW          792    .bss.FET_Contrl.flag  mode.o
    0x20000189   0x08013cc6   0x00000001   PAD
    0x2000018a        -       0x00000002   Zero   RW          464    .bss.FWDG_LPT_modeCheck.period  hdp.o
    0x2000018c        -       0x00000001   Zero   RW          326    .bss.G_index        dataflash.o
    0x2000018d   0x08013cc6   0x00000003   PAD
    0x20000190        -       0x00000004   Zero   RW          325    .bss.G_pFlashAddr   dataflash.o
    0x20000194        -       0x00000002   Zero   RW         1118    .bss.I_abs          ram.o
    0x20000196        -       0x00000001   Zero   RW          542    .bss.LastTime_TS1   lifetime.o
    0x20000197        -       0x00000001   Zero   RW          544    .bss.LastTime_TS2   lifetime.o
    0x20000198        -       0x00000001   Zero   RW          548    .bss.LifeTime.vtc_Flg  lifetime.o
    0x20000199   0x08013cc6   0x00000003   PAD
    0x2000019c        -       0x00000004   Zero   RW          567    .bss.Lifetime_PF_A_status.pf_a_status_Cnt  lifetime.o
    0x200001a0        -       0x00000004   Zero   RW          568    .bss.Lifetime_PF_B_status.pf_b_status_Cnt  lifetime.o
    0x200001a4        -       0x00000004   Zero   RW          569    .bss.Lifetime_PF_C_status.pf_c_status_Cnt  lifetime.o
    0x200001a8        -       0x00000004   Zero   RW          570    .bss.Lifetime_PF_D_status.pf_d_status_Cnt  lifetime.o
    0x200001ac        -       0x00000004   Zero   RW          563    .bss.Lifetime_Static_A_status.a_status_Cnt  lifetime.o
    0x200001b0        -       0x00000004   Zero   RW          564    .bss.Lifetime_Static_B_status.b_status_Cnt  lifetime.o
    0x200001b4        -       0x00000004   Zero   RW          565    .bss.Lifetime_Static_C_status.c_status_Cnt  lifetime.o
    0x200001b8        -       0x00000004   Zero   RW          566    .bss.Lifetime_Static_D_status.d_status_Cnt  lifetime.o
    0x200001bc        -       0x00000026   Zero   RW          534    .bss.LtW_Cnt        lifetime.o
    0x200001e2        -       0x00000002   Zero   RW          551    .bss.LtW_CntW       lifetime.o
    0x200001e4        -       0x00000001   Zero   RW         1293    .bss.MACDataLength  smbus_protocol.o
    0x200001e5        -       0x00000001   Zero   RW          546    .bss.MaxDeltaTS     lifetime.o
    0x200001e6        -       0x00000001   Zero   RW         1335    .bss.NoofFullResets  smbus_protocol.o
    0x200001e7        -       0x00000001   Zero   RW         1334    .bss.NoofPartialResets  smbus_protocol.o
    0x200001e8        -       0x00000001   Zero   RW         1336    .bss.NoofWDTResets  smbus_protocol.o
    0x200001e9   0x08013cc6   0x00000003   PAD
    0x200001ec        -       0x00000004   Zero   RW         1085    .bss.PF_2LVL.delay  protect.o
    0x200001f0        -       0x00000004   Zero   RW         1079    .bss.PF_CFET.delay  protect.o
    0x200001f4        -       0x00000004   Zero   RW         1080    .bss.PF_CFET.tempDelay  protect.o
    0x200001f8        -       0x00000004   Zero   RW         1083    .bss.PF_DFET.delay  protect.o
    0x200001fc        -       0x00000004   Zero   RW         1084    .bss.PF_FUSE.delay  protect.o
    0x20000200        -       0x00000004   Zero   RW         1069    .bss.PF_SOCC.delay  protect.o
    0x20000204        -       0x00000004   Zero   RW         1070    .bss.PF_SOCD.delay  protect.o
    0x20000208        -       0x00000004   Zero   RW         1071    .bss.PF_SOT.delay   protect.o
    0x2000020c        -       0x00000004   Zero   RW         1072    .bss.PF_SOTF.delay  protect.o
    0x20000210        -       0x00000004   Zero   RW         1068    .bss.PF_SOV.delay   protect.o
    0x20000214        -       0x00000004   Zero   RW         1066    .bss.PF_SUV.delay   protect.o
    0x20000218        -       0x00000004   Zero   RW         1065    .bss.PF_SUV.suv_mode_delay  protect.o
    0x2000021c        -       0x00000004   Zero   RW         1086    .bss.PF_TCO.delay   protect.o
    0x20000220        -       0x00000004   Zero   RW         1075    .bss.PF_VIMA.delay  protect.o
    0x20000224        -       0x00000004   Zero   RW         1074    .bss.PF_VIMR.delay  protect.o
    0x20000228        -       0x00000004   Zero   RW         1073    .bss.PF_VIMR.duration  protect.o
    0x2000022c        -       0x00000001   Zero   RW          715    .bss.PackQamxEndSOC  mode.o
    0x2000022d        -       0x00000001   Zero   RW          714    .bss.PackQamxInitSOC  mode.o
    0x2000022e        -       0x00000001   Zero   RW          465    .bss.PresToggle.CNT  hdp.o
    0x2000022f   0x08013cc6   0x00000001   PAD
    0x20000230        -       0x00000002   Zero   RW         1061    .bss.Protect_CHGC.delay  protect.o
    0x20000232        -       0x00000002   Zero   RW         1062    .bss.Protect_CHGC.recovery_delay  protect.o
    0x20000234        -       0x00000002   Zero   RW         1060    .bss.Protect_CHGV.Charge_Voltage  protect.o
    0x20000236        -       0x00000002   Zero   RW         1059    .bss.Protect_CHGV.delay  protect.o
    0x20000238        -       0x00000002   Zero   RW         1024    .bss.Protect_COV.covl_counter  protect.o
    0x2000023a   0x08013cc6   0x00000002   PAD
    0x2000023c        -       0x00000004   Zero   RW         1025    .bss.Protect_COV.dec_delay  protect.o
    0x20000240        -       0x00000004   Zero   RW         1022    .bss.Protect_COV.delay  protect.o
    0x20000244        -       0x00000004   Zero   RW         1026    .bss.Protect_COV.resettime  protect.o
    0x20000248        -       0x00000001   Zero   RW         1023    .bss.Protect_COV.status  protect.o
    0x20000249   0x08013cc6   0x00000003   PAD
    0x2000024c        -       0x00000004   Zero   RW         1056    .bss.Protect_CTO.resetCap  protect.o
    0x20000250        -       0x00000004   Zero   RW         1055    .bss.Protect_CTO.timer  protect.o
    0x20000254        -       0x00000004   Zero   RW         1020    .bss.Protect_CUV.delay  protect.o
    0x20000258        -       0x00000004   Zero   RW         1021    .bss.Protect_CUVC.delay  protect.o
    0x2000025c        -       0x00000002   Zero   RW         1052    .bss.Protect_HWD.delay  protect.o
    0x2000025e        -       0x00000002   Zero   RW         1038    .bss.Protect_HardWare_Base.aoldRecovrytime  protect.o
    0x20000260        -       0x00000002   Zero   RW         1039    .bss.Protect_HardWare_Base.aold_reset_time  protect.o
    0x20000262        -       0x00000002   Zero   RW         1040    .bss.Protect_HardWare_Base.aoldl_dec_dalay  protect.o
    0x20000264        -       0x00000002   Zero   RW         1045    .bss.Protect_HardWare_Base.ascc_recovry_time  protect.o
    0x20000266        -       0x00000002   Zero   RW         1046    .bss.Protect_HardWare_Base.asccl_dec_delay  protect.o
    0x20000268        -       0x00000002   Zero   RW         1044    .bss.Protect_HardWare_Base.asccl_reset_time  protect.o
    0x2000026a        -       0x00000002   Zero   RW         1042    .bss.Protect_HardWare_Base.ascd_rec_delay  protect.o
    0x2000026c        -       0x00000002   Zero   RW         1041    .bss.Protect_HardWare_Base.ascdl_dec_dalay  protect.o
    0x2000026e        -       0x00000002   Zero   RW         1043    .bss.Protect_HardWare_Base.ascdl_reset_time  protect.o
    0x20000270        -       0x00000004   Zero   RW         1057    .bss.Protect_OC.chg_cap  protect.o
    0x20000274        -       0x00000004   Zero   RW         1058    .bss.Protect_OC.dsg_cap  protect.o
    0x20000278        -       0x00000004   Zero   RW         1027    .bss.Protect_OCC.delay1  protect.o
    0x2000027c        -       0x00000004   Zero   RW         1028    .bss.Protect_OCC.delay2  protect.o
    0x20000280        -       0x00000004   Zero   RW         1029    .bss.Protect_OCC.recovery_delay  protect.o
    0x20000284        -       0x00000004   Zero   RW         1033    .bss.Protect_OCD.dec_delay1  protect.o
    0x20000288        -       0x00000004   Zero   RW         1034    .bss.Protect_OCD.dec_delay2  protect.o
    0x2000028c        -       0x00000004   Zero   RW         1030    .bss.Protect_OCD.delay1  protect.o
    0x20000290        -       0x00000004   Zero   RW         1031    .bss.Protect_OCD.delay2  protect.o
    0x20000294        -       0x00000002   Zero   RW         1036    .bss.Protect_OCD.ocdl1_counter  protect.o
    0x20000296        -       0x00000002   Zero   RW         1037    .bss.Protect_OCD.ocdl2_counter  protect.o
    0x20000298        -       0x00000004   Zero   RW         1032    .bss.Protect_OCD.recovery_delay  protect.o
    0x2000029c        -       0x00000004   Zero   RW         1035    .bss.Protect_OCD.resettime  protect.o
    0x200002a0        -       0x00000002   Zero   RW         1047    .bss.Protect_OTC.delay  protect.o
    0x200002a2        -       0x00000002   Zero   RW         1048    .bss.Protect_OTD.delay  protect.o
    0x200002a4        -       0x00000002   Zero   RW         1049    .bss.Protect_OTF.delay  protect.o
    0x200002a6        -       0x00000002   Zero   RW         1063    .bss.Protect_PCHGC.delay  protect.o
    0x200002a8        -       0x00000002   Zero   RW         1064    .bss.Protect_PCHGC.recovery_dalay  protect.o
    0x200002aa   0x08013cc6   0x00000002   PAD
    0x200002ac        -       0x00000004   Zero   RW         1054    .bss.Protect_PTO.resetCap  protect.o
    0x200002b0        -       0x00000004   Zero   RW         1053    .bss.Protect_PTO.timer  protect.o
    0x200002b4        -       0x00000002   Zero   RW         1050    .bss.Protect_UTC.delay  protect.o
    0x200002b6        -       0x00000002   Zero   RW         1051    .bss.Protect_UTD.delay  protect.o
    0x200002b8        -       0x00000001   Zero   RW          767    .bss.Qamx1EndSOC    mode.o
    0x200002b9        -       0x00000001   Zero   RW          762    .bss.Qamx1InitSOC   mode.o
    0x200002ba        -       0x00000001   Zero   RW          768    .bss.Qamx2EndSOC    mode.o
    0x200002bb        -       0x00000001   Zero   RW          769    .bss.Qamx2InitSOC   mode.o
    0x200002bc        -       0x00000001   Zero   RW          770    .bss.Qamx3EndSOC    mode.o
    0x200002bd        -       0x00000001   Zero   RW          771    .bss.Qamx3InitSOC   mode.o
    0x200002be        -       0x00000001   Zero   RW          772    .bss.Qamx4EndSOC    mode.o
    0x200002bf        -       0x00000001   Zero   RW          773    .bss.Qamx4InitSOC   mode.o
    0x200002c0        -       0x00000004   Zero   RW          757    .bss.QmaxCapcity_Calc  mode.o
    0x200002c4        -       0x00000004   Zero   RW          758    .bss.QmaxCapcity_Calc_deadband  mode.o
    0x200002c8        -       0x00000002   Zero   RW          754    .bss.QmaxControl    mode.o
    0x200002ca   0x08013cc6   0x00000002   PAD
    0x200002cc        -       0x00000004   Zero   RW          761    .bss.Record_lrc_w_CEDV  mode.o
    0x200002d0        -       0x00000004   Zero   RW          763    .bss.Record_lrc_w_CEDV_fcc_show  mode.o
    0x200002d4        -       0x00000004   Zero   RW          764    .bss.Record_lrc_w_CEDV_fcc_show_last  mode.o
    0x200002d8        -       0x00000012   Zero   RW          728    .bss.Res_Temp_CEDV_Inner  mode.o
    0x200002ea        -       0x00000002   Zero   RW          740    .bss.Res_Temp_CEDV_Inner_temp  mode.o
    0x200002ec        -       0x00000001   Zero   RW         1344    .bss.SC_Flag        smbus_protocol.o
    0x200002ed        -       0x00000001   Zero   RW          930    .bss.SDM_CMD_CNT    power_modes.o
    0x200002ee   0x08013cc6   0x00000002   PAD
    0x200002f0        -       0x00000004   Zero   RW          929    .bss.SDM_CNT        power_modes.o
    0x200002f4        -       0x00000004   Zero   RW          928    .bss.SDV_CNT        power_modes.o
    0x200002f8        -       0x00000001   Zero   RW          746    .bss.SOC_CEDV       mode.o
    0x200002f9        -       0x00000001   Zero   RW         1365    .bss.SOC_CEDV_show  smbus_protocol.o
    0x200002fa        -       0x00000001   Zero   RW          651    .bss.Set_FET.last_status  mcu.o
    0x200002fb   0x08013cc6   0x00000001   PAD
    0x200002fc        -       0x00000002   Zero   RW         1347    .bss.SmbusTimeout_Chk.I2C_TimeOut_Count  smbus_protocol.o
    0x200002fe        -       0x00000002   Zero   RW         1338    .bss.State_of_HealthFCC  smbus_protocol.o
    0x20000300        -       0x00000002   Zero   RW         1339    .bss.StateofHealthenergy  smbus_protocol.o
    0x20000302        -       0x00000002   Zero   RW         1018    .bss.Temp_Change    protect.o
    0x20000304        -       0x00000004   Zero   RW         1337    .bss.TotalFWRuntime  smbus_protocol.o
    0x20000308        -       0x00000004   Zero   RW         1119    .bss.Ts_max         ram.o
    0x2000030c        -       0x00000004   Zero   RW         1120    .bss.Ts_min         ram.o
    0x20000310        -       0x00000038   Zero   RW         1417    .bss.UF_Msg         upflash.o
    0x20000348        -       0x00000004   Zero   RW         1117    .bss.V_max          ram.o
    0x2000034c        -       0x00000004   Zero   RW         1116    .bss.V_min          ram.o
    0x20000350        -       0x00000002   Zero   RW         1214    .bss._AIPIModeControl  sbs_commands.o
    0x20000352        -       0x00000002   Zero   RW         1202    .bss._AtRate        sbs_commands.o
    0x20000354        -       0x00000002   Zero   RW         1205    .bss._AtRateOK      sbs_commands.o
    0x20000356        -       0x00000002   Zero   RW         1204    .bss._AtRateTimeToEmpty  sbs_commands.o
    0x20000358        -       0x00000002   Zero   RW         1203    .bss._AtRateTimeToFull  sbs_commands.o
    0x2000035a        -       0x00000020   Zero   RW         1212    .bss._AuthCahllenge  sbs_commands.o
    0x2000037a        -       0x00000020   Zero   RW         1213    .bss._AuthResponse  sbs_commands.o
    0x2000039a        -       0x00000002   Zero   RW         1206    .bss._AverageCurrent  sbs_commands.o
    0x2000039c        -       0x00000002   Zero   RW         1192    .bss._AverageTimeToEmpty  sbs_commands.o
    0x2000039e        -       0x00000002   Zero   RW         1193    .bss._AverageTimeToFull  sbs_commands.o
    0x200003a0        -       0x00000002   Zero   RW         1190    .bss._BatteryMode   sbs_commands.o
    0x200003a2        -       0x00000002   Zero   RW         1194    .bss._BatteryStatus  sbs_commands.o
    0x200003a4        -       0x00000008   Zero   RW         1231    .bss._CBStatus      sbs_commands.o
    0x200003ac        -       0x00000002   Zero   RW         1195    .bss._ChargingCurrent  sbs_commands.o
    0x200003ae        -       0x00000002   Zero   RW         1196    .bss._ChargingVoltage  sbs_commands.o
    0x200003b0        -       0x00000002   Zero   RW         1207    .bss._CycleCount    sbs_commands.o
    0x200003b2        -       0x00000020   Zero   RW         1226    .bss._DAStatus1     sbs_commands.o
    0x200003d2        -       0x0000000e   Zero   RW         1227    .bss._DAStatus2     sbs_commands.o
    0x200003e0        -       0x00000002   Zero   RW         1197    .bss._DesignCapacity  sbs_commands.o
    0x200003e2        -       0x00000002   Zero   RW         1198    .bss._DesignVoltage  sbs_commands.o
    0x200003e4        -       0x00000002   Zero   RW         1234    .bss._EntryExitShipCondition  sbs_commands.o
    0x200003e6        -       0x00000002   Zero   RW         1233    .bss._EntryShipModeCount  sbs_commands.o
    0x200003e8        -       0x00000002   Zero   RW         1218    .bss._FETCtrl       sbs_commands.o
    0x200003ea        -       0x00000018   Zero   RW         1228    .bss._GaugeStatus1  sbs_commands.o
    0x20000402        -       0x00000020   Zero   RW         1229    .bss._GaugeStatus2  sbs_commands.o
    0x20000422        -       0x00000008   Zero   RW         1230    .bss._GaugeStatus3  sbs_commands.o
    0x2000042a        -       0x00000021   Zero   RW         1209    .bss._ManufacturerData  sbs_commands.o
    0x2000044b   0x08013cc6   0x00000001   PAD
    0x2000044c        -       0x00000002   Zero   RW         1220    .bss._OptCommand1   sbs_commands.o
    0x2000044e        -       0x00000002   Zero   RW         1199    .bss._OptCommand2   sbs_commands.o
    0x20000450        -       0x00000004   Zero   RW         1223    .bss._PFAlert       sbs_commands.o
    0x20000454        -       0x00000004   Zero   RW         1224    .bss._PFStatus      sbs_commands.o
    0x20000458        -       0x00000002   Zero   RW         1201    .bss._RemainingCapacityAlarm  sbs_commands.o
    0x2000045a        -       0x00000002   Zero   RW         1191    .bss._RunTimeToEmpty  sbs_commands.o
    0x2000045c        -       0x00000004   Zero   RW         1221    .bss._SafetyAlert   sbs_commands.o
    0x20000460        -       0x00000004   Zero   RW         1222    .bss._SafetyStatus  sbs_commands.o
    0x20000464        -       0x00000002   Zero   RW         1235    .bss._ShipModeTimer  sbs_commands.o
    0x20000466        -       0x00000002   Zero   RW         1200    .bss._SoH           sbs_commands.o
    0x20000468        -       0x00000002   Zero   RW         1208    .bss._SpecificationInfo  sbs_commands.o
    0x2000046a        -       0x00000020   Zero   RW         1219    .bss._WarrantyPeriod  sbs_commands.o
    0x2000048a        -       0x00000014   Zero   RW         1188    .bss._sha1_reslut   sbs_commands.o
    0x2000049e        -       0x00000002   Zero   RW          793    .bss.acb_w          mode.o
    0x200004a0        -       0x00000002   Zero   RW         1280    .bss.acomflg        smbus_protocol.o
    0x200004a2        -       0x00000002   Zero   RW          324    .bss.adfflg         dataflash.o
    0x200004a4        -       0x00000002   Zero   RW          332    .bss.advanceLen     dataflash.o
    0x200004a6   0x08013cc6   0x00000002   PAD
    0x200004a8        -       0x00000025   Zero   RW          103    .bss.afe_Calib      afe_cvt.o
    0x200004cd   0x08013cc6   0x00000003   PAD
    0x200004d0        -       0x00000025   Zero   RW          102    .bss.afe_data       afe_cvt.o
    0x200004f5   0x08013cc6   0x00000001   PAD
    0x200004f6        -       0x00000002   Zero   RW          553    .bss.altflg         lifetime.o
    0x200004f8        -       0x00000002   Zero   RW          466    .bss.amodeflag      hdp.o
    0x200004fa        -       0x00000002   Zero   RW         1017    .bss.aoldl_counter  protect.o
    0x200004fc        -       0x00000001   Zero   RW         1294    .bss.apec           smbus_protocol.o
    0x200004fd        -       0x00000001   Zero   RW          371    .bss.arelearn_cnt   datcalc_spl.o
    0x200004fe        -       0x00000002   Zero   RW         1016    .bss.asccl_counter  protect.o
    0x20000500        -       0x00000002   Zero   RW         1015    .bss.ascdl_counter  protect.o
    0x20000502        -       0x00000001   Zero   RW         1281    .bss.aslvto_cnt     smbus_protocol.o
    0x20000503   0x08013cc6   0x00000001   PAD
    0x20000504        -       0x00000004   Zero   RW         1172    .bss.asynch_prediv  rtc.o
    0x20000508        -       0x00000004   Zero   RW          755    .bss.at_endqmax_cnt  mode.o
    0x2000050c        -       0x00000004   Zero   RW          756    .bss.at_startqmax_cnt  mode.o
    0x20000510        -       0x00000004   Zero   RW         1121    .bss.aveTemp        ram.o
    0x20000514        -       0x00000001   Zero   RW          734    .bss.awork1_CEDV    mode.o
    0x20000515        -       0x00000001   Zero   RW          735    .bss.awork2_CEDV    mode.o
    0x20000516        -       0x00000001   Zero   RW          736    .bss.awork3_CEDV    mode.o
    0x20000517        -       0x00000001   Zero   RW          737    .bss.awork4_CEDV    mode.o
    0x20000518        -       0x00000001   Zero   RW          733    .bss.b_aidx         mode.o
    0x20000519        -       0x00000001   Zero   RW          782    .bss.bit_chg_smooth_CE  mode.o
    0x2000051a        -       0x00000001   Zero   RW          410    .bss.bit_rc_use     datcalc_spl.o
    0x2000051b   0x08013cc6   0x00000001   PAD
    0x2000051c        -       0x00000002   Zero   RW         1333    .bss.blk_read_case_last  smbus_protocol.o
    0x2000051e        -       0x00000001   Zero   RW          100    .bss.cal_average_current.current_cnt  afe_cvt.o
    0x2000051f   0x08013cc6   0x00000001   PAD
    0x20000520        -       0x00000004   Zero   RW          101    .bss.cal_average_current.current_sum  afe_cvt.o
    0x20000524        -       0x00000004   Zero   RW           99    .bss.cal_average_current.time_cnt_ms  afe_cvt.o
    0x20000528        -       0x00000001   Zero   RW         1088    .bss.cal_average_dbpt_current.buf_index  protect.o
    0x20000529   0x08013cc6   0x00000001   PAD
    0x2000052a        -       0x000000a0   Zero   RW         1087    .bss.cal_average_dbpt_current.current_buf  protect.o
    0x200005ca        -       0x00000002   Zero   RW         1091    .bss.cal_average_dbpt_current.dbpt_average_current  protect.o
    0x200005cc        -       0x00000004   Zero   RW         1090    .bss.cal_average_dbpt_current.dbpt_current_sum  protect.o
    0x200005d0        -       0x00000001   Zero   RW         1089    .bss.cal_average_dbpt_current.full_flag  protect.o
    0x200005d1        -       0x00000001   Zero   RW          750    .bss.calc_RES_soc_chabiao  mode.o
    0x200005d2        -       0x00000001   Zero   RW          752    .bss.calc_RES_soc_jisuan  mode.o
    0x200005d3   0x08013cc6   0x00000001   PAD
    0x200005d4        -       0x00000002   Zero   RW          765    .bss.calc_Res_k_EndRes  mode.o
    0x200005d6        -       0x00000002   Zero   RW          774    .bss.calc_Res_k_InitSOC  mode.o
    0x200005d8        -       0x00000002   Zero   RW          766    .bss.calc_k_initRES  mode.o
    0x200005da        -       0x00000002   Zero   RW          751    .bss.calc_k_res_chabiao  mode.o
    0x200005dc        -       0x00000002   Zero   RW          753    .bss.calc_k_res_jisuan  mode.o
    0x200005de        -       0x00000002   Zero   RW          783    .bss.chg_smooth_cur_CE  mode.o
    0x200005e0        -       0x00000060   Zero   RW         1128    .bss.com_data       ram.o
    0x20000640        -       0x00000004   Zero   RW          786    .bss.cur_qmax_chu_fcc  mode.o
    0x20000644        -       0x00000400   Zero   RW          323    .bss.df_write_u32   dataflash.o
    0x20000a44        -       0x00000004   Zero   RW          749    .bss.dsg_CEDV_Record_lrc_w_update_k  mode.o
    0x20000a48        -       0x00000022   Zero   RW         1345    .bss.eMac           smbus_protocol.o
    0x20000a6a        -       0x00000001   Zero   RW          718    .bss.f_CHG_CEDV     mode.o
    0x20000a6b        -       0x00000001   Zero   RW          719    .bss.f_DSG_CEDV     mode.o
    0x20000a6c        -       0x00000001   Zero   RW          161    .bss.f_caltotal_attf  calc_attf.o
    0x20000a6d        -       0x00000001   Zero   RW          748    .bss.f_charge_cal_k_last  mode.o
    0x20000a6e        -       0x00000001   Zero   RW          717    .bss.f_chg_dsg_confirmed  mode.o
    0x20000a6f        -       0x00000001   Zero   RW          785    .bss.f_cp_l_last_CEDV  mode.o
    0x20000a70        -       0x00000001   Zero   RW          400    .bss.f_ful_chg_once  datcalc_spl.o
    0x20000a71        -       0x00000001   Zero   RW          775    .bss.f_fulchg_fuldsg  mode.o
    0x20000a72        -       0x00000001   Zero   RW          373    .bss.f_init_first_time  datcalc_spl.o
    0x20000a73        -       0x00000001   Zero   RW         1100    .bss.f_pi_pinghua   protect.o
    0x20000a74        -       0x00000001   Zero   RW          747    .bss.f_relax_cal_k_CEDV_last  mode.o
    0x20000a75        -       0x00000001   Zero   RW          720    .bss.f_relax_last_CEDV  mode.o
    0x20000a76        -       0x00000001   Zero   RW          794    .bss.f_rsoc_hold    mode.o
    0x20000a77        -       0x00000001   Zero   RW         1078    .bss.f_temp_high    protect.o
    0x20000a78        -       0x00000002   Zero   RW         1299    .bss.fcc_CEDV_Ture  smbus_protocol.o
    0x20000a7a        -       0x00000002   Zero   RW          331    .bss.fdLenW         dataflash.o
    0x20000a7c        -       0x00000002   Zero   RW          330    .bss.fdLimitW       dataflash.o
    0x20000a7e        -       0x00000002   Zero   RW          776    .bss.ful_dsg_cap_FCC  mode.o
    0x20000a80        -       0x00000002   Zero   RW          812    .bss.g_QamxPack     mode.o
    0x20000a82   0x08013cc6   0x00000002   PAD
    0x20000a84        -       0x00000004   Zero   RW          105    .bss.get_adc_calibration_value.cali_cnt  afe_cvt.o
    0x20000a88        -       0x00000004   Zero   RW          104    .bss.get_adc_calibration_value.cali_timeout_cnt  afe_cvt.o
    0x20000a8c        -       0x00000001   Zero   RW          210    .bss.get_iic_arblo  cbm8580m_int.o
    0x20000a8d        -       0x00000001   Zero   RW          211    .bss.get_iic_buserr  cbm8580m_int.o
    0x20000a8e        -       0x00000001   Zero   RW          220    .bss.hwd_recovery   cbm8580m_int.o
    0x20000a8f        -       0x00000001   Zero   RW          215    .bss.iic_rx_cnt     cbm8580m_int.o
    0x20000a90        -       0x00000001   Zero   RW          216    .bss.iic_tx_cnt     cbm8580m_int.o
    0x20000a91        -       0x00000001   Zero   RW          212    .bss.is_exti_trip   cbm8580m_int.o
    0x20000a92        -       0x00000193   Zero   RW          276    .bss.l_lifetimes    data_flash_value.o
    0x20000c25   0x08013cc6   0x00000003   PAD
    0x20000c28        -       0x00000004   Zero   RW          550    .bss.last_PF_Status  lifetime.o
    0x20000c2c        -       0x00000004   Zero   RW          549    .bss.last_Status_Status  lifetime.o
    0x20000c30        -       0x000000dc   Zero   RW          552    .bss.lifetime_ram   lifetime.o
    0x20000d0c        -       0x00000004   Zero   RW          368    .bss.lmaxerr_cnt    datcalc_spl.o
    0x20000d10        -       0x00000002   Zero   RW         1284    .bss.lowBus_cnt     smbus_protocol.o
    0x20000d12   0x08013cc6   0x00000002   PAD
    0x20000d14        -       0x00000004   Zero   RW          411    .bss.lrc_w_last     datcalc_spl.o
    0x20000d18        -       0x00000004   Zero   RW          380    .bss.lrcdr_w        datcalc_spl.o
    0x20000d1c        -       0x00000015   Zero   RW         1135    .bss.nAFERegister   ram.o
    0x20000d31   0x08013cc6   0x00000003   PAD
    0x20000d34        -       0x00000004   Zero   RW         1132    .bss.nChargingStatus  ram.o
    0x20000d38        -       0x00000008   Zero   RW         1146    .bss.nFilteredCapacity  ram.o
    0x20000d40        -       0x00000004   Zero   RW         1133    .bss.nGaugingStatus  ram.o
    0x20000d44        -       0x00000020   Zero   RW         1139    .bss.nLifeTimeDataBlock4  ram.o
    0x20000d64        -       0x00000020   Zero   RW         1140    .bss.nLifeTimeDataBlock5  ram.o
    0x20000d84        -       0x00000020   Zero   RW         1141    .bss.nLifeTimeDataBlock6  ram.o
    0x20000da4        -       0x00000020   Zero   RW         1142    .bss.nLifeTimeDataBlock7  ram.o
    0x20000dc4        -       0x00000020   Zero   RW         1143    .bss.nLifeTimeDataBlock8  ram.o
    0x20000de4        -       0x00000002   Zero   RW         1134    .bss.nManufacturingStatus  ram.o
    0x20000de6   0x08013cc6   0x00000002   PAD
    0x20000de8        -       0x00000004   Zero   RW         1131    .bss.nOperationStatus  ram.o
    0x20000dec        -       0x00000001   Zero   RW         1291    .bss.nReadLen       smbus_protocol.o
    0x20000ded   0x08013cc6   0x00000001   PAD
    0x20000dee        -       0x00000002   Zero   RW         1292    .bss.nWriteLen      smbus_protocol.o
    0x20000df0        -       0x00000004   Zero   RW         1285    .bss.need_change_sha1_pwd  smbus_protocol.o
    0x20000df4        -       0x00000001   Zero   RW          264    .bss.new_random     comm_protocol.o
    0x20000df5   0x08013cc6   0x00000001   PAD
    0x20000df6        -       0x00000002   Zero   RW         1282    .bss.no_com_cnt     smbus_protocol.o
    0x20000df8        -       0x00000002   Zero   RW          329    .bss.offset         dataflash.o
    0x20000dfa   0x08013cc6   0x00000002   PAD
    0x20000dfc        -       0x00000004   Zero   RW         1082    .bss.oldTemp        protect.o
    0x20000e00        -       0x000001f4   Zero   RW         1081    .bss.oldVoltage     protect.o
    0x20000ff4        -       0x00000002   Zero   RW         1077    .bss.oldVoltageSum  protect.o
    0x20000ff6        -       0x00000001   Zero   RW          795    .bss.old_rsoc       mode.o
    0x20000ff7   0x08013cc6   0x00000001   PAD
    0x20000ff8        -       0x00000004   Zero   RW          377    .bss.onedelay       datcalc_spl.o
    0x20000ffc        -       0x00000002   Zero   RW          168    .bss.percen_Q       calc_attf.o
    0x20000ffe        -       0x00000002   Zero   RW         1295    .bss.pi_sum_time    smbus_protocol.o
    0x20001000        -       0x00000002   Zero   RW         1296    .bss.pi_temp_time   smbus_protocol.o
    0x20001002   0x08013cc6   0x00000002   PAD
    0x20001004        -       0x00000004   Zero   RW         1099    .bss.plugged_IN.Record_lrc_w_pi  protect.o
    0x20001008        -       0x00000004   Zero   RW         1095    .bss.plugged_IN.data_tt  protect.o
    0x2000100c        -       0x00000004   Zero   RW         1093    .bss.plugged_IN.daydelay  protect.o
    0x20001010        -       0x00000001   Zero   RW         1096    .bss.plugged_IN.daydex  protect.o
    0x20001011   0x08013cc6   0x00000003   PAD
    0x20001014        -       0x00000004   Zero   RW         1094    .bss.plugged_IN.one_day  protect.o
    0x20001018        -       0x00000002   Zero   RW         1098    .bss.plugged_IN.rsoc_pi  protect.o
    0x2000101a        -       0x00000001   Zero   RW         1097    .bss.plugged_IN.sevendex  protect.o
    0x2000101b   0x08013cc6   0x00000001   PAD
    0x2000101c        -       0x00000004   Zero   RW         1092    .bss.plugged_IN.socdelay  protect.o
    0x20001020        -       0x00000004   Zero   RW          461    .bss.prehiegdelay   hdp.o
    0x20001024        -       0x00000004   Zero   RW          462    .bss.prelowdelay    hdp.o
    0x20001028        -       0x00000002   Zero   RW          759    .bss.qmax_CEDV_temp  mode.o
    0x2000102a   0x08013cc6   0x00000002   PAD
    0x2000102c        -       0x00000004   Zero   RW          730    .bss.rc_integral_CEDV  mode.o
    0x20001030        -       0x00000001   Zero   RW          263    .bss.rcv_random     comm_protocol.o
    0x20001031   0x08013cc6   0x00000003   PAD
    0x20001034        -       0x00000004   Zero   RW         1346    .bss.read_processmsg.dataCnt  smbus_protocol.o
    0x20001038        -       0x00000001   Zero   RW          221    .bss.register_addr  cbm8580m_int.o
    0x20001039        -       0x00000001   Zero   RW           93    .bss.relaxing       afe_cvt.o
    0x2000103a        -       0x00000002   Zero   RW           94    .bss.relaxingCnt    afe_cvt.o
    0x2000103c        -       0x00000002   Zero   RW          333    .bss.remainLen      dataflash.o
    0x2000103e   0x08013cc6   0x00000002   PAD
    0x20001040        -       0x00000004   Zero   RW          537    .bss.rsoc_Cnt       lifetime.o
    0x20001044        -       0x00000026   Zero   RW         1288    .bss.rx_buffer      smbus_protocol.o
    0x2000106a   0x08013cc6   0x00000002   PAD
    0x2000106c        -       0x000000d0   Zero   RW         1388    .bss.s_tTmr         soft_timer.o
    0x2000113c        -       0x00000538   Zero   RW         1331    .bss.scom_no_tbl    smbus_protocol.o
    0x20001674        -       0x00000004   Zero   RW          378    .bss.seconddelay    datcalc_spl.o
    0x20001678        -       0x00000002   Zero   RW          924    .bss.ship_timer     power_modes.o
    0x2000167a        -       0x00000001   Zero   RW         1067    .bss.shutdown_wake_flag  protect.o
    0x2000167b   0x08013cc6   0x00000001   PAD
    0x2000167c        -       0x00000002   Zero   RW           23    .bss.smartchgcrl    advancedchargealgorithm.o
    0x2000167e   0x08013cc6   0x00000002   PAD
    0x20001680        -       0x00000004   Zero   RW          219    .bss.systick_ms     cbm8580m_int.o
    0x20001684        -       0x0000000e   Zero   RW         1225    .bss.t_DBPT         sbs_commands.o
    0x20001692        -       0x00000002   Zero   RW         1130    .bss.t_com00        ram.o
    0x20001694        -       0x00000002   Zero   RW          375    .bss.t_com0dsoclast  datcalc_spl.o
    0x20001696        -       0x00000002   Zero   RW          381    .bss.t_com0fCap     datcalc_spl.o
    0x20001698        -       0x00000002   Zero   RW          777    .bss.t_com0f_CEDV   mode.o
    0x2000169a   0x08013cc6   0x00000002   PAD
    0x2000169c        -       0x00000004   Zero   RW          382    .bss.t_com10Cap     datcalc_spl.o
    0x200016a0        -       0x00000002   Zero   RW         1353    .bss.t_com1d_out    smbus_protocol.o
    0x200016a2        -       0x00000002   Zero   RW         1354    .bss.t_com1e_out    smbus_protocol.o
    0x200016a4        -       0x00000002   Zero   RW         1298    .bss.t_com1f_out    smbus_protocol.o
    0x200016a6        -       0x00000002   Zero   RW         1300    .bss.t_com31_out    smbus_protocol.o
    0x200016a8        -       0x00000002   Zero   RW         1301    .bss.t_com32_out    smbus_protocol.o
    0x200016aa        -       0x00000002   Zero   RW         1302    .bss.t_com33_out    smbus_protocol.o
    0x200016ac        -       0x00000002   Zero   RW         1303    .bss.t_com39_out    smbus_protocol.o
    0x200016ae        -       0x00000002   Zero   RW         1304    .bss.t_com3a_out    smbus_protocol.o
    0x200016b0        -       0x00000002   Zero   RW         1305    .bss.t_com41_out    smbus_protocol.o
    0x200016b2        -       0x00000002   Zero   RW         1306    .bss.t_com42_out    smbus_protocol.o
    0x200016b4        -       0x00000002   Zero   RW         1307    .bss.t_com43_out    smbus_protocol.o
    0x200016b6        -       0x00000023   Zero   RW         1129    .bss.t_com44        ram.o
    0x200016d9   0x08013cc6   0x00000001   PAD
    0x200016da        -       0x00000002   Zero   RW         1308    .bss.t_com45_out    smbus_protocol.o
    0x200016dc        -       0x00000002   Zero   RW         1362    .bss.t_com4e_out    smbus_protocol.o
    0x200016de        -       0x00000002   Zero   RW         1123    .bss.t_com79        ram.o
    0x200016e0        -       0x00000002   Zero   RW         1124    .bss.t_com79_CEDV   ram.o
    0x200016e2        -       0x00000002   Zero   RW         1309    .bss.t_com8b_out    smbus_protocol.o
    0x200016e4        -       0x00000002   Zero   RW         1310    .bss.t_com8c_out    smbus_protocol.o
    0x200016e6        -       0x00000002   Zero   RW         1311    .bss.t_com8d_out    smbus_protocol.o
    0x200016e8        -       0x00000002   Zero   RW         1312    .bss.t_com8e_out    smbus_protocol.o
    0x200016ea        -       0x00000002   Zero   RW         1313    .bss.t_com8f_out    smbus_protocol.o
    0x200016ec        -       0x00000002   Zero   RW         1314    .bss.t_com90_out    smbus_protocol.o
    0x200016ee        -       0x00000002   Zero   RW         1315    .bss.t_com91_out    smbus_protocol.o
    0x200016f0        -       0x00000002   Zero   RW         1316    .bss.t_com92_out    smbus_protocol.o
    0x200016f2        -       0x00000002   Zero   RW         1317    .bss.t_com93_out    smbus_protocol.o
    0x200016f4        -       0x00000002   Zero   RW         1318    .bss.t_com94_out    smbus_protocol.o
    0x200016f6        -       0x00000002   Zero   RW         1319    .bss.t_com95_out    smbus_protocol.o
    0x200016f8        -       0x00000002   Zero   RW         1320    .bss.t_com96_out    smbus_protocol.o
    0x200016fa        -       0x00000002   Zero   RW         1321    .bss.t_com97_out    smbus_protocol.o
    0x200016fc        -       0x00000002   Zero   RW         1322    .bss.t_com98_out    smbus_protocol.o
    0x200016fe        -       0x00000002   Zero   RW         1297    .bss.t_com99_out    smbus_protocol.o
    0x20001700        -       0x00000002   Zero   RW         1323    .bss.t_com9a_out    smbus_protocol.o
    0x20001702        -       0x00000002   Zero   RW         1324    .bss.t_com9b_out    smbus_protocol.o
    0x20001704        -       0x00000002   Zero   RW         1325    .bss.t_com9c_out    smbus_protocol.o
    0x20001706        -       0x00000002   Zero   RW         1326    .bss.t_com9d_out    smbus_protocol.o
    0x20001708        -       0x00000002   Zero   RW         1327    .bss.t_com9e_out    smbus_protocol.o
    0x2000170a        -       0x00000002   Zero   RW         1328    .bss.t_com9f_out    smbus_protocol.o
    0x2000170c        -       0x00000002   Zero   RW         1329    .bss.t_coma0_out    smbus_protocol.o
    0x2000170e        -       0x00000002   Zero   RW         1330    .bss.t_coma1_out    smbus_protocol.o
    0x20001710        -       0x00000068   Zero   RW          275    .bss.t_record       data_flash_value.o
    0x20001778        -       0x00000024   Zero   RW          376    .bss.t_si_loss_para  datcalc_spl.o
    0x2000179c        -       0x00000001   Zero   RW          652    .bss.task_init      mcu.o
    0x2000179d   0x08013cc6   0x00000001   PAD
    0x2000179e        -       0x00000002   Zero   RW          370    .bss.tccup          datcalc_spl.o
    0x200017a0        -       0x00000002   Zero   RW          367    .bss.tcpl_v         datcalc_spl.o
    0x200017a2        -       0x00000002   Zero   RW          369    .bss.tdfup_cnt      datcalc_spl.o
    0x200017a4        -       0x00000002   Zero   RW          106    .bss.temperature    afe_cvt.o
    0x200017a6        -       0x00000002   Zero   RW          729    .bss.tfc_cnt_CEDV   mode.o
    0x200017a8        -       0x00000001   Zero   RW          925    .bss.timebaseflag   power_modes.o
    0x200017a9   0x08013cc6   0x00000003   PAD
    0x200017ac        -       0x00000004   Zero   RW          923    .bss.timeshutdown_timer  power_modes.o
    0x200017b0        -       0x00000004   Zero   RW          218    .bss.timing_delay   cbm8580m_int.o
    0x200017b4        -       0x00000002   Zero   RW          372    .bss.toldrc         datcalc_spl.o
    0x200017b6        -       0x00000002   Zero   RW          177    .bss.total_attf_adjtem  calc_attf.o
    0x200017b8        -       0x00000002   Zero   RW          172    .bss.total_time_attf  calc_attf.o
    0x200017ba        -       0x00000002   Zero   RW          738    .bss.twork1_out     mode.o
    0x200017bc        -       0x00000026   Zero   RW         1289    .bss.tx_buffer      smbus_protocol.o
    0x200017e2        -       0x00000002   Zero   RW          171    .bss.usAttf         calc_attf.o
    0x200017e4        -       0x00000004   Zero   RW          175    .bss.usAttfLast     calc_attf.o
    0x200017e8        -       0x00000001   Zero   RW          214    .bss.write_flag     cbm8580m_int.o
    0x200017e9   0x08013cc6   0x00000007   PAD
    0x200017f0        -       0x00003000   Zero   RW         1492    STACK               startup_cbm858xm.o



  Load Region LR$$.ARM.__at_0x08032000 (Base: 0x08032000, Size: 0x000004d8, Max: 0x000004d8, ABSOLUTE)

    Execution Region ER$$.ARM.__at_0x08032000 (Exec base: 0x08032000, Load base: 0x08032000, Size: 0x000004d8, Max: 0x000004d8, ABSOLUTE, UNINIT)

    Exec Addr    Load Addr    Size         Type   Attr      Idx    E Section Name        Object

    0x08032000   0x08032000   0x000004d6   Data   RO          277    .ARM.__at_0x08032000  data_flash_value.o



  Load Region LR$$.ARM.__at_0x08032800 (Base: 0x08032800, Size: 0x000008dc, Max: 0x000008dc, ABSOLUTE)

    Execution Region ER$$.ARM.__at_0x08032800 (Exec base: 0x08032800, Load base: 0x08032800, Size: 0x000008dc, Max: 0x000008dc, ABSOLUTE, UNINIT)

    Exec Addr    Load Addr    Size         Type   Attr      Idx    E Section Name        Object

    0x08032800   0x08032800   0x000008da   Data   RO         1110    .ARM.__at_0x08032800  ra_value.o


==============================================================================

Image component sizes


      Code (inc. data)   RO Data    RW Data    ZI Data      Debug   Object Name

      2516        300          0          0          3       4696   advancedchargealgorithm.o
      3652        324        960          4         96      12341   afe_cvt.o
       218          8          0          0          1       5311   afetimer.o
       864        180          0          0         26       3231   calc_attf.o
      1656        200          0         17         16       6367   cbm8580m_int.o
       642         24          0          0          0       4226   cbm858x_afe_transimit.o
       224          0          0          0          0       2903   cbm858xm_gpio.o
        96          4          0          0          0       3543   cbm858xm_i2c.o
       264         12          0          0          2       6122   comm_protocol.o
         0          0       1238          0        507      50139   data_flash_value.o
      2666        252          0          0       1047       9229   dataflash.o
      2908        296          0          0         77       7986   datcalc_spl.o
      1514        104          0          5         13       6032   hdp.o
      8908        716          0          3        316      13566   lifetime.o
       160         12          0          0          0       3135   log.o
       136         12          0          0          0       1941   lptm.o
       272         20         32          2          0       1365   main.o
      1082        124          0          1          2       4622   mcu.o
     10244       1452          4          8        157      18314   mode.o
       950         68          4          0         16       4940   modules_sha1.o
      2228        276          0          0         20       5207   power_modes.o
     14032       1916          0          2        903      17329   protect.o
         0          0       2266          0          0        817   ra_value.o
         0          0          0          0        368       7620   ram.o
       248         16          0          4          4       5276   rtc.o
       176         68          0         23        347       8874   sbs_commands.o
     11950       3588        260          0       1573      16073   smbus_protocol.o
       240         32          0          0        208       2810   soft_timer.o
        28          8        184          0      12288        628   startup_cbm858xm.o
        24          4          0          4          0        969   system_cbm858xm.o
        84         24         32          0         56       1353   upflash.o

    ----------------------------------------------------------------------
     68020      10040       5016         80      18136     236965   Object Totals
         0          0         32          0          0          0   (incl. Generated)
        38          0          4          7         90          0   (incl. Padding)

    ----------------------------------------------------------------------

      Code (inc. data)   RO Data    RW Data    ZI Data      Debug   Library Member Name

       930         44          0          0          0      12344   cbm858x_afe_cc.o
       204          0          0          0          0       4583   cbm858x_afe_cddrv.o
       130          4          0          0          0       3847   cbm858x_afe_dtdrv.o
        84          0          0          0          0       1986   cbm858x_afe_gcr.o
       110          4          0          0          0       5052   cbm858x_afe_gpio.o
       622          4          0          0          0       7582   cbm858x_afe_hdp.o
       320          0          0          0          0       6656   cbm858x_afe_int.o
       174          0          0          0          0       2883   cbm858x_afe_pmu.o
        66          0          0          0          0       3138   cbm858x_afe_rcc.o
      1138         44          0          0          0      17433   cbm858x_afe_vadc.o
       134          4          0          0          0       2140   cbm858x_afe_wkcp.o
        68          8          0          0          0       2359   cbm858xm_exti.o
       352         28          0          0          0      11292   cbm858xm_flash.o
        92         32          0          0          0       1867   cbm858xm_fwdt.o
        56          4          0          0          0       1632   cbm858xm_hdiv.o
       168         32          0          0          0       4809   cbm858xm_lptim.o
        84         12          0          0          0       2474   cbm858xm_misc.o
       112          8          0          0          0       3498   cbm858xm_pmu.o
       302         44         16          0          0       5683   cbm858xm_rcu.o
       256         20          0          0          0      11332   cbm858xm_rtc.o
       174         16          0          0          0       5821   cbm858xm_spi.o
        32          4          0          0          0       3685   cbm858xm_syscfg.o
        32          4          0          0          0      13126   cbm858xm_tim.o
       192         16          0          0          0       6694   cbm858xm_usart.o
       604          8         64          0          0       6023   hash.o
       380         44          0          0          0       4369   hash_basic.o
       398          8          0          0          0       3807   hmac.o
        28          4          0          0          0       8496   trng.o
       166          0          0          0          0      11059   utility.o
        52          4          0          0          0       4097   utility_sec.o
        32          8          0          0          0         72   cpp_init.o
         0          0          0          0          0          0   entry.o
         0          0          0          0          0          0   entry10a.o
         0          0          0          0          0          0   entry11a.o
         8          4          0          0          0          0   entry2.o
         4          0          0          0          0          0   entry5.o
         0          0          0          0          0          0   entry7b.o
         4          0          0          0          0          0   entry8a.o
         0          0          0          0          0          0   entry8b.o
         8          4          0          0          0          0   entry9a.o
        30          0          0          0          0          0   handlers.o
        80          6          0          0          0         72   idiv_div0.o
        36          8          0          0          0         68   init.o
         0          0          0          0          0          0   iusefp.o
        48          0          0          0          0         72   llmul.o
        32          0          0          0          0         68   llshl.o
        38          0          0          0          0         68   llsshr.o
        34          0          0          0          0         68   llushr.o
        36          0          0          0          0         60   memcpya.o
        36          0          0          0          0        100   memseta.o
      1172         52          0          0          0        324   printf8.o
        36         12          0          4          0        120   rand.o
         0          0          0          4          0          0   stdout.o
        62          0          0          0          0         72   uidiv_div0.o
        96          0          0          0          0         84   uldiv.o
        56          0          0          0          0         68   d2f.o
       356          4          0          0          0        140   dadd.o
        44          0          0          0          0         68   dcmple.o
        44          0          0          0          0         68   dcmplt.o
       240          6          0          0          0         84   ddiv.o
       236          0          0          0          0        216   depilogue.o
        72         10          0          0          0         72   dfixi.o
        40          6          0          0          0         68   dflti.o
        28          4          0          0          0         68   dfltui.o
       208          6          0          0          0         88   dmul.o
        40          0          0          0          0         60   f2d.o
       178          0          0          0          0        108   fadd.o
        28          0          0          0          0         60   fcmpge.o
        28          0          0          0          0         60   fcmpgt.o
        28          0          0          0          0         60   fcmple.o
        28          0          0          0          0         60   fcmplt.o
       124          0          0          0          0         72   fdiv.o
       130          0          0          0          0        144   fepilogue.o
        50          0          0          0          0         60   ffixi.o
        22          0          0          0          0         68   fflti.o
        14          0          0          0          0         68   ffltui.o
       122          0          0          0          0         72   fmul.o

    ----------------------------------------------------------------------
     11400        530         80          8          0     182847   Library Totals
        32          0          0          0          0          0   (incl. Padding)

    ----------------------------------------------------------------------

      Code (inc. data)   RO Data    RW Data    ZI Data      Debug   Library Name

      3912        104          0          0          0      67644   cbm858x_afe.lib
      1920        228         16          0          0      74272   cbm858xm.lib
      1628         68         64          0          0      37851   crypto.lib
      1792         94          0          8          0       1248   mc_p.l
      2116         36          0          0          0       1832   mf_p.l

    ----------------------------------------------------------------------
     11400        530         80          8          0     182847   Library Totals

    ----------------------------------------------------------------------

==============================================================================


      Code (inc. data)   RO Data    RW Data    ZI Data      Debug   

     79420      10570       5096         88      18136     417440   Grand Totals
     79420      10570       5096         88      18136     417440   ELF Image Totals
     79420      10570       5096         88          0          0   ROM Totals

==============================================================================

    Total RO  Size (Code + RO Data)                84516 (  82.54kB)
    Total RW  Size (RW Data + ZI Data)             18224 (  17.80kB)
    Total ROM Size (Code + RO Data + RW Data)      84604 (  82.62kB)

==============================================================================

