<!doctype html public "-//w3c//dtd html 4.0 transitional//en">
<html><head>
<title>Static Call Graph - [.\Objects\APP.axf]</title></head>
<body><HR>
<H1>Static Call Graph for image .\Objects\APP.axf</H1><HR>
<BR><P>#&#060CALLGRAPH&#062# ARM Linker, 6150002: Last Updated: Thu Dec 25 17:33:56 2025
<BR><P>
<H3>Maximum Stack Usage =        636 bytes + Unknown(Cycles, Untraceable Function Pointers)</H3><H3>
Call chain for Maximum Stack Depth:</H3>
_GLOBAL__sub_I_smbus_protocol.c &rArr; __cxx_global_var_init
<P>
<H3>
Mutually Recursive functions
</H3> <LI><a href="#[1f]">ACTIVE_SHIELD_IRQHandler</a>&nbsp;&nbsp;&nbsp;&rArr;&nbsp;&nbsp;&nbsp;<a href="#[1f]">ACTIVE_SHIELD_IRQHandler</a><BR>
 <LI><a href="#[2]">HardFault_Handler</a>&nbsp;&nbsp;&nbsp;&rArr;&nbsp;&nbsp;&nbsp;<a href="#[2]">HardFault_Handler</a><BR>
</UL>
<P>
<H3>
Function Pointers
</H3><UL>
 <LI><a href="#[1f]">ACTIVE_SHIELD_IRQHandler</a> from startup_cbm858xm.o(.text) referenced from startup_cbm858xm.o(RESET)
 <LI><a href="#[e]">DMA1_Channel1_IRQHandler</a> from startup_cbm858xm.o(.text) referenced from startup_cbm858xm.o(RESET)
 <LI><a href="#[f]">DMA1_Channel2_3_IRQHandler</a> from startup_cbm858xm.o(.text) referenced from startup_cbm858xm.o(RESET)
 <LI><a href="#[10]">DMA1_Channel4_5_IRQHandler</a> from startup_cbm858xm.o(.text) referenced from startup_cbm858xm.o(RESET)
 <LI><a href="#[b]">EXTI0_1_IRQHandler</a> from cbm8580m_int.o(.text.EXTI0_1_IRQHandler) referenced from startup_cbm858xm.o(RESET)
 <LI><a href="#[c]">EXTI2_3_IRQHandler</a> from startup_cbm858xm.o(.text) referenced from startup_cbm858xm.o(RESET)
 <LI><a href="#[d]">EXTI4_15_IRQHandler</a> from cbm8580m_int.o(.text.EXTI4_15_IRQHandler) referenced from startup_cbm858xm.o(RESET)
 <LI><a href="#[9]">FLASH_IRQHandler</a> from startup_cbm858xm.o(.text) referenced from startup_cbm858xm.o(RESET)
 <LI><a href="#[18]">HASH_IRQHandler</a> from startup_cbm858xm.o(.text) referenced from startup_cbm858xm.o(RESET)
 <LI><a href="#[2]">HardFault_Handler</a> from cbm8580m_int.o(.text.HardFault_Handler) referenced from startup_cbm858xm.o(RESET)
 <LI><a href="#[1a]">I2C1_IRQHandler</a> from cbm8580m_int.o(.text.I2C1_IRQHandler) referenced from startup_cbm858xm.o(RESET)
 <LI><a href="#[14]">LPTIM_IRQHandler</a> from cbm8580m_int.o(.text.LPTIM_IRQHandler) referenced from startup_cbm858xm.o(RESET)
 <LI><a href="#[7]">LVD_IRQHandler</a> from startup_cbm858xm.o(.text) referenced from startup_cbm858xm.o(RESET)
 <LI><a href="#[1]">NMI_Handler</a> from cbm8580m_int.o(.text.NMI_Handler) referenced from startup_cbm858xm.o(RESET)
 <LI><a href="#[19]">PKE_IRQHandler</a> from startup_cbm858xm.o(.text) referenced from startup_cbm858xm.o(RESET)
 <LI><a href="#[4]">PendSV_Handler</a> from cbm8580m_int.o(.text.PendSV_Handler) referenced from startup_cbm858xm.o(RESET)
 <LI><a href="#[a]">RCU_IRQHandler</a> from startup_cbm858xm.o(.text) referenced from startup_cbm858xm.o(RESET)
 <LI><a href="#[8]">RTC_IRQHandler</a> from cbm8580m_int.o(.text.RTC_IRQHandler) referenced from startup_cbm858xm.o(RESET)
 <LI><a href="#[0]">Reset_Handler</a> from startup_cbm858xm.o(.text) referenced from startup_cbm858xm.o(RESET)
 <LI><a href="#[15]">SDMA_IRQHandler</a> from startup_cbm858xm.o(.text) referenced from startup_cbm858xm.o(RESET)
 <LI><a href="#[1b]">SPI1_IRQHandler</a> from startup_cbm858xm.o(.text) referenced from startup_cbm858xm.o(RESET)
 <LI><a href="#[1c]">SPI2_IRQHandler</a> from startup_cbm858xm.o(.text) referenced from startup_cbm858xm.o(RESET)
 <LI><a href="#[3]">SVC_Handler</a> from cbm8580m_int.o(.text.SVC_Handler) referenced from startup_cbm858xm.o(RESET)
 <LI><a href="#[5]">SysTick_Handler</a> from cbm8580m_int.o(.text.SysTick_Handler) referenced from startup_cbm858xm.o(RESET)
 <LI><a href="#[16]">TIM14_IRQHandler</a> from startup_cbm858xm.o(.text) referenced from startup_cbm858xm.o(RESET)
 <LI><a href="#[11]">TIM1_BRK_UP_TRG_COM_IRQHandler</a> from startup_cbm858xm.o(.text) referenced from startup_cbm858xm.o(RESET)
 <LI><a href="#[12]">TIM1_CC_IRQHandler</a> from startup_cbm858xm.o(.text) referenced from startup_cbm858xm.o(RESET)
 <LI><a href="#[13]">TIM3_IRQHandler</a> from cbm8580m_int.o(.text.TIM3_IRQHandler) referenced from startup_cbm858xm.o(RESET)
 <LI><a href="#[17]">TRNG_IRQHandler</a> from startup_cbm858xm.o(.text) referenced from startup_cbm858xm.o(RESET)
 <LI><a href="#[1d]">USART1_IRQHandler</a> from startup_cbm858xm.o(.text) referenced from startup_cbm858xm.o(RESET)
 <LI><a href="#[1e]">USART2_IRQHandler</a> from startup_cbm858xm.o(.text) referenced from startup_cbm858xm.o(RESET)
 <LI><a href="#[6]">WWDT_IRQHandler</a> from startup_cbm858xm.o(.text) referenced from startup_cbm858xm.o(RESET)
 <LI><a href="#[2a]">_GLOBAL__sub_I_modules_sha1.c</a> from modules_sha1.o(.text._GLOBAL__sub_I_modules_sha1.c) referenced from modules_sha1.o(.init_array)
 <LI><a href="#[2b]">_GLOBAL__sub_I_smbus_protocol.c</a> from smbus_protocol.o(.text._GLOBAL__sub_I_smbus_protocol.c) referenced from smbus_protocol.o(.init_array)
 <LI><a href="#[22]">__main</a> from entry.o(.ARM.Collect$$$$00000000) referenced from startup_cbm858xm.o(.text)
 <LI><a href="#[27]">afe_read_data</a> from cbm858x_afe_transimit.o(.text.afe_read_data) referenced from cbm858x_afe_cc.o(.text.afe_cc_first_order_conver_data_calc)
 <LI><a href="#[26]">ch</a> from modules_sha1.o(.text.ch) referenced from modules_sha1.o(.text.__cxx_global_var_init)
 <LI><a href="#[29]">fputc</a> from log.o(.text.fputc) referenced from printf8.o(i.__0printf$8)
 <LI><a href="#[23]">fuse_low</a> from mode.o(.text.fuse_low) referenced 2 times from mode.o(.text.FUSE_Contrl)
 <LI><a href="#[28]">hdiv_quotient_read</a> from cbm858xm_hdiv.o(.text.hdiv_quotient_read) referenced from cbm858x_afe_cc.o(.text.afe_cc_first_order_conver_data_calc)
 <LI><a href="#[20]">main</a> from main.o(.text.main) referenced from entry9a.o(.ARM.Collect$$$$0000000B)
 <LI><a href="#[25]">maj</a> from modules_sha1.o(.text.maj) referenced from modules_sha1.o(.text.__cxx_global_var_init)
 <LI><a href="#[24]">parity</a> from modules_sha1.o(.text.parity) referenced from modules_sha1.o(.text.__cxx_global_var_init)
 <LI><a href="#[21]">systeminit</a> from system_cbm858xm.o(.text.systeminit) referenced from startup_cbm858xm.o(.text)
</UL>
<P>
<H3>
Global Symbols
</H3>
<P><STRONG><a name="[22]"></a>__main</STRONG> (Thumb, 0 bytes, Stack size unknown bytes, entry.o(.ARM.Collect$$$$00000000))
<BR>[Address Reference Count : 1]<UL><LI> startup_cbm858xm.o(.text)
</UL>
<P><STRONG><a name="[202]"></a>_main_stk</STRONG> (Thumb, 0 bytes, Stack size unknown bytes, entry2.o(.ARM.Collect$$$$00000001))

<P><STRONG><a name="[2d]"></a>_main_scatterload</STRONG> (Thumb, 0 bytes, Stack size unknown bytes, entry5.o(.ARM.Collect$$$$00000004))
<BR><BR>[Calls]<UL><LI><a href="#[2e]">&gt;&gt;</a>&nbsp;&nbsp;&nbsp;__scatterload
</UL>

<P><STRONG><a name="[4d]"></a>__main_after_scatterload</STRONG> (Thumb, 0 bytes, Stack size unknown bytes, entry5.o(.ARM.Collect$$$$00000004))
<BR><BR>[Called By]<UL><LI><a href="#[2e]">&gt;&gt;</a>&nbsp;&nbsp;&nbsp;__scatterload
</UL>

<P><STRONG><a name="[203]"></a>_main_clock</STRONG> (Thumb, 0 bytes, Stack size unknown bytes, entry7b.o(.ARM.Collect$$$$00000008))

<P><STRONG><a name="[2f]"></a>_main_cpp_init$empty</STRONG> (Thumb, 0 bytes, Stack size unknown bytes, entry8a.o(.ARM.Collect$$$$00000009))
<BR><BR>[Stack]<UL><LI>Max Depth = 16 + Unknown Stack Size
<LI>Call Chain = _main_cpp_init$empty &rArr; __cpp_initialize__aeabi_
</UL>
<BR>[Calls]<UL><LI><a href="#[2c]">&gt;&gt;</a>&nbsp;&nbsp;&nbsp;__cpp_initialize__aeabi_
</UL>

<P><STRONG><a name="[204]"></a>_main_cpp_init</STRONG> (Thumb, 0 bytes, Stack size unknown bytes, entry8b.o(.ARM.Collect$$$$0000000A))

<P><STRONG><a name="[205]"></a>_main_init</STRONG> (Thumb, 0 bytes, Stack size unknown bytes, entry9a.o(.ARM.Collect$$$$0000000B))

<P><STRONG><a name="[206]"></a>__rt_final_cpp</STRONG> (Thumb, 0 bytes, Stack size unknown bytes, entry10a.o(.ARM.Collect$$$$0000000D))

<P><STRONG><a name="[207]"></a>__rt_final_exit</STRONG> (Thumb, 0 bytes, Stack size unknown bytes, entry11a.o(.ARM.Collect$$$$0000000F))

<P><STRONG><a name="[0]"></a>Reset_Handler</STRONG> (Thumb, 8 bytes, Stack size 0 bytes, startup_cbm858xm.o(.text))
<BR>[Address Reference Count : 1]<UL><LI> startup_cbm858xm.o(RESET)
</UL>
<P><STRONG><a name="[1f]"></a>ACTIVE_SHIELD_IRQHandler</STRONG> (Thumb, 0 bytes, Stack size 0 bytes, startup_cbm858xm.o(.text))
<BR><BR>[Calls]<UL><LI><a href="#[1f]">&gt;&gt;</a>&nbsp;&nbsp;&nbsp;ACTIVE_SHIELD_IRQHandler
</UL>
<BR>[Called By]<UL><LI><a href="#[1f]">&gt;&gt;</a>&nbsp;&nbsp;&nbsp;ACTIVE_SHIELD_IRQHandler
</UL>
<BR>[Address Reference Count : 1]<UL><LI> startup_cbm858xm.o(RESET)
</UL>
<P><STRONG><a name="[e]"></a>DMA1_Channel1_IRQHandler</STRONG> (Thumb, 0 bytes, Stack size 0 bytes, startup_cbm858xm.o(.text))
<BR>[Address Reference Count : 1]<UL><LI> startup_cbm858xm.o(RESET)
</UL>
<P><STRONG><a name="[f]"></a>DMA1_Channel2_3_IRQHandler</STRONG> (Thumb, 0 bytes, Stack size 0 bytes, startup_cbm858xm.o(.text))
<BR>[Address Reference Count : 1]<UL><LI> startup_cbm858xm.o(RESET)
</UL>
<P><STRONG><a name="[10]"></a>DMA1_Channel4_5_IRQHandler</STRONG> (Thumb, 0 bytes, Stack size 0 bytes, startup_cbm858xm.o(.text))
<BR>[Address Reference Count : 1]<UL><LI> startup_cbm858xm.o(RESET)
</UL>
<P><STRONG><a name="[c]"></a>EXTI2_3_IRQHandler</STRONG> (Thumb, 0 bytes, Stack size 0 bytes, startup_cbm858xm.o(.text))
<BR>[Address Reference Count : 1]<UL><LI> startup_cbm858xm.o(RESET)
</UL>
<P><STRONG><a name="[9]"></a>FLASH_IRQHandler</STRONG> (Thumb, 0 bytes, Stack size 0 bytes, startup_cbm858xm.o(.text))
<BR>[Address Reference Count : 1]<UL><LI> startup_cbm858xm.o(RESET)
</UL>
<P><STRONG><a name="[18]"></a>HASH_IRQHandler</STRONG> (Thumb, 0 bytes, Stack size 0 bytes, startup_cbm858xm.o(.text))
<BR>[Address Reference Count : 1]<UL><LI> startup_cbm858xm.o(RESET)
</UL>
<P><STRONG><a name="[7]"></a>LVD_IRQHandler</STRONG> (Thumb, 0 bytes, Stack size 0 bytes, startup_cbm858xm.o(.text))
<BR>[Address Reference Count : 1]<UL><LI> startup_cbm858xm.o(RESET)
</UL>
<P><STRONG><a name="[19]"></a>PKE_IRQHandler</STRONG> (Thumb, 0 bytes, Stack size 0 bytes, startup_cbm858xm.o(.text))
<BR>[Address Reference Count : 1]<UL><LI> startup_cbm858xm.o(RESET)
</UL>
<P><STRONG><a name="[a]"></a>RCU_IRQHandler</STRONG> (Thumb, 0 bytes, Stack size 0 bytes, startup_cbm858xm.o(.text))
<BR>[Address Reference Count : 1]<UL><LI> startup_cbm858xm.o(RESET)
</UL>
<P><STRONG><a name="[15]"></a>SDMA_IRQHandler</STRONG> (Thumb, 0 bytes, Stack size 0 bytes, startup_cbm858xm.o(.text))
<BR>[Address Reference Count : 1]<UL><LI> startup_cbm858xm.o(RESET)
</UL>
<P><STRONG><a name="[1b]"></a>SPI1_IRQHandler</STRONG> (Thumb, 0 bytes, Stack size 0 bytes, startup_cbm858xm.o(.text))
<BR>[Address Reference Count : 1]<UL><LI> startup_cbm858xm.o(RESET)
</UL>
<P><STRONG><a name="[1c]"></a>SPI2_IRQHandler</STRONG> (Thumb, 0 bytes, Stack size 0 bytes, startup_cbm858xm.o(.text))
<BR>[Address Reference Count : 1]<UL><LI> startup_cbm858xm.o(RESET)
</UL>
<P><STRONG><a name="[16]"></a>TIM14_IRQHandler</STRONG> (Thumb, 0 bytes, Stack size 0 bytes, startup_cbm858xm.o(.text))
<BR>[Address Reference Count : 1]<UL><LI> startup_cbm858xm.o(RESET)
</UL>
<P><STRONG><a name="[11]"></a>TIM1_BRK_UP_TRG_COM_IRQHandler</STRONG> (Thumb, 0 bytes, Stack size 0 bytes, startup_cbm858xm.o(.text))
<BR>[Address Reference Count : 1]<UL><LI> startup_cbm858xm.o(RESET)
</UL>
<P><STRONG><a name="[12]"></a>TIM1_CC_IRQHandler</STRONG> (Thumb, 0 bytes, Stack size 0 bytes, startup_cbm858xm.o(.text))
<BR>[Address Reference Count : 1]<UL><LI> startup_cbm858xm.o(RESET)
</UL>
<P><STRONG><a name="[17]"></a>TRNG_IRQHandler</STRONG> (Thumb, 0 bytes, Stack size 0 bytes, startup_cbm858xm.o(.text))
<BR>[Address Reference Count : 1]<UL><LI> startup_cbm858xm.o(RESET)
</UL>
<P><STRONG><a name="[1d]"></a>USART1_IRQHandler</STRONG> (Thumb, 0 bytes, Stack size 0 bytes, startup_cbm858xm.o(.text))
<BR>[Address Reference Count : 1]<UL><LI> startup_cbm858xm.o(RESET)
</UL>
<P><STRONG><a name="[1e]"></a>USART2_IRQHandler</STRONG> (Thumb, 0 bytes, Stack size 0 bytes, startup_cbm858xm.o(.text))
<BR>[Address Reference Count : 1]<UL><LI> startup_cbm858xm.o(RESET)
</UL>
<P><STRONG><a name="[6]"></a>WWDT_IRQHandler</STRONG> (Thumb, 0 bytes, Stack size 0 bytes, startup_cbm858xm.o(.text))
<BR>[Address Reference Count : 1]<UL><LI> startup_cbm858xm.o(RESET)
</UL>
<P><STRONG><a name="[171]"></a>__aeabi_lmul</STRONG> (Thumb, 48 bytes, Stack size 12 bytes, llmul.o(.text))
<BR><BR>[Stack]<UL><LI>Max Depth = 12<LI>Call Chain = __aeabi_lmul
</UL>
<BR>[Called By]<UL><LI><a href="#[18c]">&gt;&gt;</a>&nbsp;&nbsp;&nbsp;afe_vadc_conver_data_calc
<LI><a href="#[170]">&gt;&gt;</a>&nbsp;&nbsp;&nbsp;afe_cc_first_order_conver_data_calc
</UL>

<P><STRONG><a name="[208]"></a>_ll_mul</STRONG> (Thumb, 0 bytes, Stack size 12 bytes, llmul.o(.text), UNUSED)

<P><STRONG><a name="[1ae]"></a>rand</STRONG> (Thumb, 18 bytes, Stack size 0 bytes, rand.o(.text))
<BR><BR>[Called By]<UL><LI><a href="#[19f]">&gt;&gt;</a>&nbsp;&nbsp;&nbsp;get_new_random
</UL>

<P><STRONG><a name="[1ad]"></a>srand</STRONG> (Thumb, 6 bytes, Stack size 0 bytes, rand.o(.text))
<BR><BR>[Called By]<UL><LI><a href="#[19f]">&gt;&gt;</a>&nbsp;&nbsp;&nbsp;get_new_random
</UL>

<P><STRONG><a name="[30]"></a>__aeabi_ui2f</STRONG> (Thumb, 14 bytes, Stack size 8 bytes, ffltui.o(.text))
<BR><BR>[Stack]<UL><LI>Max Depth = 20<LI>Call Chain = __aeabi_ui2f &rArr; _float_epilogue
</UL>
<BR>[Calls]<UL><LI><a href="#[31]">&gt;&gt;</a>&nbsp;&nbsp;&nbsp;_float_epilogue
</UL>
<BR>[Called By]<UL><LI><a href="#[1a7]">&gt;&gt;</a>&nbsp;&nbsp;&nbsp;get_vadc_temprature_inner
<LI><a href="#[57]">&gt;&gt;</a>&nbsp;&nbsp;&nbsp;FFC_Charge
<LI><a href="#[150]">&gt;&gt;</a>&nbsp;&nbsp;&nbsp;SI_Loss_Calc
<LI><a href="#[a1]">&gt;&gt;</a>&nbsp;&nbsp;&nbsp;Protect_OTC
<LI><a href="#[95]">&gt;&gt;</a>&nbsp;&nbsp;&nbsp;PF_CFET
</UL>

<P><STRONG><a name="[2]"></a>HardFault_Handler</STRONG> (Thumb, 2 bytes, Stack size 0 bytes, cbm8580m_int.o(.text.HardFault_Handler))
<BR><BR>[Calls]<UL><LI><a href="#[2]">&gt;&gt;</a>&nbsp;&nbsp;&nbsp;HardFault_Handler
</UL>
<BR>[Called By]<UL><LI><a href="#[2]">&gt;&gt;</a>&nbsp;&nbsp;&nbsp;HardFault_Handler
</UL>
<BR>[Address Reference Count : 1]<UL><LI> startup_cbm858xm.o(RESET)
</UL>
<P><STRONG><a name="[209]"></a>__I$use$fp</STRONG> (Thumb, 0 bytes, Stack size 0 bytes, iusefp.o(.text), UNUSED)

<P><STRONG><a name="[be]"></a>__aeabi_memcpy</STRONG> (Thumb, 36 bytes, Stack size 0 bytes, memcpya.o(.text))
<BR><BR>[Called By]<UL><LI><a href="#[1b0]">&gt;&gt;</a>&nbsp;&nbsp;&nbsp;handle_hmac
<LI><a href="#[fd]">&gt;&gt;</a>&nbsp;&nbsp;&nbsp;write_processmsg
<LI><a href="#[fc]">&gt;&gt;</a>&nbsp;&nbsp;&nbsp;read_processmsg
<LI><a href="#[e4]">&gt;&gt;</a>&nbsp;&nbsp;&nbsp;LifeTimeData_ReadDF
<LI><a href="#[bc]">&gt;&gt;</a>&nbsp;&nbsp;&nbsp;DF_Read
<LI><a href="#[1ec]">&gt;&gt;</a>&nbsp;&nbsp;&nbsp;sha1_lastBlock
<LI><a href="#[162]">&gt;&gt;</a>&nbsp;&nbsp;&nbsp;SubCmdReadData
<LI><a href="#[14f]">&gt;&gt;</a>&nbsp;&nbsp;&nbsp;ReadFlashData
</UL>

<P><STRONG><a name="[20a]"></a>__aeabi_memcpy4</STRONG> (Thumb, 0 bytes, Stack size 0 bytes, memcpya.o(.text), UNUSED)

<P><STRONG><a name="[20b]"></a>__aeabi_memcpy8</STRONG> (Thumb, 0 bytes, Stack size 0 bytes, memcpya.o(.text), UNUSED)

<P><STRONG><a name="[33]"></a>__aeabi_memset</STRONG> (Thumb, 14 bytes, Stack size 0 bytes, memseta.o(.text))
<BR><BR>[Called By]<UL><LI><a href="#[fd]">&gt;&gt;</a>&nbsp;&nbsp;&nbsp;write_processmsg
<LI><a href="#[34]">&gt;&gt;</a>&nbsp;&nbsp;&nbsp;_memset$wrapper
<LI><a href="#[32]">&gt;&gt;</a>&nbsp;&nbsp;&nbsp;__aeabi_memclr
</UL>

<P><STRONG><a name="[20c]"></a>__aeabi_memset4</STRONG> (Thumb, 0 bytes, Stack size 0 bytes, memseta.o(.text), UNUSED)

<P><STRONG><a name="[20d]"></a>__aeabi_memset8</STRONG> (Thumb, 0 bytes, Stack size 0 bytes, memseta.o(.text), UNUSED)

<P><STRONG><a name="[32]"></a>__aeabi_memclr</STRONG> (Thumb, 4 bytes, Stack size 0 bytes, memseta.o(.text))
<BR><BR>[Calls]<UL><LI><a href="#[33]">&gt;&gt;</a>&nbsp;&nbsp;&nbsp;__aeabi_memset
</UL>
<BR>[Called By]<UL><LI><a href="#[11c]">&gt;&gt;</a>&nbsp;&nbsp;&nbsp;lifetime_init
<LI><a href="#[bc]">&gt;&gt;</a>&nbsp;&nbsp;&nbsp;DF_Read
<LI><a href="#[1ec]">&gt;&gt;</a>&nbsp;&nbsp;&nbsp;sha1_lastBlock
<LI><a href="#[162]">&gt;&gt;</a>&nbsp;&nbsp;&nbsp;SubCmdReadData
<LI><a href="#[14f]">&gt;&gt;</a>&nbsp;&nbsp;&nbsp;ReadFlashData
</UL>

<P><STRONG><a name="[1a6]"></a>__aeabi_memclr4</STRONG> (Thumb, 0 bytes, Stack size 0 bytes, memseta.o(.text))
<BR><BR>[Called By]<UL><LI><a href="#[fc]">&gt;&gt;</a>&nbsp;&nbsp;&nbsp;read_processmsg
<LI><a href="#[e8]">&gt;&gt;</a>&nbsp;&nbsp;&nbsp;get_adc_original_value
<LI><a href="#[15c]">&gt;&gt;</a>&nbsp;&nbsp;&nbsp;lifetime_time_clear
<LI><a href="#[1ec]">&gt;&gt;</a>&nbsp;&nbsp;&nbsp;sha1_lastBlock
<LI><a href="#[1ee]">&gt;&gt;</a>&nbsp;&nbsp;&nbsp;sha1_authenticate
</UL>

<P><STRONG><a name="[20e]"></a>__aeabi_memclr8</STRONG> (Thumb, 0 bytes, Stack size 0 bytes, memseta.o(.text), UNUSED)

<P><STRONG><a name="[34]"></a>_memset$wrapper</STRONG> (Thumb, 18 bytes, Stack size 8 bytes, memseta.o(.text), UNUSED)
<BR><BR>[Calls]<UL><LI><a href="#[33]">&gt;&gt;</a>&nbsp;&nbsp;&nbsp;__aeabi_memset
</UL>

<P><STRONG><a name="[2c]"></a>__cpp_initialize__aeabi_</STRONG> (Thumb, 24 bytes, Stack size 16 bytes, cpp_init.o(.text))
<BR><BR>[Stack]<UL><LI>Max Depth = 16<LI>Call Chain = __cpp_initialize__aeabi_
</UL>
<BR>[Called By]<UL><LI><a href="#[2f]">&gt;&gt;</a>&nbsp;&nbsp;&nbsp;_main_cpp_init$empty
</UL>

<P><STRONG><a name="[35]"></a>__aeabi_fadd</STRONG> (Thumb, 162 bytes, Stack size 24 bytes, fadd.o(.text))
<BR><BR>[Stack]<UL><LI>Max Depth = 36<LI>Call Chain = __aeabi_fadd &rArr; _float_epilogue
</UL>
<BR>[Calls]<UL><LI><a href="#[36]">&gt;&gt;</a>&nbsp;&nbsp;&nbsp;_float_round
<LI><a href="#[31]">&gt;&gt;</a>&nbsp;&nbsp;&nbsp;_float_epilogue
</UL>
<BR>[Called By]<UL><LI><a href="#[37]">&gt;&gt;</a>&nbsp;&nbsp;&nbsp;__aeabi_fsub
<LI><a href="#[105]">&gt;&gt;</a>&nbsp;&nbsp;&nbsp;InterpolateTableXlong
<LI><a href="#[e2]">&gt;&gt;</a>&nbsp;&nbsp;&nbsp;Get_CVT
<LI><a href="#[150]">&gt;&gt;</a>&nbsp;&nbsp;&nbsp;SI_Loss_Calc
<LI><a href="#[38]">&gt;&gt;</a>&nbsp;&nbsp;&nbsp;__aeabi_frsub
</UL>

<P><STRONG><a name="[37]"></a>__aeabi_fsub</STRONG> (Thumb, 8 bytes, Stack size 0 bytes, fadd.o(.text))
<BR><BR>[Stack]<UL><LI>Max Depth = 36<LI>Call Chain = __aeabi_fsub &rArr; __aeabi_fadd &rArr; _float_epilogue
</UL>
<BR>[Calls]<UL><LI><a href="#[35]">&gt;&gt;</a>&nbsp;&nbsp;&nbsp;__aeabi_fadd
</UL>
<BR>[Called By]<UL><LI><a href="#[1a8]">&gt;&gt;</a>&nbsp;&nbsp;&nbsp;get_vadc_temprature_ex
<LI><a href="#[150]">&gt;&gt;</a>&nbsp;&nbsp;&nbsp;SI_Loss_Calc
<LI><a href="#[7b]">&gt;&gt;</a>&nbsp;&nbsp;&nbsp;Calc_CPVolt
<LI><a href="#[95]">&gt;&gt;</a>&nbsp;&nbsp;&nbsp;PF_CFET
<LI><a href="#[81]">&gt;&gt;</a>&nbsp;&nbsp;&nbsp;Calc_b_aidx
</UL>

<P><STRONG><a name="[38]"></a>__aeabi_frsub</STRONG> (Thumb, 8 bytes, Stack size 0 bytes, fadd.o(.text), UNUSED)
<BR><BR>[Calls]<UL><LI><a href="#[35]">&gt;&gt;</a>&nbsp;&nbsp;&nbsp;__aeabi_fadd
</UL>

<P><STRONG><a name="[106]"></a>__aeabi_fmul</STRONG> (Thumb, 122 bytes, Stack size 16 bytes, fmul.o(.text))
<BR><BR>[Stack]<UL><LI>Max Depth = 16<LI>Call Chain = __aeabi_fmul
</UL>
<BR>[Called By]<UL><LI><a href="#[1aa]">&gt;&gt;</a>&nbsp;&nbsp;&nbsp;get_vadc_voltage_pack
<LI><a href="#[1a8]">&gt;&gt;</a>&nbsp;&nbsp;&nbsp;get_vadc_temprature_ex
<LI><a href="#[105]">&gt;&gt;</a>&nbsp;&nbsp;&nbsp;InterpolateTableXlong
<LI><a href="#[150]">&gt;&gt;</a>&nbsp;&nbsp;&nbsp;SI_Loss_Calc
</UL>

<P><STRONG><a name="[39]"></a>__aeabi_fdiv</STRONG> (Thumb, 124 bytes, Stack size 16 bytes, fdiv.o(.text))
<BR><BR>[Stack]<UL><LI>Max Depth = 16<LI>Call Chain = __aeabi_fdiv
</UL>
<BR>[Calls]<UL><LI><a href="#[36]">&gt;&gt;</a>&nbsp;&nbsp;&nbsp;_float_round
</UL>
<BR>[Called By]<UL><LI><a href="#[1a7]">&gt;&gt;</a>&nbsp;&nbsp;&nbsp;get_vadc_temprature_inner
<LI><a href="#[1a8]">&gt;&gt;</a>&nbsp;&nbsp;&nbsp;get_vadc_temprature_ex
<LI><a href="#[105]">&gt;&gt;</a>&nbsp;&nbsp;&nbsp;InterpolateTableXlong
<LI><a href="#[e2]">&gt;&gt;</a>&nbsp;&nbsp;&nbsp;Get_CVT
<LI><a href="#[150]">&gt;&gt;</a>&nbsp;&nbsp;&nbsp;SI_Loss_Calc
</UL>

<P><STRONG><a name="[3a]"></a>__aeabi_dadd</STRONG> (Thumb, 328 bytes, Stack size 48 bytes, dadd.o(.text))
<BR><BR>[Stack]<UL><LI>Max Depth = 104<LI>Call Chain = __aeabi_dadd &rArr; _double_epilogue &rArr; __aeabi_llsr
</UL>
<BR>[Calls]<UL><LI><a href="#[3c]">&gt;&gt;</a>&nbsp;&nbsp;&nbsp;__aeabi_lasr
<LI><a href="#[3b]">&gt;&gt;</a>&nbsp;&nbsp;&nbsp;__aeabi_llsl
<LI><a href="#[3e]">&gt;&gt;</a>&nbsp;&nbsp;&nbsp;_double_round
<LI><a href="#[3d]">&gt;&gt;</a>&nbsp;&nbsp;&nbsp;_double_epilogue
</UL>
<BR>[Called By]<UL><LI><a href="#[1a7]">&gt;&gt;</a>&nbsp;&nbsp;&nbsp;get_vadc_temprature_inner
<LI><a href="#[84]">&gt;&gt;</a>&nbsp;&nbsp;&nbsp;Calc_RC_CEDV
<LI><a href="#[40]">&gt;&gt;</a>&nbsp;&nbsp;&nbsp;__aeabi_drsub
<LI><a href="#[3f]">&gt;&gt;</a>&nbsp;&nbsp;&nbsp;__aeabi_dsub
</UL>

<P><STRONG><a name="[3f]"></a>__aeabi_dsub</STRONG> (Thumb, 12 bytes, Stack size 8 bytes, dadd.o(.text), UNUSED)
<BR><BR>[Calls]<UL><LI><a href="#[3a]">&gt;&gt;</a>&nbsp;&nbsp;&nbsp;__aeabi_dadd
</UL>

<P><STRONG><a name="[40]"></a>__aeabi_drsub</STRONG> (Thumb, 12 bytes, Stack size 8 bytes, dadd.o(.text), UNUSED)
<BR><BR>[Calls]<UL><LI><a href="#[3a]">&gt;&gt;</a>&nbsp;&nbsp;&nbsp;__aeabi_dadd
</UL>

<P><STRONG><a name="[41]"></a>__aeabi_dmul</STRONG> (Thumb, 202 bytes, Stack size 72 bytes, dmul.o(.text))
<BR><BR>[Stack]<UL><LI>Max Depth = 128<LI>Call Chain = __aeabi_dmul &rArr; _double_epilogue &rArr; __aeabi_llsr
</UL>
<BR>[Calls]<UL><LI><a href="#[3d]">&gt;&gt;</a>&nbsp;&nbsp;&nbsp;_double_epilogue
</UL>
<BR>[Called By]<UL><LI><a href="#[1a7]">&gt;&gt;</a>&nbsp;&nbsp;&nbsp;get_vadc_temprature_inner
<LI><a href="#[150]">&gt;&gt;</a>&nbsp;&nbsp;&nbsp;SI_Loss_Calc
<LI><a href="#[b1]">&gt;&gt;</a>&nbsp;&nbsp;&nbsp;DBPT_test
<LI><a href="#[84]">&gt;&gt;</a>&nbsp;&nbsp;&nbsp;Calc_RC_CEDV
</UL>

<P><STRONG><a name="[8a]"></a>__aeabi_fcmple</STRONG> (Thumb, 28 bytes, Stack size 0 bytes, fcmple.o(.text))
<BR><BR>[Called By]<UL><LI><a href="#[54]">&gt;&gt;</a>&nbsp;&nbsp;&nbsp;TemperatureRangeJudge
<LI><a href="#[150]">&gt;&gt;</a>&nbsp;&nbsp;&nbsp;SI_Loss_Calc
<LI><a href="#[147]">&gt;&gt;</a>&nbsp;&nbsp;&nbsp;QMax_Calc_CEDV
<LI><a href="#[81]">&gt;&gt;</a>&nbsp;&nbsp;&nbsp;Calc_b_aidx
</UL>

<P><STRONG><a name="[7c]"></a>__aeabi_fcmplt</STRONG> (Thumb, 28 bytes, Stack size 0 bytes, fcmplt.o(.text))
<BR><BR>[Called By]<UL><LI><a href="#[57]">&gt;&gt;</a>&nbsp;&nbsp;&nbsp;FFC_Charge
<LI><a href="#[7b]">&gt;&gt;</a>&nbsp;&nbsp;&nbsp;Calc_CPVolt
<LI><a href="#[e6]">&gt;&gt;</a>&nbsp;&nbsp;&nbsp;FullCharge_CEDV
<LI><a href="#[b1]">&gt;&gt;</a>&nbsp;&nbsp;&nbsp;DBPT_test
<LI><a href="#[a5]">&gt;&gt;</a>&nbsp;&nbsp;&nbsp;Protect_UTD
<LI><a href="#[a4]">&gt;&gt;</a>&nbsp;&nbsp;&nbsp;Protect_UTC
<LI><a href="#[a3]">&gt;&gt;</a>&nbsp;&nbsp;&nbsp;Protect_OTF
<LI><a href="#[a2]">&gt;&gt;</a>&nbsp;&nbsp;&nbsp;Protect_OTD
<LI><a href="#[a1]">&gt;&gt;</a>&nbsp;&nbsp;&nbsp;Protect_OTC
<LI><a href="#[99]">&gt;&gt;</a>&nbsp;&nbsp;&nbsp;PF_TCO
<LI><a href="#[92]">&gt;&gt;</a>&nbsp;&nbsp;&nbsp;PF_SOTF
<LI><a href="#[91]">&gt;&gt;</a>&nbsp;&nbsp;&nbsp;PF_SOT
<LI><a href="#[95]">&gt;&gt;</a>&nbsp;&nbsp;&nbsp;PF_CFET
<LI><a href="#[81]">&gt;&gt;</a>&nbsp;&nbsp;&nbsp;Calc_b_aidx
</UL>

<P><STRONG><a name="[7e]"></a>__aeabi_fcmpge</STRONG> (Thumb, 28 bytes, Stack size 0 bytes, fcmpge.o(.text))
<BR><BR>[Called By]<UL><LI><a href="#[54]">&gt;&gt;</a>&nbsp;&nbsp;&nbsp;TemperatureRangeJudge
<LI><a href="#[57]">&gt;&gt;</a>&nbsp;&nbsp;&nbsp;FFC_Charge
<LI><a href="#[7b]">&gt;&gt;</a>&nbsp;&nbsp;&nbsp;Calc_CPVolt
<LI><a href="#[81]">&gt;&gt;</a>&nbsp;&nbsp;&nbsp;Calc_b_aidx
</UL>

<P><STRONG><a name="[71]"></a>ATTF_SetChgFlag</STRONG> (Thumb, 12 bytes, Stack size 0 bytes, calc_attf.o(.text.ATTF_SetChgFlag))
<BR><BR>[Called By]<UL><LI><a href="#[70]">&gt;&gt;</a>&nbsp;&nbsp;&nbsp;Calc_ATTF
</UL>

<P><STRONG><a name="[1]"></a>NMI_Handler</STRONG> (Thumb, 2 bytes, Stack size 0 bytes, cbm8580m_int.o(.text.NMI_Handler))
<BR>[Address Reference Count : 1]<UL><LI> startup_cbm858xm.o(RESET)
</UL>
<P><STRONG><a name="[4]"></a>PendSV_Handler</STRONG> (Thumb, 2 bytes, Stack size 0 bytes, cbm8580m_int.o(.text.PendSV_Handler))
<BR>[Address Reference Count : 1]<UL><LI> startup_cbm858xm.o(RESET)
</UL>
<P><STRONG><a name="[73]"></a>ATTF_SetFCC</STRONG> (Thumb, 12 bytes, Stack size 0 bytes, calc_attf.o(.text.ATTF_SetFCC))
<BR><BR>[Called By]<UL><LI><a href="#[70]">&gt;&gt;</a>&nbsp;&nbsp;&nbsp;Calc_ATTF
</UL>

<P><STRONG><a name="[42]"></a>__aeabi_ddiv</STRONG> (Thumb, 234 bytes, Stack size 40 bytes, ddiv.o(.text))
<BR><BR>[Stack]<UL><LI>Max Depth = 48<LI>Call Chain = __aeabi_ddiv &rArr; _double_round
</UL>
<BR>[Calls]<UL><LI><a href="#[3e]">&gt;&gt;</a>&nbsp;&nbsp;&nbsp;_double_round
</UL>
<BR>[Called By]<UL><LI><a href="#[1aa]">&gt;&gt;</a>&nbsp;&nbsp;&nbsp;get_vadc_voltage_pack
<LI><a href="#[1a7]">&gt;&gt;</a>&nbsp;&nbsp;&nbsp;get_vadc_temprature_inner
<LI><a href="#[1a8]">&gt;&gt;</a>&nbsp;&nbsp;&nbsp;get_vadc_temprature_ex
<LI><a href="#[e2]">&gt;&gt;</a>&nbsp;&nbsp;&nbsp;Get_CVT
</UL>

<P><STRONG><a name="[7d]"></a>__aeabi_fcmpgt</STRONG> (Thumb, 28 bytes, Stack size 0 bytes, fcmpgt.o(.text))
<BR><BR>[Called By]<UL><LI><a href="#[54]">&gt;&gt;</a>&nbsp;&nbsp;&nbsp;TemperatureRangeJudge
<LI><a href="#[57]">&gt;&gt;</a>&nbsp;&nbsp;&nbsp;FFC_Charge
<LI><a href="#[7b]">&gt;&gt;</a>&nbsp;&nbsp;&nbsp;Calc_CPVolt
<LI><a href="#[147]">&gt;&gt;</a>&nbsp;&nbsp;&nbsp;QMax_Calc_CEDV
<LI><a href="#[b1]">&gt;&gt;</a>&nbsp;&nbsp;&nbsp;DBPT_test
<LI><a href="#[a5]">&gt;&gt;</a>&nbsp;&nbsp;&nbsp;Protect_UTD
<LI><a href="#[a4]">&gt;&gt;</a>&nbsp;&nbsp;&nbsp;Protect_UTC
<LI><a href="#[a3]">&gt;&gt;</a>&nbsp;&nbsp;&nbsp;Protect_OTF
<LI><a href="#[a2]">&gt;&gt;</a>&nbsp;&nbsp;&nbsp;Protect_OTD
<LI><a href="#[a1]">&gt;&gt;</a>&nbsp;&nbsp;&nbsp;Protect_OTC
<LI><a href="#[81]">&gt;&gt;</a>&nbsp;&nbsp;&nbsp;Calc_b_aidx
</UL>

<P><STRONG><a name="[b2]"></a>__aeabi_dcmple</STRONG> (Thumb, 44 bytes, Stack size 8 bytes, dcmple.o(.text))
<BR><BR>[Stack]<UL><LI>Max Depth = 8<LI>Call Chain = __aeabi_dcmple
</UL>
<BR>[Called By]<UL><LI><a href="#[b1]">&gt;&gt;</a>&nbsp;&nbsp;&nbsp;DBPT_test
</UL>

<P><STRONG><a name="[152]"></a>__aeabi_dcmplt</STRONG> (Thumb, 44 bytes, Stack size 8 bytes, dcmplt.o(.text))
<BR><BR>[Stack]<UL><LI>Max Depth = 8<LI>Call Chain = __aeabi_dcmplt
</UL>
<BR>[Called By]<UL><LI><a href="#[150]">&gt;&gt;</a>&nbsp;&nbsp;&nbsp;SI_Loss_Calc
</UL>

<P><STRONG><a name="[43]"></a>__aeabi_i2f</STRONG> (Thumb, 22 bytes, Stack size 8 bytes, fflti.o(.text))
<BR><BR>[Stack]<UL><LI>Max Depth = 20<LI>Call Chain = __aeabi_i2f &rArr; _float_epilogue
</UL>
<BR>[Calls]<UL><LI><a href="#[31]">&gt;&gt;</a>&nbsp;&nbsp;&nbsp;_float_epilogue
</UL>
<BR>[Called By]<UL><LI><a href="#[105]">&gt;&gt;</a>&nbsp;&nbsp;&nbsp;InterpolateTableXlong
<LI><a href="#[e2]">&gt;&gt;</a>&nbsp;&nbsp;&nbsp;Get_CVT
<LI><a href="#[54]">&gt;&gt;</a>&nbsp;&nbsp;&nbsp;TemperatureRangeJudge
<LI><a href="#[150]">&gt;&gt;</a>&nbsp;&nbsp;&nbsp;SI_Loss_Calc
<LI><a href="#[7b]">&gt;&gt;</a>&nbsp;&nbsp;&nbsp;Calc_CPVolt
<LI><a href="#[e6]">&gt;&gt;</a>&nbsp;&nbsp;&nbsp;FullCharge_CEDV
<LI><a href="#[b1]">&gt;&gt;</a>&nbsp;&nbsp;&nbsp;DBPT_test
<LI><a href="#[a5]">&gt;&gt;</a>&nbsp;&nbsp;&nbsp;Protect_UTD
<LI><a href="#[a4]">&gt;&gt;</a>&nbsp;&nbsp;&nbsp;Protect_UTC
<LI><a href="#[a3]">&gt;&gt;</a>&nbsp;&nbsp;&nbsp;Protect_OTF
<LI><a href="#[a2]">&gt;&gt;</a>&nbsp;&nbsp;&nbsp;Protect_OTD
<LI><a href="#[a1]">&gt;&gt;</a>&nbsp;&nbsp;&nbsp;Protect_OTC
<LI><a href="#[99]">&gt;&gt;</a>&nbsp;&nbsp;&nbsp;PF_TCO
<LI><a href="#[92]">&gt;&gt;</a>&nbsp;&nbsp;&nbsp;PF_SOTF
<LI><a href="#[91]">&gt;&gt;</a>&nbsp;&nbsp;&nbsp;PF_SOT
<LI><a href="#[81]">&gt;&gt;</a>&nbsp;&nbsp;&nbsp;Calc_b_aidx
</UL>

<P><STRONG><a name="[44]"></a>__aeabi_i2d</STRONG> (Thumb, 34 bytes, Stack size 16 bytes, dflti.o(.text))
<BR><BR>[Stack]<UL><LI>Max Depth = 72<LI>Call Chain = __aeabi_i2d &rArr; _double_epilogue &rArr; __aeabi_llsr
</UL>
<BR>[Calls]<UL><LI><a href="#[3d]">&gt;&gt;</a>&nbsp;&nbsp;&nbsp;_double_epilogue
</UL>
<BR>[Called By]<UL><LI><a href="#[1aa]">&gt;&gt;</a>&nbsp;&nbsp;&nbsp;get_vadc_voltage_pack
<LI><a href="#[1a7]">&gt;&gt;</a>&nbsp;&nbsp;&nbsp;get_vadc_temprature_inner
<LI><a href="#[1a8]">&gt;&gt;</a>&nbsp;&nbsp;&nbsp;get_vadc_temprature_ex
<LI><a href="#[e2]">&gt;&gt;</a>&nbsp;&nbsp;&nbsp;Get_CVT
<LI><a href="#[150]">&gt;&gt;</a>&nbsp;&nbsp;&nbsp;SI_Loss_Calc
<LI><a href="#[84]">&gt;&gt;</a>&nbsp;&nbsp;&nbsp;Calc_RC_CEDV
</UL>

<P><STRONG><a name="[45]"></a>__aeabi_ui2d</STRONG> (Thumb, 24 bytes, Stack size 16 bytes, dfltui.o(.text))
<BR><BR>[Stack]<UL><LI>Max Depth = 72<LI>Call Chain = __aeabi_ui2d &rArr; _double_epilogue &rArr; __aeabi_llsr
</UL>
<BR>[Calls]<UL><LI><a href="#[3d]">&gt;&gt;</a>&nbsp;&nbsp;&nbsp;_double_epilogue
</UL>
<BR>[Called By]<UL><LI><a href="#[150]">&gt;&gt;</a>&nbsp;&nbsp;&nbsp;SI_Loss_Calc
<LI><a href="#[b1]">&gt;&gt;</a>&nbsp;&nbsp;&nbsp;DBPT_test
<LI><a href="#[84]">&gt;&gt;</a>&nbsp;&nbsp;&nbsp;Calc_RC_CEDV
</UL>

<P><STRONG><a name="[67]"></a>__aeabi_f2iz</STRONG> (Thumb, 50 bytes, Stack size 0 bytes, ffixi.o(.text))
<BR><BR>[Called By]<UL><LI><a href="#[1aa]">&gt;&gt;</a>&nbsp;&nbsp;&nbsp;get_vadc_voltage_pack
<LI><a href="#[1a8]">&gt;&gt;</a>&nbsp;&nbsp;&nbsp;get_vadc_temprature_ex
<LI><a href="#[105]">&gt;&gt;</a>&nbsp;&nbsp;&nbsp;InterpolateTableXlong
<LI><a href="#[e2]">&gt;&gt;</a>&nbsp;&nbsp;&nbsp;Get_CVT
<LI><a href="#[150]">&gt;&gt;</a>&nbsp;&nbsp;&nbsp;SI_Loss_Calc
<LI><a href="#[7b]">&gt;&gt;</a>&nbsp;&nbsp;&nbsp;Calc_CPVolt
<LI><a href="#[70]">&gt;&gt;</a>&nbsp;&nbsp;&nbsp;Calc_ATTF
<LI><a href="#[64]">&gt;&gt;</a>&nbsp;&nbsp;&nbsp;Basic_LifeTime
<LI><a href="#[81]">&gt;&gt;</a>&nbsp;&nbsp;&nbsp;Calc_b_aidx
</UL>

<P><STRONG><a name="[46]"></a>__aeabi_d2iz</STRONG> (Thumb, 62 bytes, Stack size 16 bytes, dfixi.o(.text))
<BR><BR>[Stack]<UL><LI>Max Depth = 24<LI>Call Chain = __aeabi_d2iz &rArr; __aeabi_llsr
</UL>
<BR>[Calls]<UL><LI><a href="#[47]">&gt;&gt;</a>&nbsp;&nbsp;&nbsp;__aeabi_llsr
</UL>
<BR>[Called By]<UL><LI><a href="#[1a7]">&gt;&gt;</a>&nbsp;&nbsp;&nbsp;get_vadc_temprature_inner
<LI><a href="#[b1]">&gt;&gt;</a>&nbsp;&nbsp;&nbsp;DBPT_test
<LI><a href="#[84]">&gt;&gt;</a>&nbsp;&nbsp;&nbsp;Calc_RC_CEDV
</UL>

<P><STRONG><a name="[1af]"></a>__aeabi_f2d</STRONG> (Thumb, 40 bytes, Stack size 0 bytes, f2d.o(.text))
<BR><BR>[Called By]<UL><LI><a href="#[1a7]">&gt;&gt;</a>&nbsp;&nbsp;&nbsp;get_vadc_temprature_inner
</UL>

<P><STRONG><a name="[48]"></a>__aeabi_d2f</STRONG> (Thumb, 56 bytes, Stack size 8 bytes, d2f.o(.text))
<BR><BR>[Stack]<UL><LI>Max Depth = 8<LI>Call Chain = __aeabi_d2f
</UL>
<BR>[Calls]<UL><LI><a href="#[36]">&gt;&gt;</a>&nbsp;&nbsp;&nbsp;_float_round
</UL>
<BR>[Called By]<UL><LI><a href="#[1aa]">&gt;&gt;</a>&nbsp;&nbsp;&nbsp;get_vadc_voltage_pack
<LI><a href="#[1a7]">&gt;&gt;</a>&nbsp;&nbsp;&nbsp;get_vadc_temprature_inner
<LI><a href="#[1a8]">&gt;&gt;</a>&nbsp;&nbsp;&nbsp;get_vadc_temprature_ex
<LI><a href="#[e2]">&gt;&gt;</a>&nbsp;&nbsp;&nbsp;Get_CVT
</UL>

<P><STRONG><a name="[51]"></a>__aeabi_uidiv</STRONG> (Thumb, 0 bytes, Stack size 16 bytes, uidiv_div0.o(.text))
<BR><BR>[Stack]<UL><LI>Max Depth = 16<LI>Call Chain = __aeabi_uidiv
</UL>
<BR>[Called By]<UL><LI><a href="#[14]">&gt;&gt;</a>&nbsp;&nbsp;&nbsp;LPTIM_IRQHandler
<LI><a href="#[cf]">&gt;&gt;</a>&nbsp;&nbsp;&nbsp;EntryExitShip_TimeOutChk
<LI><a href="#[76]">&gt;&gt;</a>&nbsp;&nbsp;&nbsp;Calc_ATTF1
<LI><a href="#[6e]">&gt;&gt;</a>&nbsp;&nbsp;&nbsp;Cal_total_time
<LI><a href="#[50]">&gt;&gt;</a>&nbsp;&nbsp;&nbsp;Adjust_temp
<LI><a href="#[160]">&gt;&gt;</a>&nbsp;&nbsp;&nbsp;delay_us
<LI><a href="#[e2]">&gt;&gt;</a>&nbsp;&nbsp;&nbsp;Get_CVT
<LI><a href="#[56]">&gt;&gt;</a>&nbsp;&nbsp;&nbsp;Charging_CV_Fun
<LI><a href="#[150]">&gt;&gt;</a>&nbsp;&nbsp;&nbsp;SI_Loss_Calc
<LI><a href="#[104]">&gt;&gt;</a>&nbsp;&nbsp;&nbsp;Init_Cap
<LI><a href="#[89]">&gt;&gt;</a>&nbsp;&nbsp;&nbsp;Calc_RSOC_CEDV
<LI><a href="#[7f]">&gt;&gt;</a>&nbsp;&nbsp;&nbsp;Calc_InReg
<LI><a href="#[7b]">&gt;&gt;</a>&nbsp;&nbsp;&nbsp;Calc_CPVolt
<LI><a href="#[1dd]">&gt;&gt;</a>&nbsp;&nbsp;&nbsp;plugged_IN
<LI><a href="#[147]">&gt;&gt;</a>&nbsp;&nbsp;&nbsp;QMax_Calc_CEDV
<LI><a href="#[131]">&gt;&gt;</a>&nbsp;&nbsp;&nbsp;McuDrvInit
<LI><a href="#[107]">&gt;&gt;</a>&nbsp;&nbsp;&nbsp;Judgment_Temp_Change
<LI><a href="#[e7]">&gt;&gt;</a>&nbsp;&nbsp;&nbsp;FullCharge_Chk_CEDV
<LI><a href="#[b1]">&gt;&gt;</a>&nbsp;&nbsp;&nbsp;DBPT_test
<LI><a href="#[8b]">&gt;&gt;</a>&nbsp;&nbsp;&nbsp;Calc_k_CEDV
<LI><a href="#[84]">&gt;&gt;</a>&nbsp;&nbsp;&nbsp;Calc_RC_CEDV
<LI><a href="#[80]">&gt;&gt;</a>&nbsp;&nbsp;&nbsp;Calc_FCC_CEDV
<LI><a href="#[6f]">&gt;&gt;</a>&nbsp;&nbsp;&nbsp;Calc_ATTE
<LI><a href="#[15a]">&gt;&gt;</a>&nbsp;&nbsp;&nbsp;lt_banlance
<LI><a href="#[15b]">&gt;&gt;</a>&nbsp;&nbsp;&nbsp;lifetime_time_store
<LI><a href="#[10f]">&gt;&gt;</a>&nbsp;&nbsp;&nbsp;LifeTime
<LI><a href="#[125]">&gt;&gt;</a>&nbsp;&nbsp;&nbsp;LifeTime_Static_D_Check
<LI><a href="#[124]">&gt;&gt;</a>&nbsp;&nbsp;&nbsp;LifeTime_Static_C_Check
<LI><a href="#[123]">&gt;&gt;</a>&nbsp;&nbsp;&nbsp;LifeTime_Static_B_Check
<LI><a href="#[122]">&gt;&gt;</a>&nbsp;&nbsp;&nbsp;LifeTime_Static_A_Check
<LI><a href="#[b4]">&gt;&gt;</a>&nbsp;&nbsp;&nbsp;Soc_OCV_Calibration
<LI><a href="#[a5]">&gt;&gt;</a>&nbsp;&nbsp;&nbsp;Protect_UTD
<LI><a href="#[a4]">&gt;&gt;</a>&nbsp;&nbsp;&nbsp;Protect_UTC
<LI><a href="#[a7]">&gt;&gt;</a>&nbsp;&nbsp;&nbsp;Protect_PTO
<LI><a href="#[ac]">&gt;&gt;</a>&nbsp;&nbsp;&nbsp;Protect_PCHGC
<LI><a href="#[a3]">&gt;&gt;</a>&nbsp;&nbsp;&nbsp;Protect_OTF
<LI><a href="#[a2]">&gt;&gt;</a>&nbsp;&nbsp;&nbsp;Protect_OTD
<LI><a href="#[a1]">&gt;&gt;</a>&nbsp;&nbsp;&nbsp;Protect_OTC
<LI><a href="#[9f]">&gt;&gt;</a>&nbsp;&nbsp;&nbsp;Protect_OCD
<LI><a href="#[9e]">&gt;&gt;</a>&nbsp;&nbsp;&nbsp;Protect_OCC
<LI><a href="#[a9]">&gt;&gt;</a>&nbsp;&nbsp;&nbsp;Protect_OC
<LI><a href="#[a0]">&gt;&gt;</a>&nbsp;&nbsp;&nbsp;Protect_HardWare_Base
<LI><a href="#[a6]">&gt;&gt;</a>&nbsp;&nbsp;&nbsp;Protect_HWD
<LI><a href="#[9c]">&gt;&gt;</a>&nbsp;&nbsp;&nbsp;Protect_CUVC
<LI><a href="#[9b]">&gt;&gt;</a>&nbsp;&nbsp;&nbsp;Protect_CUV
<LI><a href="#[a8]">&gt;&gt;</a>&nbsp;&nbsp;&nbsp;Protect_CTO
<LI><a href="#[9d]">&gt;&gt;</a>&nbsp;&nbsp;&nbsp;Protect_COV
<LI><a href="#[aa]">&gt;&gt;</a>&nbsp;&nbsp;&nbsp;Protect_CHGV
<LI><a href="#[ab]">&gt;&gt;</a>&nbsp;&nbsp;&nbsp;Protect_CHGC
<LI><a href="#[93]">&gt;&gt;</a>&nbsp;&nbsp;&nbsp;PF_VIMR
<LI><a href="#[94]">&gt;&gt;</a>&nbsp;&nbsp;&nbsp;PF_VIMA
<LI><a href="#[99]">&gt;&gt;</a>&nbsp;&nbsp;&nbsp;PF_TCO
<LI><a href="#[8d]">&gt;&gt;</a>&nbsp;&nbsp;&nbsp;PF_SUV
<LI><a href="#[8e]">&gt;&gt;</a>&nbsp;&nbsp;&nbsp;PF_SOV
<LI><a href="#[92]">&gt;&gt;</a>&nbsp;&nbsp;&nbsp;PF_SOTF
<LI><a href="#[91]">&gt;&gt;</a>&nbsp;&nbsp;&nbsp;PF_SOT
<LI><a href="#[90]">&gt;&gt;</a>&nbsp;&nbsp;&nbsp;PF_SOCD
<LI><a href="#[8f]">&gt;&gt;</a>&nbsp;&nbsp;&nbsp;PF_SOCC
<LI><a href="#[97]">&gt;&gt;</a>&nbsp;&nbsp;&nbsp;PF_FUSE
<LI><a href="#[96]">&gt;&gt;</a>&nbsp;&nbsp;&nbsp;PF_DFET
<LI><a href="#[95]">&gt;&gt;</a>&nbsp;&nbsp;&nbsp;PF_CFET
<LI><a href="#[98]">&gt;&gt;</a>&nbsp;&nbsp;&nbsp;PF_2LVL
<LI><a href="#[153]">&gt;&gt;</a>&nbsp;&nbsp;&nbsp;VoltageShutdownMode
<LI><a href="#[12f]">&gt;&gt;</a>&nbsp;&nbsp;&nbsp;ManufMACShutdown
<LI><a href="#[87]">&gt;&gt;</a>&nbsp;&nbsp;&nbsp;chg_pinghua_VCT_CEDV
<LI><a href="#[85]">&gt;&gt;</a>&nbsp;&nbsp;&nbsp;Calc_fulchg_dsg_cap
<LI><a href="#[81]">&gt;&gt;</a>&nbsp;&nbsp;&nbsp;Calc_b_aidx
<LI><a href="#[83]">&gt;&gt;</a>&nbsp;&nbsp;&nbsp;Calc_HoseiRC_CEDV
<LI><a href="#[1c5]">&gt;&gt;</a>&nbsp;&nbsp;&nbsp;hash_update
</UL>

<P><STRONG><a name="[4a]"></a>__aeabi_uidivmod</STRONG> (Thumb, 62 bytes, Stack size 16 bytes, uidiv_div0.o(.text))
<BR><BR>[Stack]<UL><LI>Max Depth = 16<LI>Call Chain = __aeabi_uidivmod
</UL>
<BR>[Called By]<UL><LI><a href="#[1dd]">&gt;&gt;</a>&nbsp;&nbsp;&nbsp;plugged_IN
<LI><a href="#[84]">&gt;&gt;</a>&nbsp;&nbsp;&nbsp;Calc_RC_CEDV
<LI><a href="#[80]">&gt;&gt;</a>&nbsp;&nbsp;&nbsp;Calc_FCC_CEDV
<LI><a href="#[125]">&gt;&gt;</a>&nbsp;&nbsp;&nbsp;LifeTime_Static_D_Check
<LI><a href="#[124]">&gt;&gt;</a>&nbsp;&nbsp;&nbsp;LifeTime_Static_C_Check
<LI><a href="#[123]">&gt;&gt;</a>&nbsp;&nbsp;&nbsp;LifeTime_Static_B_Check
<LI><a href="#[122]">&gt;&gt;</a>&nbsp;&nbsp;&nbsp;LifeTime_Static_A_Check
<LI><a href="#[121]">&gt;&gt;</a>&nbsp;&nbsp;&nbsp;LifeTime_PF_D_Check
<LI><a href="#[120]">&gt;&gt;</a>&nbsp;&nbsp;&nbsp;LifeTime_PF_C_Check
<LI><a href="#[11f]">&gt;&gt;</a>&nbsp;&nbsp;&nbsp;LifeTime_PF_B_Check
<LI><a href="#[11e]">&gt;&gt;</a>&nbsp;&nbsp;&nbsp;LifeTime_PF_A_Check
<LI><a href="#[1c5]">&gt;&gt;</a>&nbsp;&nbsp;&nbsp;hash_update
<LI><a href="#[1b8]">&gt;&gt;</a>&nbsp;&nbsp;&nbsp;hash_final
<LI><a href="#[49]">&gt;&gt;</a>&nbsp;&nbsp;&nbsp;__aeabi_idivmod$div0
</UL>

<P><STRONG><a name="[4f]"></a>__aeabi_idiv</STRONG> (Thumb, 0 bytes, Stack size 16 bytes, idiv_div0.o(.text))
<BR><BR>[Stack]<UL><LI>Max Depth = 16<LI>Call Chain = __aeabi_idiv
</UL>
<BR>[Called By]<UL><LI><a href="#[fc]">&gt;&gt;</a>&nbsp;&nbsp;&nbsp;read_processmsg
<LI><a href="#[6e]">&gt;&gt;</a>&nbsp;&nbsp;&nbsp;Cal_total_time
<LI><a href="#[50]">&gt;&gt;</a>&nbsp;&nbsp;&nbsp;Adjust_temp
<LI><a href="#[4e]">&gt;&gt;</a>&nbsp;&nbsp;&nbsp;Adjust_fcc
<LI><a href="#[1a9]">&gt;&gt;</a>&nbsp;&nbsp;&nbsp;get_vadc_voltage_vcx
<LI><a href="#[1ab]">&gt;&gt;</a>&nbsp;&nbsp;&nbsp;get_cc_current
<LI><a href="#[ea]">&gt;&gt;</a>&nbsp;&nbsp;&nbsp;get_average_value
<LI><a href="#[ee]">&gt;&gt;</a>&nbsp;&nbsp;&nbsp;cal_average_current
<LI><a href="#[150]">&gt;&gt;</a>&nbsp;&nbsp;&nbsp;SI_Loss_Calc
<LI><a href="#[88]">&gt;&gt;</a>&nbsp;&nbsp;&nbsp;Make_RC_CEDV
<LI><a href="#[104]">&gt;&gt;</a>&nbsp;&nbsp;&nbsp;Init_Cap
<LI><a href="#[7b]">&gt;&gt;</a>&nbsp;&nbsp;&nbsp;Calc_CPVolt
<LI><a href="#[1dd]">&gt;&gt;</a>&nbsp;&nbsp;&nbsp;plugged_IN
<LI><a href="#[190]">&gt;&gt;</a>&nbsp;&nbsp;&nbsp;bi2cs_dataCmd_init
<LI><a href="#[147]">&gt;&gt;</a>&nbsp;&nbsp;&nbsp;QMax_Calc_CEDV
<LI><a href="#[b1]">&gt;&gt;</a>&nbsp;&nbsp;&nbsp;DBPT_test
<LI><a href="#[8b]">&gt;&gt;</a>&nbsp;&nbsp;&nbsp;Calc_k_CEDV
<LI><a href="#[84]">&gt;&gt;</a>&nbsp;&nbsp;&nbsp;Calc_RC_CEDV
<LI><a href="#[80]">&gt;&gt;</a>&nbsp;&nbsp;&nbsp;Calc_FCC_CEDV
<LI><a href="#[70]">&gt;&gt;</a>&nbsp;&nbsp;&nbsp;Calc_ATTF
<LI><a href="#[6f]">&gt;&gt;</a>&nbsp;&nbsp;&nbsp;Calc_ATTE
<LI><a href="#[64]">&gt;&gt;</a>&nbsp;&nbsp;&nbsp;Basic_LifeTime
<LI><a href="#[b3]">&gt;&gt;</a>&nbsp;&nbsp;&nbsp;cal_average_dbpt_current
<LI><a href="#[b4]">&gt;&gt;</a>&nbsp;&nbsp;&nbsp;Soc_OCV_Calibration
<LI><a href="#[99]">&gt;&gt;</a>&nbsp;&nbsp;&nbsp;PF_TCO
<LI><a href="#[87]">&gt;&gt;</a>&nbsp;&nbsp;&nbsp;chg_pinghua_VCT_CEDV
<LI><a href="#[146]">&gt;&gt;</a>&nbsp;&nbsp;&nbsp;QMaxUpdateJudge_CEDV
<LI><a href="#[86]">&gt;&gt;</a>&nbsp;&nbsp;&nbsp;Chg_Pinghua_COV_CEDV
<LI><a href="#[82]">&gt;&gt;</a>&nbsp;&nbsp;&nbsp;Calc_soc_to_res
<LI><a href="#[85]">&gt;&gt;</a>&nbsp;&nbsp;&nbsp;Calc_fulchg_dsg_cap
</UL>

<P><STRONG><a name="[49]"></a>__aeabi_idivmod$div0</STRONG> (Thumb, 74 bytes, Stack size 16 bytes, idiv_div0.o(.text), UNUSED)
<BR><BR>[Calls]<UL><LI><a href="#[4a]">&gt;&gt;</a>&nbsp;&nbsp;&nbsp;__aeabi_uidivmod
</UL>

<P><STRONG><a name="[4b]"></a>__aeabi_uldivmod</STRONG> (Thumb, 96 bytes, Stack size 48 bytes, uldiv.o(.text), UNUSED)
<BR><BR>[Calls]<UL><LI><a href="#[47]">&gt;&gt;</a>&nbsp;&nbsp;&nbsp;__aeabi_llsr
<LI><a href="#[3b]">&gt;&gt;</a>&nbsp;&nbsp;&nbsp;__aeabi_llsl
</UL>
<BR>[Called By]<UL><LI><a href="#[1ff]">&gt;&gt;</a>&nbsp;&nbsp;&nbsp;_printf_core
</UL>

<P><STRONG><a name="[3b]"></a>__aeabi_llsl</STRONG> (Thumb, 32 bytes, Stack size 8 bytes, llshl.o(.text))
<BR><BR>[Stack]<UL><LI>Max Depth = 8<LI>Call Chain = __aeabi_llsl
</UL>
<BR>[Called By]<UL><LI><a href="#[3a]">&gt;&gt;</a>&nbsp;&nbsp;&nbsp;__aeabi_dadd
<LI><a href="#[4b]">&gt;&gt;</a>&nbsp;&nbsp;&nbsp;__aeabi_uldivmod
<LI><a href="#[3d]">&gt;&gt;</a>&nbsp;&nbsp;&nbsp;_double_epilogue
</UL>

<P><STRONG><a name="[20f]"></a>_ll_shift_l</STRONG> (Thumb, 0 bytes, Stack size 8 bytes, llshl.o(.text), UNUSED)

<P><STRONG><a name="[47]"></a>__aeabi_llsr</STRONG> (Thumb, 34 bytes, Stack size 8 bytes, llushr.o(.text))
<BR><BR>[Stack]<UL><LI>Max Depth = 8<LI>Call Chain = __aeabi_llsr
</UL>
<BR>[Called By]<UL><LI><a href="#[46]">&gt;&gt;</a>&nbsp;&nbsp;&nbsp;__aeabi_d2iz
<LI><a href="#[4b]">&gt;&gt;</a>&nbsp;&nbsp;&nbsp;__aeabi_uldivmod
<LI><a href="#[3d]">&gt;&gt;</a>&nbsp;&nbsp;&nbsp;_double_epilogue
</UL>

<P><STRONG><a name="[210]"></a>_ll_ushift_r</STRONG> (Thumb, 0 bytes, Stack size 8 bytes, llushr.o(.text), UNUSED)

<P><STRONG><a name="[3c]"></a>__aeabi_lasr</STRONG> (Thumb, 38 bytes, Stack size 8 bytes, llsshr.o(.text))
<BR><BR>[Stack]<UL><LI>Max Depth = 8<LI>Call Chain = __aeabi_lasr
</UL>
<BR>[Called By]<UL><LI><a href="#[3a]">&gt;&gt;</a>&nbsp;&nbsp;&nbsp;__aeabi_dadd
</UL>

<P><STRONG><a name="[211]"></a>_ll_sshift_r</STRONG> (Thumb, 0 bytes, Stack size 8 bytes, llsshr.o(.text), UNUSED)

<P><STRONG><a name="[36]"></a>_float_round</STRONG> (Thumb, 16 bytes, Stack size 0 bytes, fepilogue.o(.text))
<BR><BR>[Called By]<UL><LI><a href="#[39]">&gt;&gt;</a>&nbsp;&nbsp;&nbsp;__aeabi_fdiv
<LI><a href="#[35]">&gt;&gt;</a>&nbsp;&nbsp;&nbsp;__aeabi_fadd
<LI><a href="#[48]">&gt;&gt;</a>&nbsp;&nbsp;&nbsp;__aeabi_d2f
</UL>

<P><STRONG><a name="[31]"></a>_float_epilogue</STRONG> (Thumb, 114 bytes, Stack size 12 bytes, fepilogue.o(.text))
<BR><BR>[Stack]<UL><LI>Max Depth = 12<LI>Call Chain = _float_epilogue
</UL>
<BR>[Called By]<UL><LI><a href="#[35]">&gt;&gt;</a>&nbsp;&nbsp;&nbsp;__aeabi_fadd
<LI><a href="#[30]">&gt;&gt;</a>&nbsp;&nbsp;&nbsp;__aeabi_ui2f
<LI><a href="#[43]">&gt;&gt;</a>&nbsp;&nbsp;&nbsp;__aeabi_i2f
</UL>

<P><STRONG><a name="[3e]"></a>_double_round</STRONG> (Thumb, 26 bytes, Stack size 8 bytes, depilogue.o(.text))
<BR><BR>[Stack]<UL><LI>Max Depth = 8<LI>Call Chain = _double_round
</UL>
<BR>[Called By]<UL><LI><a href="#[42]">&gt;&gt;</a>&nbsp;&nbsp;&nbsp;__aeabi_ddiv
<LI><a href="#[3a]">&gt;&gt;</a>&nbsp;&nbsp;&nbsp;__aeabi_dadd
<LI><a href="#[3d]">&gt;&gt;</a>&nbsp;&nbsp;&nbsp;_double_epilogue
</UL>

<P><STRONG><a name="[3d]"></a>_double_epilogue</STRONG> (Thumb, 164 bytes, Stack size 48 bytes, depilogue.o(.text))
<BR><BR>[Stack]<UL><LI>Max Depth = 56<LI>Call Chain = _double_epilogue &rArr; __aeabi_llsr
</UL>
<BR>[Calls]<UL><LI><a href="#[4c]">&gt;&gt;</a>&nbsp;&nbsp;&nbsp;__ARM_clz
<LI><a href="#[47]">&gt;&gt;</a>&nbsp;&nbsp;&nbsp;__aeabi_llsr
<LI><a href="#[3b]">&gt;&gt;</a>&nbsp;&nbsp;&nbsp;__aeabi_llsl
<LI><a href="#[3e]">&gt;&gt;</a>&nbsp;&nbsp;&nbsp;_double_round
</UL>
<BR>[Called By]<UL><LI><a href="#[44]">&gt;&gt;</a>&nbsp;&nbsp;&nbsp;__aeabi_i2d
<LI><a href="#[41]">&gt;&gt;</a>&nbsp;&nbsp;&nbsp;__aeabi_dmul
<LI><a href="#[3a]">&gt;&gt;</a>&nbsp;&nbsp;&nbsp;__aeabi_dadd
<LI><a href="#[45]">&gt;&gt;</a>&nbsp;&nbsp;&nbsp;__aeabi_ui2d
</UL>

<P><STRONG><a name="[2e]"></a>__scatterload</STRONG> (Thumb, 28 bytes, Stack size 0 bytes, init.o(.text))
<BR><BR>[Calls]<UL><LI><a href="#[4d]">&gt;&gt;</a>&nbsp;&nbsp;&nbsp;__main_after_scatterload
</UL>
<BR>[Called By]<UL><LI><a href="#[2d]">&gt;&gt;</a>&nbsp;&nbsp;&nbsp;_main_scatterload
</UL>

<P><STRONG><a name="[212]"></a>__scatterload_rt2</STRONG> (Thumb, 0 bytes, Stack size 0 bytes, init.o(.text), UNUSED)

<P><STRONG><a name="[75]"></a>ATTF_SetFCFlag</STRONG> (Thumb, 12 bytes, Stack size 0 bytes, calc_attf.o(.text.ATTF_SetFCFlag))
<BR><BR>[Called By]<UL><LI><a href="#[70]">&gt;&gt;</a>&nbsp;&nbsp;&nbsp;Calc_ATTF
</UL>

<P><STRONG><a name="[72]"></a>ATTF_SetRC</STRONG> (Thumb, 12 bytes, Stack size 0 bytes, calc_attf.o(.text.ATTF_SetRC))
<BR><BR>[Called By]<UL><LI><a href="#[70]">&gt;&gt;</a>&nbsp;&nbsp;&nbsp;Calc_ATTF
</UL>

<P><STRONG><a name="[74]"></a>ATTF_SetTEM</STRONG> (Thumb, 12 bytes, Stack size 0 bytes, calc_attf.o(.text.ATTF_SetTEM))
<BR><BR>[Called By]<UL><LI><a href="#[70]">&gt;&gt;</a>&nbsp;&nbsp;&nbsp;Calc_ATTF
</UL>

<P><STRONG><a name="[77]"></a>ATTF_clear</STRONG> (Thumb, 44 bytes, Stack size 0 bytes, calc_attf.o(.text.ATTF_clear))
<BR><BR>[Called By]<UL><LI><a href="#[76]">&gt;&gt;</a>&nbsp;&nbsp;&nbsp;Calc_ATTF1
</UL>

<P><STRONG><a name="[4e]"></a>Adjust_fcc</STRONG> (Thumb, 100 bytes, Stack size 16 bytes, calc_attf.o(.text.Adjust_fcc))
<BR><BR>[Stack]<UL><LI>Max Depth = 32<LI>Call Chain = Adjust_fcc &rArr; __aeabi_idiv
</UL>
<BR>[Calls]<UL><LI><a href="#[4f]">&gt;&gt;</a>&nbsp;&nbsp;&nbsp;__aeabi_idiv
</UL>
<BR>[Called By]<UL><LI><a href="#[76]">&gt;&gt;</a>&nbsp;&nbsp;&nbsp;Calc_ATTF1
</UL>

<P><STRONG><a name="[50]"></a>Adjust_temp</STRONG> (Thumb, 76 bytes, Stack size 16 bytes, calc_attf.o(.text.Adjust_temp))
<BR><BR>[Stack]<UL><LI>Max Depth = 32<LI>Call Chain = Adjust_temp &rArr; __aeabi_idiv
</UL>
<BR>[Calls]<UL><LI><a href="#[4f]">&gt;&gt;</a>&nbsp;&nbsp;&nbsp;__aeabi_idiv
<LI><a href="#[51]">&gt;&gt;</a>&nbsp;&nbsp;&nbsp;__aeabi_uidiv
</UL>
<BR>[Called By]<UL><LI><a href="#[76]">&gt;&gt;</a>&nbsp;&nbsp;&nbsp;Calc_ATTF1
</UL>

<P><STRONG><a name="[52]"></a>AdvanceChargeAlgorithm_Fun</STRONG> (Thumb, 24 bytes, Stack size 8 bytes, advancedchargealgorithm.o(.text.AdvanceChargeAlgorithm_Fun))
<BR><BR>[Stack]<UL><LI>Max Depth = 84<LI>Call Chain = AdvanceChargeAlgorithm_Fun &rArr; TemperatureRangeJudge &rArr; __aeabi_i2f &rArr; _float_epilogue
</UL>
<BR>[Calls]<UL><LI><a href="#[53]">&gt;&gt;</a>&nbsp;&nbsp;&nbsp;VoltageRangeJudge
<LI><a href="#[54]">&gt;&gt;</a>&nbsp;&nbsp;&nbsp;TemperatureRangeJudge
<LI><a href="#[55]">&gt;&gt;</a>&nbsp;&nbsp;&nbsp;MaintenanceCharge
<LI><a href="#[57]">&gt;&gt;</a>&nbsp;&nbsp;&nbsp;FFC_Charge
<LI><a href="#[56]">&gt;&gt;</a>&nbsp;&nbsp;&nbsp;Charging_CV_Fun
</UL>
<BR>[Called By]<UL><LI><a href="#[20]">&gt;&gt;</a>&nbsp;&nbsp;&nbsp;main
</UL>

<P><STRONG><a name="[58]"></a>Afe_Init</STRONG> (Thumb, 84 bytes, Stack size 8 bytes, mcu.o(.text.Afe_Init))
<BR><BR>[Stack]<UL><LI>Max Depth = 168<LI>Call Chain = Afe_Init &rArr; CVT_Init &rArr; vadc_channel_cycle_init &rArr; afe_vadc_init &rArr; afe_write_data &rArr; spi_transimit_data
</UL>
<BR>[Calls]<UL><LI><a href="#[59]">&gt;&gt;</a>&nbsp;&nbsp;&nbsp;delay_ms
<LI><a href="#[5d]">&gt;&gt;</a>&nbsp;&nbsp;&nbsp;afe_int_periph_int_enable_ctrl
<LI><a href="#[5b]">&gt;&gt;</a>&nbsp;&nbsp;&nbsp;CVT_Init
<LI><a href="#[60]">&gt;&gt;</a>&nbsp;&nbsp;&nbsp;WakeCp_init
<LI><a href="#[61]">&gt;&gt;</a>&nbsp;&nbsp;&nbsp;Mos_init
<LI><a href="#[62]">&gt;&gt;</a>&nbsp;&nbsp;&nbsp;Hdp_Init
<LI><a href="#[63]">&gt;&gt;</a>&nbsp;&nbsp;&nbsp;FUSE_Init
<LI><a href="#[5a]">&gt;&gt;</a>&nbsp;&nbsp;&nbsp;mcu_gpio_config
<LI><a href="#[5f]">&gt;&gt;</a>&nbsp;&nbsp;&nbsp;afe_pmu_sw_awaken_enable_ctrl
<LI><a href="#[5e]">&gt;&gt;</a>&nbsp;&nbsp;&nbsp;afe_pmu_shutdown_dds_config
<LI><a href="#[5c]">&gt;&gt;</a>&nbsp;&nbsp;&nbsp;afe_pmu_pack_pull_down_enable_ctrl
</UL>
<BR>[Called By]<UL><LI><a href="#[131]">&gt;&gt;</a>&nbsp;&nbsp;&nbsp;McuDrvInit
</UL>

<P><STRONG><a name="[1dc]"></a>AlarmWarning_Check</STRONG> (Thumb, 1164 bytes, Stack size 20 bytes, mode.o(.text.AlarmWarning_Check))
<BR><BR>[Stack]<UL><LI>Max Depth = 20<LI>Call Chain = AlarmWarning_Check
</UL>
<BR>[Called By]<UL><LI><a href="#[20]">&gt;&gt;</a>&nbsp;&nbsp;&nbsp;main
</UL>

<P><STRONG><a name="[68]"></a>Block_Erase</STRONG> (Thumb, 40 bytes, Stack size 8 bytes, dataflash.o(.text.Block_Erase))
<BR><BR>[Stack]<UL><LI>Max Depth = 48<LI>Call Chain = Block_Erase &rArr; Flash_Erase &rArr; flash_page_erase &rArr; flash_operation_wait
</UL>
<BR>[Calls]<UL><LI><a href="#[69]">&gt;&gt;</a>&nbsp;&nbsp;&nbsp;flash_unlock
<LI><a href="#[6b]">&gt;&gt;</a>&nbsp;&nbsp;&nbsp;flash_lock
<LI><a href="#[6a]">&gt;&gt;</a>&nbsp;&nbsp;&nbsp;Flash_Erase
</UL>
<BR>[Called By]<UL><LI><a href="#[11d]">&gt;&gt;</a>&nbsp;&nbsp;&nbsp;LifeTimeData_WriteDF
<LI><a href="#[bf]">&gt;&gt;</a>&nbsp;&nbsp;&nbsp;DF_Write
<LI><a href="#[b9]">&gt;&gt;</a>&nbsp;&nbsp;&nbsp;DF_Erase_Para
<LI><a href="#[158]">&gt;&gt;</a>&nbsp;&nbsp;&nbsp;SmbusMACWriteInstruction
</UL>

<P><STRONG><a name="[7a]"></a>CC_Count</STRONG> (Thumb, 124 bytes, Stack size 16 bytes, datcalc_spl.o(.text.CC_Count))
<BR><BR>[Stack]<UL><LI>Max Depth = 16<LI>Call Chain = CC_Count
</UL>
<BR>[Called By]<UL><LI><a href="#[78]">&gt;&gt;</a>&nbsp;&nbsp;&nbsp;Calc_CC
</UL>

<P><STRONG><a name="[fb]"></a>CRC8_Calc</STRONG> (Thumb, 28 bytes, Stack size 0 bytes, smbus_protocol.o(.text.CRC8_Calc))
<BR><BR>[Called By]<UL><LI><a href="#[fd]">&gt;&gt;</a>&nbsp;&nbsp;&nbsp;write_processmsg
<LI><a href="#[1a]">&gt;&gt;</a>&nbsp;&nbsp;&nbsp;I2C1_IRQHandler
</UL>

<P><STRONG><a name="[5b]"></a>CVT_Init</STRONG> (Thumb, 22 bytes, Stack size 8 bytes, afe_cvt.o(.text.CVT_Init))
<BR><BR>[Stack]<UL><LI>Max Depth = 160<LI>Call Chain = CVT_Init &rArr; vadc_channel_cycle_init &rArr; afe_vadc_init &rArr; afe_write_data &rArr; spi_transimit_data
</UL>
<BR>[Calls]<UL><LI><a href="#[6c]">&gt;&gt;</a>&nbsp;&nbsp;&nbsp;vadc_channel_cycle_init
<LI><a href="#[6d]">&gt;&gt;</a>&nbsp;&nbsp;&nbsp;afe_cc_first_order_init
</UL>
<BR>[Called By]<UL><LI><a href="#[58]">&gt;&gt;</a>&nbsp;&nbsp;&nbsp;Afe_Init
</UL>

<P><STRONG><a name="[6e]"></a>Cal_total_time</STRONG> (Thumb, 276 bytes, Stack size 24 bytes, calc_attf.o(.text.Cal_total_time))
<BR><BR>[Stack]<UL><LI>Max Depth = 40<LI>Call Chain = Cal_total_time &rArr; __aeabi_idiv
</UL>
<BR>[Calls]<UL><LI><a href="#[4f]">&gt;&gt;</a>&nbsp;&nbsp;&nbsp;__aeabi_idiv
<LI><a href="#[51]">&gt;&gt;</a>&nbsp;&nbsp;&nbsp;__aeabi_uidiv
</UL>
<BR>[Called By]<UL><LI><a href="#[76]">&gt;&gt;</a>&nbsp;&nbsp;&nbsp;Calc_ATTF1
</UL>

<P><STRONG><a name="[6f]"></a>Calc_ATTE</STRONG> (Thumb, 224 bytes, Stack size 24 bytes, mode.o(.text.Calc_ATTE))
<BR><BR>[Stack]<UL><LI>Max Depth = 40<LI>Call Chain = Calc_ATTE &rArr; __aeabi_idiv
</UL>
<BR>[Calls]<UL><LI><a href="#[4f]">&gt;&gt;</a>&nbsp;&nbsp;&nbsp;__aeabi_idiv
<LI><a href="#[51]">&gt;&gt;</a>&nbsp;&nbsp;&nbsp;__aeabi_uidiv
</UL>
<BR>[Called By]<UL><LI><a href="#[20]">&gt;&gt;</a>&nbsp;&nbsp;&nbsp;main
</UL>

<P><STRONG><a name="[70]"></a>Calc_ATTF</STRONG> (Thumb, 180 bytes, Stack size 16 bytes, mode.o(.text.Calc_ATTF))
<BR><BR>[Stack]<UL><LI>Max Depth = 80<LI>Call Chain = Calc_ATTF &rArr; Calc_ATTF1 &rArr; Cal_total_time &rArr; __aeabi_idiv
</UL>
<BR>[Calls]<UL><LI><a href="#[76]">&gt;&gt;</a>&nbsp;&nbsp;&nbsp;Calc_ATTF1
<LI><a href="#[74]">&gt;&gt;</a>&nbsp;&nbsp;&nbsp;ATTF_SetTEM
<LI><a href="#[72]">&gt;&gt;</a>&nbsp;&nbsp;&nbsp;ATTF_SetRC
<LI><a href="#[75]">&gt;&gt;</a>&nbsp;&nbsp;&nbsp;ATTF_SetFCFlag
<LI><a href="#[73]">&gt;&gt;</a>&nbsp;&nbsp;&nbsp;ATTF_SetFCC
<LI><a href="#[71]">&gt;&gt;</a>&nbsp;&nbsp;&nbsp;ATTF_SetChgFlag
<LI><a href="#[67]">&gt;&gt;</a>&nbsp;&nbsp;&nbsp;__aeabi_f2iz
<LI><a href="#[4f]">&gt;&gt;</a>&nbsp;&nbsp;&nbsp;__aeabi_idiv
</UL>
<BR>[Called By]<UL><LI><a href="#[20]">&gt;&gt;</a>&nbsp;&nbsp;&nbsp;main
</UL>

<P><STRONG><a name="[76]"></a>Calc_ATTF1</STRONG> (Thumb, 308 bytes, Stack size 24 bytes, calc_attf.o(.text.Calc_ATTF1))
<BR><BR>[Stack]<UL><LI>Max Depth = 64<LI>Call Chain = Calc_ATTF1 &rArr; Cal_total_time &rArr; __aeabi_idiv
</UL>
<BR>[Calls]<UL><LI><a href="#[6e]">&gt;&gt;</a>&nbsp;&nbsp;&nbsp;Cal_total_time
<LI><a href="#[50]">&gt;&gt;</a>&nbsp;&nbsp;&nbsp;Adjust_temp
<LI><a href="#[4e]">&gt;&gt;</a>&nbsp;&nbsp;&nbsp;Adjust_fcc
<LI><a href="#[77]">&gt;&gt;</a>&nbsp;&nbsp;&nbsp;ATTF_clear
<LI><a href="#[51]">&gt;&gt;</a>&nbsp;&nbsp;&nbsp;__aeabi_uidiv
</UL>
<BR>[Called By]<UL><LI><a href="#[70]">&gt;&gt;</a>&nbsp;&nbsp;&nbsp;Calc_ATTF
</UL>

<P><STRONG><a name="[78]"></a>Calc_CC</STRONG> (Thumb, 88 bytes, Stack size 16 bytes, datcalc_spl.o(.text.Calc_CC))
<BR><BR>[Stack]<UL><LI>Max Depth = 32<LI>Call Chain = Calc_CC &rArr; CC_Count
</UL>
<BR>[Calls]<UL><LI><a href="#[79]">&gt;&gt;</a>&nbsp;&nbsp;&nbsp;MEDF_Count
<LI><a href="#[7a]">&gt;&gt;</a>&nbsp;&nbsp;&nbsp;CC_Count
</UL>
<BR>[Called By]<UL><LI><a href="#[20]">&gt;&gt;</a>&nbsp;&nbsp;&nbsp;main
</UL>

<P><STRONG><a name="[7b]"></a>Calc_CPVolt</STRONG> (Thumb, 776 bytes, Stack size 64 bytes, datcalc_spl.o(.text.Calc_CPVolt))
<BR><BR>[Stack]<UL><LI>Max Depth = 112<LI>Call Chain = Calc_CPVolt &rArr; Calc_InReg &rArr; __aeabi_uidiv
</UL>
<BR>[Calls]<UL><LI><a href="#[37]">&gt;&gt;</a>&nbsp;&nbsp;&nbsp;__aeabi_fsub
<LI><a href="#[67]">&gt;&gt;</a>&nbsp;&nbsp;&nbsp;__aeabi_f2iz
<LI><a href="#[43]">&gt;&gt;</a>&nbsp;&nbsp;&nbsp;__aeabi_i2f
<LI><a href="#[7c]">&gt;&gt;</a>&nbsp;&nbsp;&nbsp;__aeabi_fcmplt
<LI><a href="#[7d]">&gt;&gt;</a>&nbsp;&nbsp;&nbsp;__aeabi_fcmpgt
<LI><a href="#[7e]">&gt;&gt;</a>&nbsp;&nbsp;&nbsp;__aeabi_fcmpge
<LI><a href="#[7f]">&gt;&gt;</a>&nbsp;&nbsp;&nbsp;Calc_InReg
<LI><a href="#[4f]">&gt;&gt;</a>&nbsp;&nbsp;&nbsp;__aeabi_idiv
<LI><a href="#[51]">&gt;&gt;</a>&nbsp;&nbsp;&nbsp;__aeabi_uidiv
</UL>
<BR>[Called By]<UL><LI><a href="#[84]">&gt;&gt;</a>&nbsp;&nbsp;&nbsp;Calc_RC_CEDV
</UL>

<P><STRONG><a name="[80]"></a>Calc_FCC_CEDV</STRONG> (Thumb, 424 bytes, Stack size 56 bytes, mode.o(.text.Calc_FCC_CEDV))
<BR><BR>[Stack]<UL><LI>Max Depth = 148<LI>Call Chain = Calc_FCC_CEDV &rArr; Calc_b_aidx &rArr; __aeabi_fsub &rArr; __aeabi_fadd &rArr; _float_epilogue
</UL>
<BR>[Calls]<UL><LI><a href="#[82]">&gt;&gt;</a>&nbsp;&nbsp;&nbsp;Calc_soc_to_res
<LI><a href="#[81]">&gt;&gt;</a>&nbsp;&nbsp;&nbsp;Calc_b_aidx
<LI><a href="#[4f]">&gt;&gt;</a>&nbsp;&nbsp;&nbsp;__aeabi_idiv
<LI><a href="#[4a]">&gt;&gt;</a>&nbsp;&nbsp;&nbsp;__aeabi_uidivmod
<LI><a href="#[51]">&gt;&gt;</a>&nbsp;&nbsp;&nbsp;__aeabi_uidiv
</UL>
<BR>[Called By]<UL><LI><a href="#[20]">&gt;&gt;</a>&nbsp;&nbsp;&nbsp;main
</UL>

<P><STRONG><a name="[83]"></a>Calc_HoseiRC_CEDV</STRONG> (Thumb, 160 bytes, Stack size 16 bytes, mode.o(.text.Calc_HoseiRC_CEDV))
<BR><BR>[Stack]<UL><LI>Max Depth = 32<LI>Call Chain = Calc_HoseiRC_CEDV &rArr; __aeabi_uidiv
</UL>
<BR>[Calls]<UL><LI><a href="#[51]">&gt;&gt;</a>&nbsp;&nbsp;&nbsp;__aeabi_uidiv
</UL>
<BR>[Called By]<UL><LI><a href="#[84]">&gt;&gt;</a>&nbsp;&nbsp;&nbsp;Calc_RC_CEDV
</UL>

<P><STRONG><a name="[7f]"></a>Calc_InReg</STRONG> (Thumb, 168 bytes, Stack size 32 bytes, datcalc_spl.o(.text.Calc_InReg))
<BR><BR>[Stack]<UL><LI>Max Depth = 48<LI>Call Chain = Calc_InReg &rArr; __aeabi_uidiv
</UL>
<BR>[Calls]<UL><LI><a href="#[51]">&gt;&gt;</a>&nbsp;&nbsp;&nbsp;__aeabi_uidiv
</UL>
<BR>[Called By]<UL><LI><a href="#[7b]">&gt;&gt;</a>&nbsp;&nbsp;&nbsp;Calc_CPVolt
</UL>

<P><STRONG><a name="[84]"></a>Calc_RC_CEDV</STRONG> (Thumb, 1152 bytes, Stack size 48 bytes, mode.o(.text.Calc_RC_CEDV))
<BR><BR>[Stack]<UL><LI>Max Depth = 176<LI>Call Chain = Calc_RC_CEDV &rArr; __aeabi_dmul &rArr; _double_epilogue &rArr; __aeabi_llsr
</UL>
<BR>[Calls]<UL><LI><a href="#[44]">&gt;&gt;</a>&nbsp;&nbsp;&nbsp;__aeabi_i2d
<LI><a href="#[41]">&gt;&gt;</a>&nbsp;&nbsp;&nbsp;__aeabi_dmul
<LI><a href="#[3a]">&gt;&gt;</a>&nbsp;&nbsp;&nbsp;__aeabi_dadd
<LI><a href="#[46]">&gt;&gt;</a>&nbsp;&nbsp;&nbsp;__aeabi_d2iz
<LI><a href="#[45]">&gt;&gt;</a>&nbsp;&nbsp;&nbsp;__aeabi_ui2d
<LI><a href="#[88]">&gt;&gt;</a>&nbsp;&nbsp;&nbsp;Make_RC_CEDV
<LI><a href="#[7b]">&gt;&gt;</a>&nbsp;&nbsp;&nbsp;Calc_CPVolt
<LI><a href="#[87]">&gt;&gt;</a>&nbsp;&nbsp;&nbsp;chg_pinghua_VCT_CEDV
<LI><a href="#[86]">&gt;&gt;</a>&nbsp;&nbsp;&nbsp;Chg_Pinghua_COV_CEDV
<LI><a href="#[85]">&gt;&gt;</a>&nbsp;&nbsp;&nbsp;Calc_fulchg_dsg_cap
<LI><a href="#[83]">&gt;&gt;</a>&nbsp;&nbsp;&nbsp;Calc_HoseiRC_CEDV
<LI><a href="#[4f]">&gt;&gt;</a>&nbsp;&nbsp;&nbsp;__aeabi_idiv
<LI><a href="#[4a]">&gt;&gt;</a>&nbsp;&nbsp;&nbsp;__aeabi_uidivmod
<LI><a href="#[51]">&gt;&gt;</a>&nbsp;&nbsp;&nbsp;__aeabi_uidiv
</UL>
<BR>[Called By]<UL><LI><a href="#[20]">&gt;&gt;</a>&nbsp;&nbsp;&nbsp;main
</UL>

<P><STRONG><a name="[89]"></a>Calc_RSOC_CEDV</STRONG> (Thumb, 564 bytes, Stack size 32 bytes, mode.o(.text.Calc_RSOC_CEDV))
<BR><BR>[Stack]<UL><LI>Max Depth = 48<LI>Call Chain = Calc_RSOC_CEDV &rArr; __aeabi_uidiv
</UL>
<BR>[Calls]<UL><LI><a href="#[51]">&gt;&gt;</a>&nbsp;&nbsp;&nbsp;__aeabi_uidiv
</UL>
<BR>[Called By]<UL><LI><a href="#[104]">&gt;&gt;</a>&nbsp;&nbsp;&nbsp;Init_Cap
<LI><a href="#[20]">&gt;&gt;</a>&nbsp;&nbsp;&nbsp;main
</UL>

<P><STRONG><a name="[81]"></a>Calc_b_aidx</STRONG> (Thumb, 684 bytes, Stack size 56 bytes, mode.o(.text.Calc_b_aidx))
<BR><BR>[Stack]<UL><LI>Max Depth = 92<LI>Call Chain = Calc_b_aidx &rArr; __aeabi_fsub &rArr; __aeabi_fadd &rArr; _float_epilogue
</UL>
<BR>[Calls]<UL><LI><a href="#[37]">&gt;&gt;</a>&nbsp;&nbsp;&nbsp;__aeabi_fsub
<LI><a href="#[67]">&gt;&gt;</a>&nbsp;&nbsp;&nbsp;__aeabi_f2iz
<LI><a href="#[43]">&gt;&gt;</a>&nbsp;&nbsp;&nbsp;__aeabi_i2f
<LI><a href="#[7c]">&gt;&gt;</a>&nbsp;&nbsp;&nbsp;__aeabi_fcmplt
<LI><a href="#[8a]">&gt;&gt;</a>&nbsp;&nbsp;&nbsp;__aeabi_fcmple
<LI><a href="#[7d]">&gt;&gt;</a>&nbsp;&nbsp;&nbsp;__aeabi_fcmpgt
<LI><a href="#[7e]">&gt;&gt;</a>&nbsp;&nbsp;&nbsp;__aeabi_fcmpge
<LI><a href="#[51]">&gt;&gt;</a>&nbsp;&nbsp;&nbsp;__aeabi_uidiv
</UL>
<BR>[Called By]<UL><LI><a href="#[147]">&gt;&gt;</a>&nbsp;&nbsp;&nbsp;QMax_Calc_CEDV
<LI><a href="#[8b]">&gt;&gt;</a>&nbsp;&nbsp;&nbsp;Calc_k_CEDV
<LI><a href="#[80]">&gt;&gt;</a>&nbsp;&nbsp;&nbsp;Calc_FCC_CEDV
</UL>

<P><STRONG><a name="[85]"></a>Calc_fulchg_dsg_cap</STRONG> (Thumb, 380 bytes, Stack size 16 bytes, mode.o(.text.Calc_fulchg_dsg_cap))
<BR><BR>[Stack]<UL><LI>Max Depth = 32<LI>Call Chain = Calc_fulchg_dsg_cap &rArr; __aeabi_idiv
</UL>
<BR>[Calls]<UL><LI><a href="#[4f]">&gt;&gt;</a>&nbsp;&nbsp;&nbsp;__aeabi_idiv
<LI><a href="#[51]">&gt;&gt;</a>&nbsp;&nbsp;&nbsp;__aeabi_uidiv
</UL>
<BR>[Called By]<UL><LI><a href="#[84]">&gt;&gt;</a>&nbsp;&nbsp;&nbsp;Calc_RC_CEDV
</UL>

<P><STRONG><a name="[8b]"></a>Calc_k_CEDV</STRONG> (Thumb, 616 bytes, Stack size 24 bytes, mode.o(.text.Calc_k_CEDV))
<BR><BR>[Stack]<UL><LI>Max Depth = 116<LI>Call Chain = Calc_k_CEDV &rArr; Calc_b_aidx &rArr; __aeabi_fsub &rArr; __aeabi_fadd &rArr; _float_epilogue
</UL>
<BR>[Calls]<UL><LI><a href="#[82]">&gt;&gt;</a>&nbsp;&nbsp;&nbsp;Calc_soc_to_res
<LI><a href="#[81]">&gt;&gt;</a>&nbsp;&nbsp;&nbsp;Calc_b_aidx
<LI><a href="#[4f]">&gt;&gt;</a>&nbsp;&nbsp;&nbsp;__aeabi_idiv
<LI><a href="#[51]">&gt;&gt;</a>&nbsp;&nbsp;&nbsp;__aeabi_uidiv
</UL>
<BR>[Called By]<UL><LI><a href="#[20]">&gt;&gt;</a>&nbsp;&nbsp;&nbsp;main
</UL>

<P><STRONG><a name="[82]"></a>Calc_soc_to_res</STRONG> (Thumb, 276 bytes, Stack size 32 bytes, mode.o(.text.Calc_soc_to_res))
<BR><BR>[Stack]<UL><LI>Max Depth = 48<LI>Call Chain = Calc_soc_to_res &rArr; __aeabi_idiv
</UL>
<BR>[Calls]<UL><LI><a href="#[4f]">&gt;&gt;</a>&nbsp;&nbsp;&nbsp;__aeabi_idiv
</UL>
<BR>[Called By]<UL><LI><a href="#[147]">&gt;&gt;</a>&nbsp;&nbsp;&nbsp;QMax_Calc_CEDV
<LI><a href="#[8b]">&gt;&gt;</a>&nbsp;&nbsp;&nbsp;Calc_k_CEDV
<LI><a href="#[80]">&gt;&gt;</a>&nbsp;&nbsp;&nbsp;Calc_FCC_CEDV
</UL>

<P><STRONG><a name="[8c]"></a>Call_PermanentFailFun</STRONG> (Thumb, 104 bytes, Stack size 8 bytes, protect.o(.text.Call_PermanentFailFun))
<BR><BR>[Stack]<UL><LI>Max Depth = 160<LI>Call Chain = Call_PermanentFailFun &rArr; PF_2LVL &rArr; FUSE_Read &rArr; afe_indicator_flag_get &rArr; afe_read_data &rArr; spi_transimit_data
</UL>
<BR>[Calls]<UL><LI><a href="#[93]">&gt;&gt;</a>&nbsp;&nbsp;&nbsp;PF_VIMR
<LI><a href="#[94]">&gt;&gt;</a>&nbsp;&nbsp;&nbsp;PF_VIMA
<LI><a href="#[99]">&gt;&gt;</a>&nbsp;&nbsp;&nbsp;PF_TCO
<LI><a href="#[8d]">&gt;&gt;</a>&nbsp;&nbsp;&nbsp;PF_SUV
<LI><a href="#[8e]">&gt;&gt;</a>&nbsp;&nbsp;&nbsp;PF_SOV
<LI><a href="#[92]">&gt;&gt;</a>&nbsp;&nbsp;&nbsp;PF_SOTF
<LI><a href="#[91]">&gt;&gt;</a>&nbsp;&nbsp;&nbsp;PF_SOT
<LI><a href="#[90]">&gt;&gt;</a>&nbsp;&nbsp;&nbsp;PF_SOCD
<LI><a href="#[8f]">&gt;&gt;</a>&nbsp;&nbsp;&nbsp;PF_SOCC
<LI><a href="#[97]">&gt;&gt;</a>&nbsp;&nbsp;&nbsp;PF_FUSE
<LI><a href="#[96]">&gt;&gt;</a>&nbsp;&nbsp;&nbsp;PF_DFET
<LI><a href="#[95]">&gt;&gt;</a>&nbsp;&nbsp;&nbsp;PF_CFET
<LI><a href="#[98]">&gt;&gt;</a>&nbsp;&nbsp;&nbsp;PF_2LVL
</UL>
<BR>[Called By]<UL><LI><a href="#[20]">&gt;&gt;</a>&nbsp;&nbsp;&nbsp;main
</UL>

<P><STRONG><a name="[9a]"></a>Call_ProtectionFun</STRONG> (Thumb, 104 bytes, Stack size 8 bytes, protect.o(.text.Call_ProtectionFun))
<BR><BR>[Stack]<UL><LI>Max Depth = 168<LI>Call Chain = Call_ProtectionFun &rArr; Protect_HardWare_Base &rArr; Hdp_Init &rArr; afe_hdp_discharge_short_2_enable_ctrl &rArr; afe_gcr_reg_unlock &rArr; afe_write_data &rArr; spi_transimit_data
</UL>
<BR>[Calls]<UL><LI><a href="#[a5]">&gt;&gt;</a>&nbsp;&nbsp;&nbsp;Protect_UTD
<LI><a href="#[a4]">&gt;&gt;</a>&nbsp;&nbsp;&nbsp;Protect_UTC
<LI><a href="#[a7]">&gt;&gt;</a>&nbsp;&nbsp;&nbsp;Protect_PTO
<LI><a href="#[ac]">&gt;&gt;</a>&nbsp;&nbsp;&nbsp;Protect_PCHGC
<LI><a href="#[a3]">&gt;&gt;</a>&nbsp;&nbsp;&nbsp;Protect_OTF
<LI><a href="#[a2]">&gt;&gt;</a>&nbsp;&nbsp;&nbsp;Protect_OTD
<LI><a href="#[a1]">&gt;&gt;</a>&nbsp;&nbsp;&nbsp;Protect_OTC
<LI><a href="#[9f]">&gt;&gt;</a>&nbsp;&nbsp;&nbsp;Protect_OCD
<LI><a href="#[9e]">&gt;&gt;</a>&nbsp;&nbsp;&nbsp;Protect_OCC
<LI><a href="#[a9]">&gt;&gt;</a>&nbsp;&nbsp;&nbsp;Protect_OC
<LI><a href="#[a0]">&gt;&gt;</a>&nbsp;&nbsp;&nbsp;Protect_HardWare_Base
<LI><a href="#[a6]">&gt;&gt;</a>&nbsp;&nbsp;&nbsp;Protect_HWD
<LI><a href="#[9c]">&gt;&gt;</a>&nbsp;&nbsp;&nbsp;Protect_CUVC
<LI><a href="#[9b]">&gt;&gt;</a>&nbsp;&nbsp;&nbsp;Protect_CUV
<LI><a href="#[a8]">&gt;&gt;</a>&nbsp;&nbsp;&nbsp;Protect_CTO
<LI><a href="#[9d]">&gt;&gt;</a>&nbsp;&nbsp;&nbsp;Protect_COV
<LI><a href="#[aa]">&gt;&gt;</a>&nbsp;&nbsp;&nbsp;Protect_CHGV
<LI><a href="#[ab]">&gt;&gt;</a>&nbsp;&nbsp;&nbsp;Protect_CHGC
</UL>
<BR>[Called By]<UL><LI><a href="#[20]">&gt;&gt;</a>&nbsp;&nbsp;&nbsp;main
</UL>

<P><STRONG><a name="[ad]"></a>CellBalance_Chk</STRONG> (Thumb, 504 bytes, Stack size 56 bytes, mode.o(.text.CellBalance_Chk))
<BR><BR>[Stack]<UL><LI>Max Depth = 168<LI>Call Chain = CellBalance_Chk &rArr; afe_dtdrv_vc_enable_ctrl &rArr; afe_write_data &rArr; spi_transimit_data
</UL>
<BR>[Calls]<UL><LI><a href="#[ae]">&gt;&gt;</a>&nbsp;&nbsp;&nbsp;afe_dtdrv_vc_enable_ctrl
</UL>
<BR>[Called By]<UL><LI><a href="#[20]">&gt;&gt;</a>&nbsp;&nbsp;&nbsp;main
</UL>

<P><STRONG><a name="[af]"></a>Charge_Inhibit</STRONG> (Thumb, 160 bytes, Stack size 8 bytes, advancedchargealgorithm.o(.text.Charge_Inhibit))
<BR><BR>[Stack]<UL><LI>Max Depth = 8<LI>Call Chain = Charge_Inhibit
</UL>
<BR>[Called By]<UL><LI><a href="#[56]">&gt;&gt;</a>&nbsp;&nbsp;&nbsp;Charging_CV_Fun
</UL>

<P><STRONG><a name="[b0]"></a>Charge_Suspend</STRONG> (Thumb, 104 bytes, Stack size 0 bytes, advancedchargealgorithm.o(.text.Charge_Suspend))
<BR><BR>[Called By]<UL><LI><a href="#[56]">&gt;&gt;</a>&nbsp;&nbsp;&nbsp;Charging_CV_Fun
</UL>

<P><STRONG><a name="[56]"></a>Charging_CV_Fun</STRONG> (Thumb, 700 bytes, Stack size 24 bytes, advancedchargealgorithm.o(.text.Charging_CV_Fun))
<BR><BR>[Stack]<UL><LI>Max Depth = 40<LI>Call Chain = Charging_CV_Fun &rArr; __aeabi_uidiv
</UL>
<BR>[Calls]<UL><LI><a href="#[b0]">&gt;&gt;</a>&nbsp;&nbsp;&nbsp;Charge_Suspend
<LI><a href="#[af]">&gt;&gt;</a>&nbsp;&nbsp;&nbsp;Charge_Inhibit
<LI><a href="#[51]">&gt;&gt;</a>&nbsp;&nbsp;&nbsp;__aeabi_uidiv
</UL>
<BR>[Called By]<UL><LI><a href="#[52]">&gt;&gt;</a>&nbsp;&nbsp;&nbsp;AdvanceChargeAlgorithm_Fun
</UL>

<P><STRONG><a name="[86]"></a>Chg_Pinghua_COV_CEDV</STRONG> (Thumb, 356 bytes, Stack size 56 bytes, mode.o(.text.Chg_Pinghua_COV_CEDV))
<BR><BR>[Stack]<UL><LI>Max Depth = 72<LI>Call Chain = Chg_Pinghua_COV_CEDV &rArr; __aeabi_idiv
</UL>
<BR>[Calls]<UL><LI><a href="#[4f]">&gt;&gt;</a>&nbsp;&nbsp;&nbsp;__aeabi_idiv
</UL>
<BR>[Called By]<UL><LI><a href="#[84]">&gt;&gt;</a>&nbsp;&nbsp;&nbsp;Calc_RC_CEDV
</UL>

<P><STRONG><a name="[b1]"></a>DBPT_test</STRONG> (Thumb, 708 bytes, Stack size 56 bytes, protect.o(.text.DBPT_test))
<BR><BR>[Stack]<UL><LI>Max Depth = 184<LI>Call Chain = DBPT_test &rArr; __aeabi_dmul &rArr; _double_epilogue &rArr; __aeabi_llsr
</UL>
<BR>[Calls]<UL><LI><a href="#[41]">&gt;&gt;</a>&nbsp;&nbsp;&nbsp;__aeabi_dmul
<LI><a href="#[46]">&gt;&gt;</a>&nbsp;&nbsp;&nbsp;__aeabi_d2iz
<LI><a href="#[43]">&gt;&gt;</a>&nbsp;&nbsp;&nbsp;__aeabi_i2f
<LI><a href="#[7c]">&gt;&gt;</a>&nbsp;&nbsp;&nbsp;__aeabi_fcmplt
<LI><a href="#[7d]">&gt;&gt;</a>&nbsp;&nbsp;&nbsp;__aeabi_fcmpgt
<LI><a href="#[45]">&gt;&gt;</a>&nbsp;&nbsp;&nbsp;__aeabi_ui2d
<LI><a href="#[b3]">&gt;&gt;</a>&nbsp;&nbsp;&nbsp;cal_average_dbpt_current
<LI><a href="#[b2]">&gt;&gt;</a>&nbsp;&nbsp;&nbsp;__aeabi_dcmple
<LI><a href="#[b4]">&gt;&gt;</a>&nbsp;&nbsp;&nbsp;Soc_OCV_Calibration
<LI><a href="#[4f]">&gt;&gt;</a>&nbsp;&nbsp;&nbsp;__aeabi_idiv
<LI><a href="#[51]">&gt;&gt;</a>&nbsp;&nbsp;&nbsp;__aeabi_uidiv
</UL>
<BR>[Called By]<UL><LI><a href="#[20]">&gt;&gt;</a>&nbsp;&nbsp;&nbsp;main
</UL>

<P><STRONG><a name="[ef]"></a>DCR_Mode</STRONG> (Thumb, 404 bytes, Stack size 24 bytes, afe_cvt.o(.text.DCR_Mode))
<BR><BR>[Stack]<UL><LI>Max Depth = 24<LI>Call Chain = DCR_Mode
</UL>
<BR>[Called By]<UL><LI><a href="#[e2]">&gt;&gt;</a>&nbsp;&nbsp;&nbsp;Get_CVT
</UL>

<P><STRONG><a name="[159]"></a>DFDataSave</STRONG> (Thumb, 488 bytes, Stack size 16 bytes, mcu.o(.text.DFDataSave))
<BR><BR>[Stack]<UL><LI>Max Depth = 16<LI>Call Chain = DFDataSave
</UL>
<BR>[Called By]<UL><LI><a href="#[158]">&gt;&gt;</a>&nbsp;&nbsp;&nbsp;SmbusMACWriteInstruction
<LI><a href="#[130]">&gt;&gt;</a>&nbsp;&nbsp;&nbsp;shutdown_enter
<LI><a href="#[15e]">&gt;&gt;</a>&nbsp;&nbsp;&nbsp;Soft_Reset
</UL>

<P><STRONG><a name="[bd]"></a>DFR_Index</STRONG> (Thumb, 236 bytes, Stack size 20 bytes, dataflash.o(.text.DFR_Index))
<BR><BR>[Stack]<UL><LI>Max Depth = 20<LI>Call Chain = DFR_Index
</UL>
<BR>[Called By]<UL><LI><a href="#[bc]">&gt;&gt;</a>&nbsp;&nbsp;&nbsp;DF_Read
<LI><a href="#[14f]">&gt;&gt;</a>&nbsp;&nbsp;&nbsp;ReadFlashData
</UL>

<P><STRONG><a name="[b5]"></a>DFUdata_Chk</STRONG> (Thumb, 424 bytes, Stack size 24 bytes, dataflash.o(.text.DFUdata_Chk))
<BR><BR>[Stack]<UL><LI>Max Depth = 120<LI>Call Chain = DFUdata_Chk &rArr; calc_DFSignature &rArr; DataFlash_Write &rArr; Flash_Erase &rArr; flash_page_erase &rArr; flash_operation_wait
</UL>
<BR>[Calls]<UL><LI><a href="#[b7]">&gt;&gt;</a>&nbsp;&nbsp;&nbsp;calc_DFSignature
<LI><a href="#[b6]">&gt;&gt;</a>&nbsp;&nbsp;&nbsp;DataFlash_Write
</UL>
<BR>[Called By]<UL><LI><a href="#[20]">&gt;&gt;</a>&nbsp;&nbsp;&nbsp;main
</UL>

<P><STRONG><a name="[b8]"></a>DFW_Index</STRONG> (Thumb, 176 bytes, Stack size 16 bytes, dataflash.o(.text.DFW_Index))
<BR><BR>[Stack]<UL><LI>Max Depth = 20<LI>Call Chain = DFW_Index &rArr; delay_ms
</UL>
<BR>[Calls]<UL><LI><a href="#[59]">&gt;&gt;</a>&nbsp;&nbsp;&nbsp;delay_ms
</UL>
<BR>[Called By]<UL><LI><a href="#[bf]">&gt;&gt;</a>&nbsp;&nbsp;&nbsp;DF_Write
</UL>

<P><STRONG><a name="[b9]"></a>DF_Erase_Para</STRONG> (Thumb, 56 bytes, Stack size 8 bytes, dataflash.o(.text.DF_Erase_Para))
<BR><BR>[Stack]<UL><LI>Max Depth = 56<LI>Call Chain = DF_Erase_Para &rArr; Block_Erase &rArr; Flash_Erase &rArr; flash_page_erase &rArr; flash_operation_wait
</UL>
<BR>[Calls]<UL><LI><a href="#[68]">&gt;&gt;</a>&nbsp;&nbsp;&nbsp;Block_Erase
</UL>
<BR>[Called By]<UL><LI><a href="#[158]">&gt;&gt;</a>&nbsp;&nbsp;&nbsp;SmbusMACWriteInstruction
</UL>

<P><STRONG><a name="[ba]"></a>DF_IndexW</STRONG> (Thumb, 68 bytes, Stack size 8 bytes, dataflash.o(.text.DF_IndexW))
<BR><BR>[Stack]<UL><LI>Max Depth = 32<LI>Call Chain = DF_IndexW &rArr; flash_word_program &rArr; flash_operation_wait
</UL>
<BR>[Calls]<UL><LI><a href="#[bb]">&gt;&gt;</a>&nbsp;&nbsp;&nbsp;flash_word_program
<LI><a href="#[69]">&gt;&gt;</a>&nbsp;&nbsp;&nbsp;flash_unlock
<LI><a href="#[6b]">&gt;&gt;</a>&nbsp;&nbsp;&nbsp;flash_lock
<LI><a href="#[59]">&gt;&gt;</a>&nbsp;&nbsp;&nbsp;delay_ms
</UL>
<BR>[Called By]<UL><LI><a href="#[11d]">&gt;&gt;</a>&nbsp;&nbsp;&nbsp;LifeTimeData_WriteDF
<LI><a href="#[bf]">&gt;&gt;</a>&nbsp;&nbsp;&nbsp;DF_Write
</UL>

<P><STRONG><a name="[bc]"></a>DF_Read</STRONG> (Thumb, 60 bytes, Stack size 8 bytes, dataflash.o(.text.DF_Read))
<BR><BR>[Stack]<UL><LI>Max Depth = 28<LI>Call Chain = DF_Read &rArr; DFR_Index
</UL>
<BR>[Calls]<UL><LI><a href="#[69]">&gt;&gt;</a>&nbsp;&nbsp;&nbsp;flash_unlock
<LI><a href="#[6b]">&gt;&gt;</a>&nbsp;&nbsp;&nbsp;flash_lock
<LI><a href="#[bd]">&gt;&gt;</a>&nbsp;&nbsp;&nbsp;DFR_Index
<LI><a href="#[32]">&gt;&gt;</a>&nbsp;&nbsp;&nbsp;__aeabi_memclr
<LI><a href="#[be]">&gt;&gt;</a>&nbsp;&nbsp;&nbsp;__aeabi_memcpy
</UL>
<BR>[Called By]<UL><LI><a href="#[e3]">&gt;&gt;</a>&nbsp;&nbsp;&nbsp;FlashDataHandle
</UL>

<P><STRONG><a name="[bf]"></a>DF_Write</STRONG> (Thumb, 256 bytes, Stack size 24 bytes, dataflash.o(.text.DF_Write))
<BR><BR>[Stack]<UL><LI>Max Depth = 72<LI>Call Chain = DF_Write &rArr; Block_Erase &rArr; Flash_Erase &rArr; flash_page_erase &rArr; flash_operation_wait
</UL>
<BR>[Calls]<UL><LI><a href="#[bb]">&gt;&gt;</a>&nbsp;&nbsp;&nbsp;flash_word_program
<LI><a href="#[69]">&gt;&gt;</a>&nbsp;&nbsp;&nbsp;flash_unlock
<LI><a href="#[6b]">&gt;&gt;</a>&nbsp;&nbsp;&nbsp;flash_lock
<LI><a href="#[59]">&gt;&gt;</a>&nbsp;&nbsp;&nbsp;delay_ms
<LI><a href="#[ba]">&gt;&gt;</a>&nbsp;&nbsp;&nbsp;DF_IndexW
<LI><a href="#[b8]">&gt;&gt;</a>&nbsp;&nbsp;&nbsp;DFW_Index
<LI><a href="#[68]">&gt;&gt;</a>&nbsp;&nbsp;&nbsp;Block_Erase
</UL>
<BR>[Called By]<UL><LI><a href="#[158]">&gt;&gt;</a>&nbsp;&nbsp;&nbsp;SmbusMACWriteInstruction
<LI><a href="#[e3]">&gt;&gt;</a>&nbsp;&nbsp;&nbsp;FlashDataHandle
<LI><a href="#[130]">&gt;&gt;</a>&nbsp;&nbsp;&nbsp;shutdown_enter
<LI><a href="#[15e]">&gt;&gt;</a>&nbsp;&nbsp;&nbsp;Soft_Reset
</UL>

<P><STRONG><a name="[b6]"></a>DataFlash_Write</STRONG> (Thumb, 180 bytes, Stack size 32 bytes, dataflash.o(.text.DataFlash_Write))
<BR><BR>[Stack]<UL><LI>Max Depth = 72<LI>Call Chain = DataFlash_Write &rArr; Flash_Erase &rArr; flash_page_erase &rArr; flash_operation_wait
</UL>
<BR>[Calls]<UL><LI><a href="#[bb]">&gt;&gt;</a>&nbsp;&nbsp;&nbsp;flash_word_program
<LI><a href="#[69]">&gt;&gt;</a>&nbsp;&nbsp;&nbsp;flash_unlock
<LI><a href="#[6b]">&gt;&gt;</a>&nbsp;&nbsp;&nbsp;flash_lock
<LI><a href="#[6a]">&gt;&gt;</a>&nbsp;&nbsp;&nbsp;Flash_Erase
</UL>
<BR>[Called By]<UL><LI><a href="#[fd]">&gt;&gt;</a>&nbsp;&nbsp;&nbsp;write_processmsg
<LI><a href="#[15d]">&gt;&gt;</a>&nbsp;&nbsp;&nbsp;update_si_ocv
<LI><a href="#[b7]">&gt;&gt;</a>&nbsp;&nbsp;&nbsp;calc_DFSignature
<LI><a href="#[b5]">&gt;&gt;</a>&nbsp;&nbsp;&nbsp;DFUdata_Chk
<LI><a href="#[e0]">&gt;&gt;</a>&nbsp;&nbsp;&nbsp;Write_UpFlash
<LI><a href="#[163]">&gt;&gt;</a>&nbsp;&nbsp;&nbsp;SubWriteCtrlCmd
</UL>

<P><STRONG><a name="[c0]"></a>DeepSleep_Enter</STRONG> (Thumb, 52 bytes, Stack size 8 bytes, power_modes.o(.text.DeepSleep_Enter))
<BR><BR>[Stack]<UL><LI>Max Depth = 16<LI>Call Chain = DeepSleep_Enter &rArr; pmu_deep_sleep_mode_enter
</UL>
<BR>[Calls]<UL><LI><a href="#[c1]">&gt;&gt;</a>&nbsp;&nbsp;&nbsp;exti_interrupt_enable
<LI><a href="#[c2]">&gt;&gt;</a>&nbsp;&nbsp;&nbsp;pmu_deep_sleep_mode_enter
</UL>
<BR>[Called By]<UL><LI><a href="#[141]">&gt;&gt;</a>&nbsp;&nbsp;&nbsp;Power_Modes_Fun
</UL>

<P><STRONG><a name="[b]"></a>EXTI0_1_IRQHandler</STRONG> (Thumb, 20 bytes, Stack size 8 bytes, cbm8580m_int.o(.text.EXTI0_1_IRQHandler))
<BR><BR>[Stack]<UL><LI>Max Depth = 8<LI>Call Chain = EXTI0_1_IRQHandler
</UL>
<BR>[Calls]<UL><LI><a href="#[c3]">&gt;&gt;</a>&nbsp;&nbsp;&nbsp;exti_flag_status_get
<LI><a href="#[c4]">&gt;&gt;</a>&nbsp;&nbsp;&nbsp;exti_flag_clear
</UL>
<BR>[Address Reference Count : 1]<UL><LI> startup_cbm858xm.o(RESET)
</UL>
<P><STRONG><a name="[d]"></a>EXTI4_15_IRQHandler</STRONG> (Thumb, 124 bytes, Stack size 16 bytes, cbm8580m_int.o(.text.EXTI4_15_IRQHandler))
<BR><BR>[Stack]<UL><LI>Max Depth = 16<LI>Call Chain = EXTI4_15_IRQHandler
</UL>
<BR>[Calls]<UL><LI><a href="#[c5]">&gt;&gt;</a>&nbsp;&nbsp;&nbsp;exti_interrupt_disable
<LI><a href="#[c3]">&gt;&gt;</a>&nbsp;&nbsp;&nbsp;exti_flag_status_get
<LI><a href="#[c4]">&gt;&gt;</a>&nbsp;&nbsp;&nbsp;exti_flag_clear
</UL>
<BR>[Address Reference Count : 1]<UL><LI> startup_cbm858xm.o(RESET)
</UL>
<P><STRONG><a name="[c6]"></a>EXTI_Proc</STRONG> (Thumb, 452 bytes, Stack size 32 bytes, cbm8580m_int.o(.text.EXTI_Proc))
<BR><BR>[Stack]<UL><LI>Max Depth = 152<LI>Call Chain = EXTI_Proc &rArr; afe_wkcp_comparator_enable_ctrl &rArr; afe_gcr_reg_unlock &rArr; afe_write_data &rArr; spi_transimit_data
</UL>
<BR>[Calls]<UL><LI><a href="#[ca]">&gt;&gt;</a>&nbsp;&nbsp;&nbsp;life_Time_Protect_Event
<LI><a href="#[c9]">&gt;&gt;</a>&nbsp;&nbsp;&nbsp;afe_wkcp_comparator_enable_ctrl
<LI><a href="#[cb]">&gt;&gt;</a>&nbsp;&nbsp;&nbsp;Hdp_ClearStatus
<LI><a href="#[c7]">&gt;&gt;</a>&nbsp;&nbsp;&nbsp;afe_int_periph_int_flag_get
<LI><a href="#[c8]">&gt;&gt;</a>&nbsp;&nbsp;&nbsp;afe_int_periph_int_flag_clear
<LI><a href="#[5d]">&gt;&gt;</a>&nbsp;&nbsp;&nbsp;afe_int_periph_int_enable_ctrl
</UL>
<BR>[Called By]<UL><LI><a href="#[e1]">&gt;&gt;</a>&nbsp;&nbsp;&nbsp;FirstCVT_Converter
<LI><a href="#[20]">&gt;&gt;</a>&nbsp;&nbsp;&nbsp;main
</UL>

<P><STRONG><a name="[cc]"></a>Enable_CVT</STRONG> (Thumb, 22 bytes, Stack size 8 bytes, afe_cvt.o(.text.Enable_CVT))
<BR><BR>[Stack]<UL><LI>Max Depth = 136<LI>Call Chain = Enable_CVT &rArr; start_cc_convert &rArr; afe_cc_flag_status_get &rArr; afe_read_data &rArr; spi_transimit_data
</UL>
<BR>[Calls]<UL><LI><a href="#[cd]">&gt;&gt;</a>&nbsp;&nbsp;&nbsp;start_cc_convert
<LI><a href="#[ce]">&gt;&gt;</a>&nbsp;&nbsp;&nbsp;afe_vadc_enable_ctrl
<LI><a href="#[ae]">&gt;&gt;</a>&nbsp;&nbsp;&nbsp;afe_dtdrv_vc_enable_ctrl
</UL>
<BR>[Called By]<UL><LI><a href="#[e1]">&gt;&gt;</a>&nbsp;&nbsp;&nbsp;FirstCVT_Converter
<LI><a href="#[142]">&gt;&gt;</a>&nbsp;&nbsp;&nbsp;SleepMode_Check
</UL>

<P><STRONG><a name="[cf]"></a>EntryExitShip_TimeOutChk</STRONG> (Thumb, 180 bytes, Stack size 8 bytes, power_modes.o(.text.EntryExitShip_TimeOutChk))
<BR><BR>[Stack]<UL><LI>Max Depth = 24<LI>Call Chain = EntryExitShip_TimeOutChk &rArr; __aeabi_uidiv
</UL>
<BR>[Calls]<UL><LI><a href="#[51]">&gt;&gt;</a>&nbsp;&nbsp;&nbsp;__aeabi_uidiv
</UL>
<BR>[Called By]<UL><LI><a href="#[14]">&gt;&gt;</a>&nbsp;&nbsp;&nbsp;LPTIM_IRQHandler
</UL>

<P><STRONG><a name="[d0]"></a>FET_Contrl</STRONG> (Thumb, 540 bytes, Stack size 16 bytes, mode.o(.text.FET_Contrl))
<BR><BR>[Stack]<UL><LI>Max Depth = 152<LI>Call Chain = FET_Contrl &rArr; Set_FET &rArr; afe_cddrv_discharge_enable_ctrl &rArr; afe_gcr_reg_unlock &rArr; afe_write_data &rArr; spi_transimit_data
</UL>
<BR>[Calls]<UL><LI><a href="#[d1]">&gt;&gt;</a>&nbsp;&nbsp;&nbsp;Set_FET
</UL>
<BR>[Called By]<UL><LI><a href="#[20]">&gt;&gt;</a>&nbsp;&nbsp;&nbsp;main
</UL>

<P><STRONG><a name="[57]"></a>FFC_Charge</STRONG> (Thumb, 404 bytes, Stack size 16 bytes, advancedchargealgorithm.o(.text.FFC_Charge))
<BR><BR>[Stack]<UL><LI>Max Depth = 36<LI>Call Chain = FFC_Charge &rArr; __aeabi_ui2f &rArr; _float_epilogue
</UL>
<BR>[Calls]<UL><LI><a href="#[30]">&gt;&gt;</a>&nbsp;&nbsp;&nbsp;__aeabi_ui2f
<LI><a href="#[7c]">&gt;&gt;</a>&nbsp;&nbsp;&nbsp;__aeabi_fcmplt
<LI><a href="#[7d]">&gt;&gt;</a>&nbsp;&nbsp;&nbsp;__aeabi_fcmpgt
<LI><a href="#[7e]">&gt;&gt;</a>&nbsp;&nbsp;&nbsp;__aeabi_fcmpge
</UL>
<BR>[Called By]<UL><LI><a href="#[52]">&gt;&gt;</a>&nbsp;&nbsp;&nbsp;AdvanceChargeAlgorithm_Fun
</UL>

<P><STRONG><a name="[d2]"></a>FUSE_Contrl</STRONG> (Thumb, 184 bytes, Stack size 16 bytes, mode.o(.text.FUSE_Contrl))
<BR><BR>[Stack]<UL><LI>Max Depth = 144<LI>Call Chain = FUSE_Contrl &rArr; FUSE_OUT &rArr; afe_dtdrv_fusing_enable_ctrl &rArr; afe_gcr_reg_unlock &rArr; afe_write_data &rArr; spi_transimit_data
</UL>
<BR>[Calls]<UL><LI><a href="#[d3]">&gt;&gt;</a>&nbsp;&nbsp;&nbsp;FUSE_OUT
<LI><a href="#[d4]">&gt;&gt;</a>&nbsp;&nbsp;&nbsp;getSoftTimerStatus
<LI><a href="#[d5]">&gt;&gt;</a>&nbsp;&nbsp;&nbsp;StartSoftTimer
</UL>
<BR>[Called By]<UL><LI><a href="#[20]">&gt;&gt;</a>&nbsp;&nbsp;&nbsp;main
</UL>

<P><STRONG><a name="[63]"></a>FUSE_Init</STRONG> (Thumb, 34 bytes, Stack size 8 bytes, hdp.o(.text.FUSE_Init))
<BR><BR>[Stack]<UL><LI>Max Depth = 128<LI>Call Chain = FUSE_Init &rArr; afe_dtdrv_fusing_enable_ctrl &rArr; afe_gcr_reg_unlock &rArr; afe_write_data &rArr; spi_transimit_data
</UL>
<BR>[Calls]<UL><LI><a href="#[5d]">&gt;&gt;</a>&nbsp;&nbsp;&nbsp;afe_int_periph_int_enable_ctrl
<LI><a href="#[d6]">&gt;&gt;</a>&nbsp;&nbsp;&nbsp;afe_fuse_remove_jitter_delay_config
<LI><a href="#[d8]">&gt;&gt;</a>&nbsp;&nbsp;&nbsp;afe_dtdrv_fusing_enable_ctrl
<LI><a href="#[d7]">&gt;&gt;</a>&nbsp;&nbsp;&nbsp;afe_remove_jitter_enable_ctrl
</UL>
<BR>[Called By]<UL><LI><a href="#[58]">&gt;&gt;</a>&nbsp;&nbsp;&nbsp;Afe_Init
</UL>

<P><STRONG><a name="[d3]"></a>FUSE_OUT</STRONG> (Thumb, 8 bytes, Stack size 8 bytes, hdp.o(.text.FUSE_OUT))
<BR><BR>[Stack]<UL><LI>Max Depth = 128<LI>Call Chain = FUSE_OUT &rArr; afe_dtdrv_fusing_enable_ctrl &rArr; afe_gcr_reg_unlock &rArr; afe_write_data &rArr; spi_transimit_data
</UL>
<BR>[Calls]<UL><LI><a href="#[d8]">&gt;&gt;</a>&nbsp;&nbsp;&nbsp;afe_dtdrv_fusing_enable_ctrl
</UL>
<BR>[Called By]<UL><LI><a href="#[d2]">&gt;&gt;</a>&nbsp;&nbsp;&nbsp;FUSE_Contrl
<LI><a href="#[23]">&gt;&gt;</a>&nbsp;&nbsp;&nbsp;fuse_low
</UL>

<P><STRONG><a name="[d9]"></a>FUSE_Read</STRONG> (Thumb, 24 bytes, Stack size 16 bytes, hdp.o(.text.FUSE_Read))
<BR><BR>[Stack]<UL><LI>Max Depth = 128<LI>Call Chain = FUSE_Read &rArr; afe_indicator_flag_get &rArr; afe_read_data &rArr; spi_transimit_data
</UL>
<BR>[Calls]<UL><LI><a href="#[da]">&gt;&gt;</a>&nbsp;&nbsp;&nbsp;afe_indicator_flag_get
</UL>
<BR>[Called By]<UL><LI><a href="#[98]">&gt;&gt;</a>&nbsp;&nbsp;&nbsp;PF_2LVL
</UL>

<P><STRONG><a name="[db]"></a>FWDG_LPT_modeCheck</STRONG> (Thumb, 52 bytes, Stack size 8 bytes, hdp.o(.text.FWDG_LPT_modeCheck))
<BR><BR>[Stack]<UL><LI>Max Depth = 16<LI>Call Chain = FWDG_LPT_modeCheck &rArr; MCU_FWDG_4S
</UL>
<BR>[Calls]<UL><LI><a href="#[dc]">&gt;&gt;</a>&nbsp;&nbsp;&nbsp;MCU_FWDG_4S
<LI><a href="#[dd]">&gt;&gt;</a>&nbsp;&nbsp;&nbsp;MCU_FWDG_20S
</UL>
<BR>[Called By]<UL><LI><a href="#[20]">&gt;&gt;</a>&nbsp;&nbsp;&nbsp;main
</UL>

<P><STRONG><a name="[de]"></a>FWDT_init</STRONG> (Thumb, 68 bytes, Stack size 8 bytes, mcu.o(.text.FWDT_init))
<BR><BR>[Stack]<UL><LI>Max Depth = 88<LI>Call Chain = FWDT_init &rArr; Write_UpFlash &rArr; DataFlash_Write &rArr; Flash_Erase &rArr; flash_page_erase &rArr; flash_operation_wait
</UL>
<BR>[Calls]<UL><LI><a href="#[df]">&gt;&gt;</a>&nbsp;&nbsp;&nbsp;MCU_FWDG_init
<LI><a href="#[e0]">&gt;&gt;</a>&nbsp;&nbsp;&nbsp;Write_UpFlash
</UL>
<BR>[Called By]<UL><LI><a href="#[131]">&gt;&gt;</a>&nbsp;&nbsp;&nbsp;McuDrvInit
</UL>

<P><STRONG><a name="[e1]"></a>FirstCVT_Converter</STRONG> (Thumb, 64 bytes, Stack size 8 bytes, afe_cvt.o(.text.FirstCVT_Converter))
<BR><BR>[Stack]<UL><LI>Max Depth = 336<LI>Call Chain = FirstCVT_Converter &rArr; Get_CVT &rArr; get_adc_original_value &rArr; get_vadc_temprature_inner &rArr; __aeabi_dmul &rArr; _double_epilogue &rArr; __aeabi_llsr
</UL>
<BR>[Calls]<UL><LI><a href="#[e2]">&gt;&gt;</a>&nbsp;&nbsp;&nbsp;Get_CVT
<LI><a href="#[cc]">&gt;&gt;</a>&nbsp;&nbsp;&nbsp;Enable_CVT
<LI><a href="#[c6]">&gt;&gt;</a>&nbsp;&nbsp;&nbsp;EXTI_Proc
</UL>
<BR>[Called By]<UL><LI><a href="#[190]">&gt;&gt;</a>&nbsp;&nbsp;&nbsp;bi2cs_dataCmd_init
</UL>

<P><STRONG><a name="[e3]"></a>FlashDataHandle</STRONG> (Thumb, 72 bytes, Stack size 8 bytes, mcu.o(.text.FlashDataHandle))
<BR><BR>[Stack]<UL><LI>Max Depth = 80<LI>Call Chain = FlashDataHandle &rArr; DF_Write &rArr; Block_Erase &rArr; Flash_Erase &rArr; flash_page_erase &rArr; flash_operation_wait
</UL>
<BR>[Calls]<UL><LI><a href="#[e4]">&gt;&gt;</a>&nbsp;&nbsp;&nbsp;LifeTimeData_ReadDF
<LI><a href="#[bf]">&gt;&gt;</a>&nbsp;&nbsp;&nbsp;DF_Write
<LI><a href="#[bc]">&gt;&gt;</a>&nbsp;&nbsp;&nbsp;DF_Read
</UL>
<BR>[Called By]<UL><LI><a href="#[20]">&gt;&gt;</a>&nbsp;&nbsp;&nbsp;main
</UL>

<P><STRONG><a name="[6a]"></a>Flash_Erase</STRONG> (Thumb, 76 bytes, Stack size 8 bytes, dataflash.o(.text.Flash_Erase))
<BR><BR>[Stack]<UL><LI>Max Depth = 40<LI>Call Chain = Flash_Erase &rArr; flash_page_erase &rArr; flash_operation_wait
</UL>
<BR>[Calls]<UL><LI><a href="#[69]">&gt;&gt;</a>&nbsp;&nbsp;&nbsp;flash_unlock
<LI><a href="#[e5]">&gt;&gt;</a>&nbsp;&nbsp;&nbsp;flash_page_erase
</UL>
[...]
<BR><BR>[Called By]<UL><LI><a href="#[29]">&gt;&gt;</a>&nbsp;&nbsp;&nbsp;fputc
</UL>

<P><STRONG><a name="[6c]"></a>vadc_channel_cycle_init</STRONG> (Thumb, 308 bytes, Stack size 40 bytes, afe_cvt.o(.text.vadc_channel_cycle_init))
<BR><BR>[Stack]<UL><LI>Max Depth = 152<LI>Call Chain = vadc_channel_cycle_init &rArr; afe_vadc_init &rArr; afe_write_data &rArr; spi_transimit_data
</UL>
<BR>[Calls]<UL><LI><a href="#[18e]">&gt;&gt;</a>&nbsp;&nbsp;&nbsp;afe_vadc_init
<LI><a href="#[ce]">&gt;&gt;</a>&nbsp;&nbsp;&nbsp;afe_vadc_enable_ctrl
<LI><a href="#[18d]">&gt;&gt;</a>&nbsp;&nbsp;&nbsp;afe_vadc_down_sampling_rate_set
<LI><a href="#[18b]">&gt;&gt;</a>&nbsp;&nbsp;&nbsp;afe_vadc_channel_gain_config
<LI><a href="#[18a]">&gt;&gt;</a>&nbsp;&nbsp;&nbsp;afe_vadc_channel_enable_ctrl
<LI><a href="#[189]">&gt;&gt;</a>&nbsp;&nbsp;&nbsp;afe_vadc_channel9_mode_config
<LI><a href="#[188]">&gt;&gt;</a>&nbsp;&nbsp;&nbsp;afe_vadc_channel8_mode_config
<LI><a href="#[187]">&gt;&gt;</a>&nbsp;&nbsp;&nbsp;afe_vadc_channel7_mode_config
<LI><a href="#[186]">&gt;&gt;</a>&nbsp;&nbsp;&nbsp;afe_vadc_channel6_mode_config
<LI><a href="#[185]">&gt;&gt;</a>&nbsp;&nbsp;&nbsp;afe_vadc_channel5_mode_config
<LI><a href="#[184]">&gt;&gt;</a>&nbsp;&nbsp;&nbsp;afe_vadc_channel4_mode_config
<LI><a href="#[183]">&gt;&gt;</a>&nbsp;&nbsp;&nbsp;afe_vadc_channel3_mode_config
<LI><a href="#[182]">&gt;&gt;</a>&nbsp;&nbsp;&nbsp;afe_vadc_channel2_mode_config
<LI><a href="#[181]">&gt;&gt;</a>&nbsp;&nbsp;&nbsp;afe_vadc_channel1_mode_config
<LI><a href="#[180]">&gt;&gt;</a>&nbsp;&nbsp;&nbsp;afe_vadc_channel10_mode_config
<LI><a href="#[17f]">&gt;&gt;</a>&nbsp;&nbsp;&nbsp;afe_vadc_channel0_mode_config
<LI><a href="#[c7]">&gt;&gt;</a>&nbsp;&nbsp;&nbsp;afe_int_periph_int_flag_get
<LI><a href="#[c8]">&gt;&gt;</a>&nbsp;&nbsp;&nbsp;afe_int_periph_int_flag_clear
<LI><a href="#[5d]">&gt;&gt;</a>&nbsp;&nbsp;&nbsp;afe_int_periph_int_enable_ctrl
</UL>
<BR>[Called By]<UL><LI><a href="#[5b]">&gt;&gt;</a>&nbsp;&nbsp;&nbsp;CVT_Init
</UL>

<P><STRONG><a name="[fd]"></a>write_processmsg</STRONG> (Thumb, 2108 bytes, Stack size 80 bytes, smbus_protocol.o(.text.write_processmsg))
<BR><BR>[Stack]<UL><LI>Max Depth = 536<LI>Call Chain = write_processmsg &rArr; handle_hmac &rArr; sha256_hmac_calc &rArr; hmac_init &rArr; hash_update &rArr; hash_calc_blocks &rArr; hash_input_msg &rArr; memcpy_
</UL>
<BR>[Calls]<UL><LI><a href="#[1b0]">&gt;&gt;</a>&nbsp;&nbsp;&nbsp;handle_hmac
<LI><a href="#[19e]">&gt;&gt;</a>&nbsp;&nbsp;&nbsp;filled_connected_cmd
<LI><a href="#[fb]">&gt;&gt;</a>&nbsp;&nbsp;&nbsp;CRC8_Calc
<LI><a href="#[193]">&gt;&gt;</a>&nbsp;&nbsp;&nbsp;efuse_key_write
<LI><a href="#[b6]">&gt;&gt;</a>&nbsp;&nbsp;&nbsp;DataFlash_Write
<LI><a href="#[1fc]">&gt;&gt;</a>&nbsp;&nbsp;&nbsp;InstructShip_invalid
<LI><a href="#[1ee]">&gt;&gt;</a>&nbsp;&nbsp;&nbsp;sha1_authenticate
<LI><a href="#[1fd]">&gt;&gt;</a>&nbsp;&nbsp;&nbsp;SubWriteData
<LI><a href="#[163]">&gt;&gt;</a>&nbsp;&nbsp;&nbsp;SubWriteCtrlCmd
<LI><a href="#[162]">&gt;&gt;</a>&nbsp;&nbsp;&nbsp;SubCmdReadData
<LI><a href="#[14f]">&gt;&gt;</a>&nbsp;&nbsp;&nbsp;ReadFlashData
<LI><a href="#[33]">&gt;&gt;</a>&nbsp;&nbsp;&nbsp;__aeabi_memset
<LI><a href="#[be]">&gt;&gt;</a>&nbsp;&nbsp;&nbsp;__aeabi_memcpy
</UL>
<BR>[Called By]<UL><LI><a href="#[1a]">&gt;&gt;</a>&nbsp;&nbsp;&nbsp;I2C1_IRQHandler
</UL>

<P><STRONG><a name="[1fe]"></a>__0printf$8</STRONG> (Thumb, 24 bytes, Stack size 24 bytes, printf8.o(i.__0printf$8), UNUSED)
<BR><BR>[Calls]<UL><LI><a href="#[1ff]">&gt;&gt;</a>&nbsp;&nbsp;&nbsp;_printf_core
</UL>

<P><STRONG><a name="[213]"></a>__1printf$8</STRONG> (Thumb, 0 bytes, Stack size 24 bytes, printf8.o(i.__0printf$8), UNUSED)

<P><STRONG><a name="[12d]"></a>__2printf</STRONG> (Thumb, 0 bytes, Stack size 24 bytes, printf8.o(i.__0printf$8))
<BR><BR>[Stack]<UL><LI>Max Depth = 24<LI>Call Chain = __2printf
</UL>
<BR>[Called By]<UL><LI><a href="#[df]">&gt;&gt;</a>&nbsp;&nbsp;&nbsp;MCU_FWDG_init
</UL>

<P><STRONG><a name="[4c]"></a>__ARM_clz</STRONG> (Thumb, 46 bytes, Stack size 0 bytes, depilogue.o(i.__ARM_clz))
<BR><BR>[Called By]<UL><LI><a href="#[3d]">&gt;&gt;</a>&nbsp;&nbsp;&nbsp;_double_epilogue
</UL>

<P><STRONG><a name="[214]"></a>__scatterload_copy</STRONG> (Thumb, 14 bytes, Stack size unknown bytes, handlers.o(i.__scatterload_copy), UNUSED)

<P><STRONG><a name="[215]"></a>__scatterload_null</STRONG> (Thumb, 2 bytes, Stack size unknown bytes, handlers.o(i.__scatterload_null), UNUSED)

<P><STRONG><a name="[216]"></a>__scatterload_zeroinit</STRONG> (Thumb, 14 bytes, Stack size unknown bytes, handlers.o(i.__scatterload_zeroinit), UNUSED)
<P>
<H3>
Local Symbols
</H3>
<P><STRONG><a name="[64]"></a>Basic_LifeTime</STRONG> (Thumb, 564 bytes, Stack size 32 bytes, lifetime.o(.text.Basic_LifeTime))
<BR><BR>[Stack]<UL><LI>Max Depth = 56<LI>Call Chain = Basic_LifeTime &rArr; LTMin_I
</UL>
<BR>[Calls]<UL><LI><a href="#[67]">&gt;&gt;</a>&nbsp;&nbsp;&nbsp;__aeabi_f2iz
<LI><a href="#[66]">&gt;&gt;</a>&nbsp;&nbsp;&nbsp;LTMin_I
<LI><a href="#[65]">&gt;&gt;</a>&nbsp;&nbsp;&nbsp;LTMax_I
<LI><a href="#[4f]">&gt;&gt;</a>&nbsp;&nbsp;&nbsp;__aeabi_idiv
</UL>
<BR>[Called By]<UL><LI><a href="#[10f]">&gt;&gt;</a>&nbsp;&nbsp;&nbsp;LifeTime
</UL>

<P><STRONG><a name="[65]"></a>LTMax_I</STRONG> (Thumb, 92 bytes, Stack size 24 bytes, lifetime.o(.text.LTMax_I))
<BR><BR>[Stack]<UL><LI>Max Depth = 24<LI>Call Chain = LTMax_I
</UL>
<BR>[Called By]<UL><LI><a href="#[64]">&gt;&gt;</a>&nbsp;&nbsp;&nbsp;Basic_LifeTime
</UL>

<P><STRONG><a name="[66]"></a>LTMin_I</STRONG> (Thumb, 92 bytes, Stack size 24 bytes, lifetime.o(.text.LTMin_I))
<BR><BR>[Stack]<UL><LI>Max Depth = 24<LI>Call Chain = LTMin_I
</UL>
<BR>[Called By]<UL><LI><a href="#[64]">&gt;&gt;</a>&nbsp;&nbsp;&nbsp;Basic_LifeTime
</UL>

<P><STRONG><a name="[11a]"></a>LT_Status</STRONG> (Thumb, 444 bytes, Stack size 16 bytes, lifetime.o(.text.LT_Status))
<BR><BR>[Stack]<UL><LI>Max Depth = 16<LI>Call Chain = LT_Status
</UL>
<BR>[Called By]<UL><LI><a href="#[10f]">&gt;&gt;</a>&nbsp;&nbsp;&nbsp;LifeTime
</UL>

<P><STRONG><a name="[11e]"></a>LifeTime_PF_A_Check</STRONG> (Thumb, 68 bytes, Stack size 8 bytes, lifetime.o(.text.LifeTime_PF_A_Check))
<BR><BR>[Stack]<UL><LI>Max Depth = 24<LI>Call Chain = LifeTime_PF_A_Check &rArr; __aeabi_uidivmod
</UL>
<BR>[Calls]<UL><LI><a href="#[4a]">&gt;&gt;</a>&nbsp;&nbsp;&nbsp;__aeabi_uidivmod
</UL>
<BR>[Called By]<UL><LI><a href="#[116]">&gt;&gt;</a>&nbsp;&nbsp;&nbsp;Lifetime_PF_A_status
</UL>

<P><STRONG><a name="[11f]"></a>LifeTime_PF_B_Check</STRONG> (Thumb, 68 bytes, Stack size 8 bytes, lifetime.o(.text.LifeTime_PF_B_Check))
<BR><BR>[Stack]<UL><LI>Max Depth = 24<LI>Call Chain = LifeTime_PF_B_Check &rArr; __aeabi_uidivmod
</UL>
<BR>[Calls]<UL><LI><a href="#[4a]">&gt;&gt;</a>&nbsp;&nbsp;&nbsp;__aeabi_uidivmod
</UL>
<BR>[Called By]<UL><LI><a href="#[117]">&gt;&gt;</a>&nbsp;&nbsp;&nbsp;Lifetime_PF_B_status
</UL>

<P><STRONG><a name="[120]"></a>LifeTime_PF_C_Check</STRONG> (Thumb, 68 bytes, Stack size 8 bytes, lifetime.o(.text.LifeTime_PF_C_Check))
<BR><BR>[Stack]<UL><LI>Max Depth = 24<LI>Call Chain = LifeTime_PF_C_Check &rArr; __aeabi_uidivmod
</UL>
<BR>[Calls]<UL><LI><a href="#[4a]">&gt;&gt;</a>&nbsp;&nbsp;&nbsp;__aeabi_uidivmod
</UL>
<BR>[Called By]<UL><LI><a href="#[118]">&gt;&gt;</a>&nbsp;&nbsp;&nbsp;Lifetime_PF_C_status
</UL>

<P><STRONG><a name="[121]"></a>LifeTime_PF_D_Check</STRONG> (Thumb, 72 bytes, Stack size 8 bytes, lifetime.o(.text.LifeTime_PF_D_Check))
<BR><BR>[Stack]<UL><LI>Max Depth = 24<LI>Call Chain = LifeTime_PF_D_Check &rArr; __aeabi_uidivmod
</UL>
<BR>[Calls]<UL><LI><a href="#[4a]">&gt;&gt;</a>&nbsp;&nbsp;&nbsp;__aeabi_uidivmod
</UL>
<BR>[Called By]<UL><LI><a href="#[119]">&gt;&gt;</a>&nbsp;&nbsp;&nbsp;Lifetime_PF_D_status
</UL>

<P><STRONG><a name="[122]"></a>LifeTime_Static_A_Check</STRONG> (Thumb, 144 bytes, Stack size 16 bytes, lifetime.o(.text.LifeTime_Static_A_Check))
<BR><BR>[Stack]<UL><LI>Max Depth = 32<LI>Call Chain = LifeTime_Static_A_Check &rArr; __aeabi_uidivmod
</UL>
<BR>[Calls]<UL><LI><a href="#[4a]">&gt;&gt;</a>&nbsp;&nbsp;&nbsp;__aeabi_uidivmod
<LI><a href="#[51]">&gt;&gt;</a>&nbsp;&nbsp;&nbsp;__aeabi_uidiv
</UL>
<BR>[Called By]<UL><LI><a href="#[112]">&gt;&gt;</a>&nbsp;&nbsp;&nbsp;Lifetime_Static_A_status
</UL>

<P><STRONG><a name="[123]"></a>LifeTime_Static_B_Check</STRONG> (Thumb, 140 bytes, Stack size 16 bytes, lifetime.o(.text.LifeTime_Static_B_Check))
<BR><BR>[Stack]<UL><LI>Max Depth = 32<LI>Call Chain = LifeTime_Static_B_Check &rArr; __aeabi_uidivmod
</UL>
<BR>[Calls]<UL><LI><a href="#[4a]">&gt;&gt;</a>&nbsp;&nbsp;&nbsp;__aeabi_uidivmod
<LI><a href="#[51]">&gt;&gt;</a>&nbsp;&nbsp;&nbsp;__aeabi_uidiv
</UL>
<BR>[Called By]<UL><LI><a href="#[113]">&gt;&gt;</a>&nbsp;&nbsp;&nbsp;Lifetime_Static_B_status
</UL>

<P><STRONG><a name="[124]"></a>LifeTime_Static_C_Check</STRONG> (Thumb, 276 bytes, Stack size 16 bytes, lifetime.o(.text.LifeTime_Static_C_Check))
<BR><BR>[Stack]<UL><LI>Max Depth = 32<LI>Call Chain = LifeTime_Static_C_Check &rArr; __aeabi_uidivmod
</UL>
<BR>[Calls]<UL><LI><a href="#[4a]">&gt;&gt;</a>&nbsp;&nbsp;&nbsp;__aeabi_uidivmod
<LI><a href="#[51]">&gt;&gt;</a>&nbsp;&nbsp;&nbsp;__aeabi_uidiv
</UL>
<BR>[Called By]<UL><LI><a href="#[114]">&gt;&gt;</a>&nbsp;&nbsp;&nbsp;Lifetime_Static_C_status
</UL>

<P><STRONG><a name="[125]"></a>LifeTime_Static_D_Check</STRONG> (Thumb, 144 bytes, Stack size 16 bytes, lifetime.o(.text.LifeTime_Static_D_Check))
<BR><BR>[Stack]<UL><LI>Max Depth = 32<LI>Call Chain = LifeTime_Static_D_Check &rArr; __aeabi_uidivmod
</UL>
<BR>[Calls]<UL><LI><a href="#[4a]">&gt;&gt;</a>&nbsp;&nbsp;&nbsp;__aeabi_uidivmod
<LI><a href="#[51]">&gt;&gt;</a>&nbsp;&nbsp;&nbsp;__aeabi_uidiv
</UL>
<BR>[Called By]<UL><LI><a href="#[115]">&gt;&gt;</a>&nbsp;&nbsp;&nbsp;Lifetime_Static_D_status
</UL>

<P><STRONG><a name="[116]"></a>Lifetime_PF_A_status</STRONG> (Thumb, 232 bytes, Stack size 8 bytes, lifetime.o(.text.Lifetime_PF_A_status))
<BR><BR>[Stack]<UL><LI>Max Depth = 32<LI>Call Chain = Lifetime_PF_A_status &rArr; LifeTime_PF_A_Check &rArr; __aeabi_uidivmod
</UL>
<BR>[Calls]<UL><LI><a href="#[11e]">&gt;&gt;</a>&nbsp;&nbsp;&nbsp;LifeTime_PF_A_Check
</UL>
<BR>[Called By]<UL><LI><a href="#[10f]">&gt;&gt;</a>&nbsp;&nbsp;&nbsp;LifeTime
</UL>

<P><STRONG><a name="[117]"></a>Lifetime_PF_B_status</STRONG> (Thumb, 232 bytes, Stack size 8 bytes, lifetime.o(.text.Lifetime_PF_B_status))
<BR><BR>[Stack]<UL><LI>Max Depth = 32<LI>Call Chain = Lifetime_PF_B_status &rArr; LifeTime_PF_B_Check &rArr; __aeabi_uidivmod
</UL>
<BR>[Calls]<UL><LI><a href="#[11f]">&gt;&gt;</a>&nbsp;&nbsp;&nbsp;LifeTime_PF_B_Check
</UL>
<BR>[Called By]<UL><LI><a href="#[10f]">&gt;&gt;</a>&nbsp;&nbsp;&nbsp;LifeTime
</UL>

<P><STRONG><a name="[118]"></a>Lifetime_PF_C_status</STRONG> (Thumb, 200 bytes, Stack size 8 bytes, lifetime.o(.text.Lifetime_PF_C_status))
<BR><BR>[Stack]<UL><LI>Max Depth = 32<LI>Call Chain = Lifetime_PF_C_status &rArr; LifeTime_PF_C_Check &rArr; __aeabi_uidivmod
</UL>
<BR>[Calls]<UL><LI><a href="#[120]">&gt;&gt;</a>&nbsp;&nbsp;&nbsp;LifeTime_PF_C_Check
</UL>
<BR>[Called By]<UL><LI><a href="#[10f]">&gt;&gt;</a>&nbsp;&nbsp;&nbsp;LifeTime
</UL>

<P><STRONG><a name="[119]"></a>Lifetime_PF_D_status</STRONG> (Thumb, 176 bytes, Stack size 8 bytes, lifetime.o(.text.Lifetime_PF_D_status))
<BR><BR>[Stack]<UL><LI>Max Depth = 32<LI>Call Chain = Lifetime_PF_D_status &rArr; LifeTime_PF_D_Check &rArr; __aeabi_uidivmod
</UL>
<BR>[Calls]<UL><LI><a href="#[121]">&gt;&gt;</a>&nbsp;&nbsp;&nbsp;LifeTime_PF_D_Check
</UL>
<BR>[Called By]<UL><LI><a href="#[10f]">&gt;&gt;</a>&nbsp;&nbsp;&nbsp;LifeTime
</UL>

<P><STRONG><a name="[112]"></a>Lifetime_Static_A_status</STRONG> (Thumb, 232 bytes, Stack size 8 bytes, lifetime.o(.text.Lifetime_Static_A_status))
<BR><BR>[Stack]<UL><LI>Max Depth = 40<LI>Call Chain = Lifetime_Static_A_status &rArr; LifeTime_Static_A_Check &rArr; __aeabi_uidivmod
</UL>
<BR>[Calls]<UL><LI><a href="#[122]">&gt;&gt;</a>&nbsp;&nbsp;&nbsp;LifeTime_Static_A_Check
</UL>
<BR>[Called By]<UL><LI><a href="#[10f]">&gt;&gt;</a>&nbsp;&nbsp;&nbsp;LifeTime
</UL>

<P><STRONG><a name="[113]"></a>Lifetime_Static_B_status</STRONG> (Thumb, 200 bytes, Stack size 8 bytes, lifetime.o(.text.Lifetime_Static_B_status))
<BR><BR>[Stack]<UL><LI>Max Depth = 40<LI>Call Chain = Lifetime_Static_B_status &rArr; LifeTime_Static_B_Check &rArr; __aeabi_uidivmod
</UL>
<BR>[Calls]<UL><LI><a href="#[123]">&gt;&gt;</a>&nbsp;&nbsp;&nbsp;LifeTime_Static_B_Check
</UL>
<BR>[Called By]<UL><LI><a href="#[10f]">&gt;&gt;</a>&nbsp;&nbsp;&nbsp;LifeTime
</UL>

<P><STRONG><a name="[114]"></a>Lifetime_Static_C_status</STRONG> (Thumb, 180 bytes, Stack size 8 bytes, lifetime.o(.text.Lifetime_Static_C_status))
<BR><BR>[Stack]<UL><LI>Max Depth = 40<LI>Call Chain = Lifetime_Static_C_status &rArr; LifeTime_Static_C_Check &rArr; __aeabi_uidivmod
</UL>
<BR>[Calls]<UL><LI><a href="#[124]">&gt;&gt;</a>&nbsp;&nbsp;&nbsp;LifeTime_Static_C_Check
</UL>
<BR>[Called By]<UL><LI><a href="#[10f]">&gt;&gt;</a>&nbsp;&nbsp;&nbsp;LifeTime
</UL>

<P><STRONG><a name="[115]"></a>Lifetime_Static_D_status</STRONG> (Thumb, 176 bytes, Stack size 8 bytes, lifetime.o(.text.Lifetime_Static_D_status))
<BR><BR>[Stack]<UL><LI>Max Depth = 40<LI>Call Chain = Lifetime_Static_D_status &rArr; LifeTime_Static_D_Check &rArr; __aeabi_uidivmod
</UL>
<BR>[Calls]<UL><LI><a href="#[125]">&gt;&gt;</a>&nbsp;&nbsp;&nbsp;LifeTime_Static_D_Check
</UL>
<BR>[Called By]<UL><LI><a href="#[10f]">&gt;&gt;</a>&nbsp;&nbsp;&nbsp;LifeTime
</UL>

<P><STRONG><a name="[132]"></a>SysTick_Config</STRONG> (Thumb, 32 bytes, Stack size 8 bytes, mcu.o(.text.SysTick_Config))
<BR><BR>[Stack]<UL><LI>Max Depth = 8<LI>Call Chain = SysTick_Config
</UL>
<BR>[Calls]<UL><LI><a href="#[165]">&gt;&gt;</a>&nbsp;&nbsp;&nbsp;__NVIC_SetPriority
</UL>
<BR>[Called By]<UL><LI><a href="#[131]">&gt;&gt;</a>&nbsp;&nbsp;&nbsp;McuDrvInit
</UL>

<P><STRONG><a name="[165]"></a>__NVIC_SetPriority</STRONG> (Thumb, 24 bytes, Stack size 0 bytes, mcu.o(.text.__NVIC_SetPriority))
<BR><BR>[Called By]<UL><LI><a href="#[132]">&gt;&gt;</a>&nbsp;&nbsp;&nbsp;SysTick_Config
</UL>

<P><STRONG><a name="[e6]"></a>FullCharge_CEDV</STRONG> (Thumb, 232 bytes, Stack size 16 bytes, mode.o(.text.FullCharge_CEDV))
<BR><BR>[Stack]<UL><LI>Max Depth = 36<LI>Call Chain = FullCharge_CEDV &rArr; __aeabi_i2f &rArr; _float_epilogue
</UL>
<BR>[Calls]<UL><LI><a href="#[43]">&gt;&gt;</a>&nbsp;&nbsp;&nbsp;__aeabi_i2f
<LI><a href="#[7c]">&gt;&gt;</a>&nbsp;&nbsp;&nbsp;__aeabi_fcmplt
</UL>
<BR>[Called By]<UL><LI><a href="#[e7]">&gt;&gt;</a>&nbsp;&nbsp;&nbsp;FullCharge_Chk_CEDV
</UL>

<P><STRONG><a name="[2a]"></a>_GLOBAL__sub_I_modules_sha1.c</STRONG> (Thumb, 8 bytes, Stack size 8 bytes, modules_sha1.o(.text._GLOBAL__sub_I_modules_sha1.c))
<BR><BR>[Stack]<UL><LI>Max Depth = 8<LI>Call Chain = _GLOBAL__sub_I_modules_sha1.c
</UL>
<BR>[Calls]<UL><LI><a href="#[16b]">&gt;&gt;</a>&nbsp;&nbsp;&nbsp;__cxx_global_var_init
</UL>
<BR>[Address Reference Count : 1]<UL><LI> modules_sha1.o(.init_array)
</UL>
<P><STRONG><a name="[16b]"></a>__cxx_global_var_init</STRONG> (Thumb, 40 bytes, Stack size 0 bytes, modules_sha1.o(.text.__cxx_global_var_init))
<BR><BR>[Called By]<UL><LI><a href="#[2a]">&gt;&gt;</a>&nbsp;&nbsp;&nbsp;_GLOBAL__sub_I_modules_sha1.c
</UL>

<P><STRONG><a name="[12f]"></a>ManufMACShutdown</STRONG> (Thumb, 232 bytes, Stack size 24 bytes, power_modes.o(.text.ManufMACShutdown))
<BR><BR>[Stack]<UL><LI>Max Depth = 168<LI>Call Chain = ManufMACShutdown &rArr; shutdown_enter &rArr; afe_enter_shutdown &rArr; afe_read_data &rArr; spi_transimit_data
</UL>
<BR>[Calls]<UL><LI><a href="#[130]">&gt;&gt;</a>&nbsp;&nbsp;&nbsp;shutdown_enter
<LI><a href="#[51]">&gt;&gt;</a>&nbsp;&nbsp;&nbsp;__aeabi_uidiv
</UL>
<BR>[Called By]<UL><LI><a href="#[144]">&gt;&gt;</a>&nbsp;&nbsp;&nbsp;ShutdownMode
</UL>

<P><STRONG><a name="[154]"></a>TimeBasedShutdown</STRONG> (Thumb, 112 bytes, Stack size 8 bytes, power_modes.o(.text.TimeBasedShutdown))
<BR><BR>[Stack]<UL><LI>Max Depth = 152<LI>Call Chain = TimeBasedShutdown &rArr; shutdown_enter &rArr; afe_enter_shutdown &rArr; afe_read_data &rArr; spi_transimit_data
</UL>
<BR>[Calls]<UL><LI><a href="#[130]">&gt;&gt;</a>&nbsp;&nbsp;&nbsp;shutdown_enter
</UL>
<BR>[Called By]<UL><LI><a href="#[144]">&gt;&gt;</a>&nbsp;&nbsp;&nbsp;ShutdownMode
</UL>

<P><STRONG><a name="[153]"></a>VoltageShutdownMode</STRONG> (Thumb, 212 bytes, Stack size 16 bytes, power_modes.o(.text.VoltageShutdownMode))
<BR><BR>[Stack]<UL><LI>Max Depth = 160<LI>Call Chain = VoltageShutdownMode &rArr; shutdown_enter &rArr; afe_enter_shutdown &rArr; afe_read_data &rArr; spi_transimit_data
</UL>
<BR>[Calls]<UL><LI><a href="#[130]">&gt;&gt;</a>&nbsp;&nbsp;&nbsp;shutdown_enter
<LI><a href="#[51]">&gt;&gt;</a>&nbsp;&nbsp;&nbsp;__aeabi_uidiv
</UL>
<BR>[Called By]<UL><LI><a href="#[144]">&gt;&gt;</a>&nbsp;&nbsp;&nbsp;ShutdownMode
</UL>

<P><STRONG><a name="[2b]"></a>_GLOBAL__sub_I_smbus_protocol.c</STRONG> (Thumb, 8 bytes, Stack size 8 bytes, smbus_protocol.o(.text._GLOBAL__sub_I_smbus_protocol.c))
<BR><BR>[Stack]<UL><LI>Max Depth = 636<LI>Call Chain = _GLOBAL__sub_I_smbus_protocol.c &rArr; __cxx_global_var_init
</UL>
<BR>[Calls]<UL><LI><a href="#[16c]">&gt;&gt;</a>&nbsp;&nbsp;&nbsp;__cxx_global_var_init
</UL>
<BR>[Address Reference Count : 1]<UL><LI> smbus_protocol.o(.init_array)
</UL>
<P><STRONG><a name="[15f]"></a>__NVIC_SystemReset</STRONG> (Thumb, 28 bytes, Stack size 0 bytes, smbus_protocol.o(.text.__NVIC_SystemReset))
<BR><BR>[Called By]<UL><LI><a href="#[158]">&gt;&gt;</a>&nbsp;&nbsp;&nbsp;SmbusMACWriteInstruction
<LI><a href="#[15e]">&gt;&gt;</a>&nbsp;&nbsp;&nbsp;Soft_Reset
</UL>

<P><STRONG><a name="[16c]"></a>__cxx_global_var_init</STRONG> (Thumb, 3156 bytes, Stack size 628 bytes, smbus_protocol.o(.text.__cxx_global_var_init))
<BR><BR>[Stack]<UL><LI>Max Depth = 628<LI>Call Chain = __cxx_global_var_init
</UL>
<BR>[Called By]<UL><LI><a href="#[2b]">&gt;&gt;</a>&nbsp;&nbsp;&nbsp;_GLOBAL__sub_I_smbus_protocol.c
</UL>

<P><STRONG><a name="[102]"></a>i2c_gpio_init</STRONG> (Thumb, 56 bytes, Stack size 16 bytes, smbus_protocol.o(.text.i2c_gpio_init))
<BR><BR>[Stack]<UL><LI>Max Depth = 52<LI>Call Chain = i2c_gpio_init &rArr; gpio_mode_set
</UL>
<BR>[Calls]<UL><LI><a href="#[197]">&gt;&gt;</a>&nbsp;&nbsp;&nbsp;rcu_ahb_clock_enable
<LI><a href="#[19c]">&gt;&gt;</a>&nbsp;&nbsp;&nbsp;gpio_mode_set
<LI><a href="#[101]">&gt;&gt;</a>&nbsp;&nbsp;&nbsp;rcu_apb1_clock_enable
<LI><a href="#[1cd]">&gt;&gt;</a>&nbsp;&nbsp;&nbsp;gpio_mf_config
</UL>
<BR>[Called By]<UL><LI><a href="#[fe]">&gt;&gt;</a>&nbsp;&nbsp;&nbsp;I2C_init
</UL>

<P><STRONG><a name="[103]"></a>i2c_salve_init</STRONG> (Thumb, 148 bytes, Stack size 48 bytes, smbus_protocol.o(.text.i2c_salve_init))
<BR><BR>[Stack]<UL><LI>Max Depth = 64<LI>Call Chain = i2c_salve_init &rArr; nvic_init
</UL>
<BR>[Calls]<UL><LI><a href="#[19b]">&gt;&gt;</a>&nbsp;&nbsp;&nbsp;nvic_init
<LI><a href="#[1ce]">&gt;&gt;</a>&nbsp;&nbsp;&nbsp;i2c_init
</UL>
<BR>[Called By]<UL><LI><a href="#[fe]">&gt;&gt;</a>&nbsp;&nbsp;&nbsp;I2C_init
</UL>

<P><STRONG><a name="[1ff]"></a>_printf_core</STRONG> (Thumb, 1020 bytes, Stack size 104 bytes, printf8.o(i._printf_core), UNUSED)
<BR><BR>[Calls]<UL><LI><a href="#[4b]">&gt;&gt;</a>&nbsp;&nbsp;&nbsp;__aeabi_uldivmod
<LI><a href="#[200]">&gt;&gt;</a>&nbsp;&nbsp;&nbsp;_printf_pre_padding
<LI><a href="#[201]">&gt;&gt;</a>&nbsp;&nbsp;&nbsp;_printf_post_padding
</UL>
<BR>[Called By]<UL><LI><a href="#[1fe]">&gt;&gt;</a>&nbsp;&nbsp;&nbsp;__0printf$8
</UL>

<P><STRONG><a name="[201]"></a>_printf_post_padding</STRONG> (Thumb, 32 bytes, Stack size 24 bytes, printf8.o(i._printf_post_padding), UNUSED)
<BR><BR>[Called By]<UL><LI><a href="#[1ff]">&gt;&gt;</a>&nbsp;&nbsp;&nbsp;_printf_core
</UL>

<P><STRONG><a name="[200]"></a>_printf_pre_padding</STRONG> (Thumb, 44 bytes, Stack size 40 bytes, printf8.o(i._printf_pre_padding), UNUSED)
<BR><BR>[Called By]<UL><LI><a href="#[1ff]">&gt;&gt;</a>&nbsp;&nbsp;&nbsp;_printf_core
</UL>
<P>
<H3>
Undefined Global Symbols
</H3><HR></body></html>
